  /home/invest/.rvm/gems/ruby-1.9.3-p551/bin/ruby_executable_hooks:15:in `eval'
  /home/invest/.rvm/gems/ruby-1.9.3-p551/bin/ruby_executable_hooks:15:in `<main>'


I, [2015-08-06T10:06:02.149236 #21398]  INFO -- : Started GET "/devise/users/sign_in" for 66.249.81.154 at 2015-08-06 10:06:02 +0300
I, [2015-08-06T10:06:02.154077 #21398]  INFO -- : Processing by Devise::SessionsController#new as HTML
I, [2015-08-06T10:06:02.258406 #21398]  INFO -- :   Rendered devise/sessions/new.html.haml within layouts/application (98.1ms)
I, [2015-08-06T10:06:02.275612 #21398]  INFO -- : Completed 200 OK in 121ms (Views: 116.4ms | ActiveRecord: 0.0ms)
I, [2015-08-07T01:05:42.964999 #21395]  INFO -- : Started GET "/" for 104.236.122.149 at 2015-08-07 01:05:42 +0300
I, [2015-08-07T01:05:42.967558 #21395]  INFO -- : Processing by ProjectsController#index as HTML
I, [2015-08-07T01:05:42.969570 #21395]  INFO -- : Completed 401 Unauthorized in 2ms
I, [2015-08-07T01:05:45.288733 #21389]  INFO -- : Started GET "/devise/users/sign_in" for 104.236.122.149 at 2015-08-07 01:05:45 +0300
I, [2015-08-07T01:05:45.294090 #21389]  INFO -- : Processing by Devise::SessionsController#new as HTML
I, [2015-08-07T01:05:45.320339 #21389]  INFO -- :   Rendered devise/sessions/new.html.haml within layouts/application (19.1ms)
I, [2015-08-07T01:05:45.351575 #21389]  INFO -- : Completed 200 OK in 57ms (Views: 51.6ms | ActiveRecord: 0.0ms)
I, [2015-08-10T08:06:14.435071 #21395]  INFO -- : Started GET "/devise/users/sign_in" for 66.249.81.158 at 2015-08-10 08:06:14 +0300
I, [2015-08-10T08:06:14.439241 #21395]  INFO -- : Processing by Devise::SessionsController#new as HTML
I, [2015-08-10T08:06:14.459253 #21395]  INFO -- :   Rendered devise/sessions/new.html.haml within layouts/application (13.7ms)
I, [2015-08-10T08:06:14.494232 #21395]  INFO -- : Completed 200 OK in 55ms (Views: 49.7ms | ActiveRecord: 0.0ms)
I, [2015-08-10T08:07:47.510435 #21389]  INFO -- : Started GET "/devise/users/sign_in" for 195.34.233.167 at 2015-08-10 08:07:47 +0300
I, [2015-08-10T08:07:47.514520 #21389]  INFO -- : Processing by Devise::SessionsController#new as HTML
I, [2015-08-10T08:07:47.532619 #21389]  INFO -- :   Rendered devise/sessions/new.html.haml within layouts/application (12.5ms)
I, [2015-08-10T08:07:47.564251 #21389]  INFO -- : Completed 200 OK in 49ms (Views: 45.0ms | ActiveRecord: 0.0ms)
I, [2015-08-10T08:07:49.741045 #21395]  INFO -- : Started POST "/devise/users/sign_in" for 195.34.233.167 at 2015-08-10 08:07:49 +0300
I, [2015-08-10T08:07:49.742939 #21395]  INFO -- : Processing by Devise::SessionsController#create as HTML
I, [2015-08-10T08:07:49.743031 #21395]  INFO -- :   Parameters: {"utf8"=>"✓", "authenticity_token"=>"5Y/loINF2pfBy8tUmGkkAgOzDLoIQb2jeI1wVxh8v/I=", "user"=>{"email"=>"invest@admlr.lipetsk.ru", "password"=>"[FILTERED]", "remember_me"=>"0"}, "commit"=>"Войти"}
I, [2015-08-10T08:07:49.862013 #21395]  INFO -- : Redirected to http://mapadmin.invest-lipetsk.com/
I, [2015-08-10T08:07:49.862204 #21395]  INFO -- : Completed 302 Found in 119ms (ActiveRecord: 5.6ms)
I, [2015-08-10T08:07:49.884542 #21395]  INFO -- : Started GET "/" for 195.34.233.167 at 2015-08-10 08:07:49 +0300
I, [2015-08-10T08:07:49.886259 #21395]  INFO -- : Processing by ProjectsController#index as HTML
I, [2015-08-10T08:07:50.066251 #21395]  INFO -- :   Rendered information/base/_list.haml (170.3ms)
I, [2015-08-10T08:07:50.066543 #21395]  INFO -- :   Rendered information/base/index.haml within layouts/application (174.6ms)
I, [2015-08-10T08:07:50.081762 #21395]  INFO -- : Completed 200 OK in 195ms (Views: 177.7ms | ActiveRecord: 13.7ms)
I, [2015-08-10T14:57:23.903200 #21389]  INFO -- : Started GET "/" for 66.249.78.42 at 2015-08-10 14:57:23 +0300
I, [2015-08-10T14:57:23.905939 #21389]  INFO -- : Processing by ProjectsController#index as HTML
I, [2015-08-10T14:57:23.908229 #21389]  INFO -- : Completed 401 Unauthorized in 2ms
I, [2015-08-10T14:57:24.840460 #21392]  INFO -- : Started GET "/devise/users/sign_in" for 66.249.78.42 at 2015-08-10 14:57:24 +0300
I, [2015-08-10T14:57:24.842846 #21392]  INFO -- : Processing by Devise::SessionsController#new as HTML
I, [2015-08-10T14:57:24.857813 #21392]  INFO -- :   Rendered devise/sessions/new.html.haml within layouts/application (11.2ms)
I, [2015-08-10T14:57:24.877805 #21392]  INFO -- : Completed 200 OK in 35ms (Views: 31.8ms | ActiveRecord: 0.0ms)
I, [2015-08-11T08:27:19.169025 #21392]  INFO -- : Started GET "/devise/users/sign_in" for 66.249.81.158 at 2015-08-11 08:27:19 +0300
I, [2015-08-11T08:27:19.173788 #21392]  INFO -- : Processing by Devise::SessionsController#new as HTML
I, [2015-08-11T08:27:19.194745 #21392]  INFO -- :   Rendered devise/sessions/new.html.haml within layouts/application (13.2ms)
I, [2015-08-11T08:27:19.326617 #21392]  INFO -- : Completed 200 OK in 152ms (Views: 146.6ms | ActiveRecord: 0.0ms)
I, [2015-08-12T09:18:54.667894 #21392]  INFO -- : Started GET "/devise/users/sign_in" for 66.249.81.150 at 2015-08-12 09:18:54 +0300
I, [2015-08-12T09:18:54.674916 #21392]  INFO -- : Processing by Devise::SessionsController#new as HTML
I, [2015-08-12T09:18:54.702582 #21392]  INFO -- :   Rendered devise/sessions/new.html.haml within layouts/application (17.4ms)
I, [2015-08-12T09:18:54.759651 #21392]  INFO -- : Completed 200 OK in 84ms (Views: 76.1ms | ActiveRecord: 0.0ms)
I, [2015-08-13T14:34:27.486006 #21389]  INFO -- : Started GET "/" for 66.249.78.42 at 2015-08-13 14:34:27 +0300
I, [2015-08-13T14:34:27.490118 #21389]  INFO -- : Processing by ProjectsController#index as HTML
I, [2015-08-13T14:34:27.493957 #21389]  INFO -- : Completed 401 Unauthorized in 3ms
I, [2015-08-13T14:34:28.587865 #21398]  INFO -- : Started GET "/devise/users/sign_in" for 66.249.75.62 at 2015-08-13 14:34:28 +0300
I, [2015-08-13T14:34:28.590444 #21398]  INFO -- : Processing by Devise::SessionsController#new as HTML
I, [2015-08-13T14:34:28.687074 #21398]  INFO -- :   Rendered devise/sessions/new.html.haml within layouts/application (92.3ms)
I, [2015-08-13T14:34:28.712417 #21398]  INFO -- : Completed 200 OK in 122ms (Views: 118.5ms | ActiveRecord: 0.0ms)
I, [2015-08-14T08:59:50.353346 #21389]  INFO -- : Started GET "/devise/users/sign_in" for 66.249.81.158 at 2015-08-14 08:59:50 +0300
I, [2015-08-14T08:59:50.356331 #21389]  INFO -- : Processing by Devise::SessionsController#new as HTML
I, [2015-08-14T08:59:50.370927 #21389]  INFO -- :   Rendered devise/sessions/new.html.haml within layouts/application (9.3ms)
I, [2015-08-14T08:59:50.398386 #21389]  INFO -- : Completed 200 OK in 42ms (Views: 37.6ms | ActiveRecord: 0.0ms)
I, [2015-08-15T08:00:43.343581 #21392]  INFO -- : Started GET "/clusters?locale=ru" for 217.69.133.85 at 2015-08-15 08:00:43 +0300
I, [2015-08-15T08:00:43.358508 #21392]  INFO -- : Processing by ClustersController#index as */*
I, [2015-08-15T08:00:43.358759 #21392]  INFO -- :   Parameters: {"locale"=>"ru"}
I, [2015-08-15T08:00:43.362724 #21392]  INFO -- : Completed 401 Unauthorized in 4ms
I, [2015-08-15T08:00:44.407662 #21389]  INFO -- : Started GET "/devise/users/sign_in" for 217.69.133.217 at 2015-08-15 08:00:44 +0300
I, [2015-08-15T08:00:44.412184 #21389]  INFO -- : Processing by Devise::SessionsController#new as */*
I, [2015-08-15T08:00:44.433722 #21389]  INFO -- :   Rendered devise/sessions/new.html.haml within layouts/application (14.9ms)
I, [2015-08-15T08:00:44.465541 #21389]  INFO -- : Completed 200 OK in 53ms (Views: 47.8ms | ActiveRecord: 0.0ms)
I, [2015-08-15T21:56:42.287548 #21395]  INFO -- : Started GET "/platforms?locale=ru" for 217.69.133.217 at 2015-08-15 21:56:42 +0300
I, [2015-08-15T21:56:42.296663 #21395]  INFO -- : Processing by PlatformsController#index as */*
I, [2015-08-15T21:56:42.297002 #21395]  INFO -- :   Parameters: {"locale"=>"ru"}
I, [2015-08-15T21:56:42.301616 #21395]  INFO -- : Completed 401 Unauthorized in 4ms
I, [2015-08-15T21:56:43.354874 #21398]  INFO -- : Started GET "/devise/users/sign_in" for 217.69.133.218 at 2015-08-15 21:56:43 +0300
I, [2015-08-15T21:56:43.358209 #21398]  INFO -- : Processing by Devise::SessionsController#new as */*
I, [2015-08-15T21:56:43.380075 #21398]  INFO -- :   Rendered devise/sessions/new.html.haml within layouts/application (16.5ms)
I, [2015-08-15T21:56:43.397482 #21398]  INFO -- : Completed 200 OK in 39ms (Views: 34.7ms | ActiveRecord: 0.0ms)
I, [2015-08-17T03:37:38.553338 #21395]  INFO -- : Started GET "/" for 66.249.67.57 at 2015-08-17 03:37:38 +0300
I, [2015-08-17T03:37:38.558222 #21395]  INFO -- : Processing by ProjectsController#index as HTML
I, [2015-08-17T03:37:38.563230 #21395]  INFO -- : Completed 401 Unauthorized in 5ms
I, [2015-08-17T03:37:38.952556 #21398]  INFO -- : Started GET "/devise/users/sign_in" for 66.249.67.57 at 2015-08-17 03:37:38 +0300
I, [2015-08-17T03:37:38.956697 #21398]  INFO -- : Processing by Devise::SessionsController#new as HTML
I, [2015-08-17T03:37:38.976814 #21398]  INFO -- :   Rendered devise/sessions/new.html.haml within layouts/application (13.9ms)
I, [2015-08-17T03:37:39.009700 #21398]  INFO -- : Completed 200 OK in 53ms (Views: 47.8ms | ActiveRecord: 0.0ms)
I, [2015-08-20T11:30:39.087397 #21398]  INFO -- : Started GET "/devise/users/sign_in" for 66.249.81.154 at 2015-08-20 11:30:39 +0300
I, [2015-08-20T11:30:39.092171 #21398]  INFO -- : Processing by Devise::SessionsController#new as HTML
I, [2015-08-20T11:30:39.113757 #21398]  INFO -- :   Rendered devise/sessions/new.html.haml within layouts/application (16.1ms)
I, [2015-08-20T11:30:39.141478 #21398]  INFO -- : Completed 200 OK in 49ms (Views: 44.9ms | ActiveRecord: 0.0ms)
I, [2015-08-21T05:42:00.116235 #21395]  INFO -- : Started GET "/" for 66.249.65.184 at 2015-08-21 05:42:00 +0300
I, [2015-08-21T05:42:00.119357 #21395]  INFO -- : Processing by ProjectsController#index as HTML
I, [2015-08-21T05:42:00.122817 #21395]  INFO -- : Completed 401 Unauthorized in 3ms
I, [2015-08-21T05:42:00.525364 #21395]  INFO -- : Started GET "/devise/users/sign_in" for 66.249.65.177 at 2015-08-21 05:42:00 +0300
I, [2015-08-21T05:42:00.527697 #21395]  INFO -- : Processing by Devise::SessionsController#new as HTML
I, [2015-08-21T05:42:00.541401 #21395]  INFO -- :   Rendered devise/sessions/new.html.haml within layouts/application (8.0ms)
I, [2015-08-21T05:42:00.559890 #21395]  INFO -- : Completed 200 OK in 32ms (Views: 27.5ms | ActiveRecord: 0.0ms)
I, [2015-08-23T18:44:56.226415 #21389]  INFO -- : Started GET "/" for 66.249.78.42 at 2015-08-23 18:44:56 +0300
I, [2015-08-23T18:44:56.231159 #21389]  INFO -- : Processing by ProjectsController#index as HTML
I, [2015-08-23T18:44:56.235973 #21389]  INFO -- : Completed 401 Unauthorized in 5ms
I, [2015-08-23T18:44:57.217805 #21395]  INFO -- : Started GET "/devise/users/sign_in" for 66.249.78.56 at 2015-08-23 18:44:57 +0300
I, [2015-08-23T18:44:57.221936 #21395]  INFO -- : Processing by Devise::SessionsController#new as HTML
I, [2015-08-23T18:44:57.244843 #21395]  INFO -- :   Rendered devise/sessions/new.html.haml within layouts/application (16.8ms)
I, [2015-08-23T18:44:57.275801 #21395]  INFO -- : Completed 200 OK in 54ms (Views: 48.8ms | ActiveRecord: 0.0ms)
I, [2015-08-24T10:45:19.485312 #21392]  INFO -- : Started GET "/devise/users/sign_in" for 66.249.81.154 at 2015-08-24 10:45:19 +0300
I, [2015-08-24T10:45:19.490376 #21392]  INFO -- : Processing by Devise::SessionsController#new as HTML
I, [2015-08-24T10:45:19.514367 #21392]  INFO -- :   Rendered devise/sessions/new.html.haml within layouts/application (17.8ms)
I, [2015-08-24T10:45:19.533089 #21392]  INFO -- : Completed 200 OK in 42ms (Views: 37.6ms | ActiveRecord: 0.0ms)
I, [2015-08-25T03:15:23.914706 #21389]  INFO -- : Started GET "/" for 66.249.78.42 at 2015-08-25 03:15:23 +0300
I, [2015-08-25T03:15:23.917090 #21389]  INFO -- : Processing by ProjectsController#index as HTML
I, [2015-08-25T03:15:23.919315 #21389]  INFO -- : Completed 401 Unauthorized in 2ms
I, [2015-08-25T03:15:24.323976 #21389]  INFO -- : Started GET "/devise/users/sign_in" for 66.249.78.49 at 2015-08-25 03:15:24 +0300
I, [2015-08-25T03:15:24.325549 #21389]  INFO -- : Processing by Devise::SessionsController#new as HTML
I, [2015-08-25T03:15:24.336730 #21389]  INFO -- :   Rendered devise/sessions/new.html.haml within layouts/application (7.4ms)
I, [2015-08-25T03:15:24.358693 #21389]  INFO -- : Completed 200 OK in 33ms (Views: 30.1ms | ActiveRecord: 0.0ms)
I, [2015-08-26T11:45:41.056344 #21395]  INFO -- : Started GET "/devise/users/sign_in" for 66.249.81.150 at 2015-08-26 11:45:41 +0300
I, [2015-08-26T11:45:41.058795 #21395]  INFO -- : Processing by Devise::SessionsController#new as HTML
I, [2015-08-26T11:45:41.071277 #21395]  INFO -- :   Rendered devise/sessions/new.html.haml within layouts/application (8.9ms)
I, [2015-08-26T11:45:41.086991 #21395]  INFO -- : Completed 200 OK in 28ms (Views: 25.4ms | ActiveRecord: 0.0ms)
I, [2015-08-28T08:36:24.229504 #21398]  INFO -- : Started GET "/devise/users/sign_in" for 66.249.81.154 at 2015-08-28 08:36:24 +0300
I, [2015-08-28T08:36:24.234826 #21398]  INFO -- : Processing by Devise::SessionsController#new as HTML
I, [2015-08-28T08:36:24.259153 #21398]  INFO -- :   Rendered devise/sessions/new.html.haml within layouts/application (17.3ms)
I, [2015-08-28T08:36:24.294475 #21398]  INFO -- : Completed 200 OK in 59ms (Views: 53.9ms | ActiveRecord: 0.0ms)
I, [2015-09-02T15:50:21.437334 #2410]  INFO -- : Started GET "/" for 66.249.65.184 at 2015-09-02 15:50:21 +0300
I, [2015-09-02T15:50:21.622233 #2410]  INFO -- : Processing by ProjectsController#index as HTML
I, [2015-09-02T15:50:21.635889 #2410]  INFO -- : Completed 401 Unauthorized in 13ms
I, [2015-09-02T15:50:22.419553 #2410]  INFO -- : Started GET "/devise/users/sign_in" for 66.249.65.191 at 2015-09-02 15:50:22 +0300
I, [2015-09-02T15:50:22.426927 #2410]  INFO -- : Processing by Devise::SessionsController#new as HTML
I, [2015-09-02T15:50:22.720031 #2410]  INFO -- :   Rendered devise/sessions/new.html.haml within layouts/application (164.7ms)
I, [2015-09-02T15:50:22.742848 #2410]  INFO -- : Completed 200 OK in 316ms (Views: 200.2ms | ActiveRecord: 12.1ms)
I, [2015-09-03T06:12:48.152258 #2404]  INFO -- : Started GET "/" for 66.249.78.42 at 2015-09-03 06:12:48 +0300
I, [2015-09-03T06:12:48.412825 #2404]  INFO -- : Processing by ProjectsController#index as HTML
I, [2015-09-03T06:12:48.439796 #2404]  INFO -- : Completed 401 Unauthorized in 26ms
I, [2015-09-03T06:12:49.932783 #2404]  INFO -- : Started GET "/devise/users/sign_in" for 66.249.78.49 at 2015-09-03 06:12:49 +0300
I, [2015-09-03T06:12:49.940554 #2404]  INFO -- : Processing by Devise::SessionsController#new as HTML
I, [2015-09-03T06:12:50.197042 #2404]  INFO -- :   Rendered devise/sessions/new.html.haml within layouts/application (79.4ms)
I, [2015-09-03T06:12:50.218302 #2404]  INFO -- : Completed 200 OK in 278ms (Views: 105.1ms | ActiveRecord: 7.8ms)
I, [2015-09-04T15:39:49.332865 #2413]  INFO -- : Started GET "/projects/149.pdf?attributes[]=territory_description&attributes[]=availability_of_raw&attributes[]=planned_production&attributes[]=consumer_market_description&attributes[]=readiness&attributes[]=financial_evaluation&attributes[]=key_performance_indicators&attributes[]=social_significance&attributes[]=investment_return_forms&attributes[]=additional_info&attributes[]=territory&attributes[]=company_id&attributes[]=economic_activity_code&attributes[]=common_price&attributes[]=own_investments&attributes[]=required_investments&attributes[]=npv&attributes[]=irr&attributes[]=pi&attributes[]=payback_period&attributes[]=jobs&attributes[]=budget_efficiency&attributes[]=project_type_id&attributes[]=remote_code&attributes[]=municipality_id" for 95.37.82.114 at 2015-09-04 15:39:49 +0300
I, [2015-09-04T15:39:49.620483 #2413]  INFO -- : Processing by ProjectsController#show as PDF
I, [2015-09-04T15:39:49.620810 #2413]  INFO -- :   Parameters: {"attributes"=>["territory_description", "availability_of_raw", "planned_production", "consumer_market_description", "readiness", "financial_evaluation", "key_performance_indicators", "social_significance", "investment_return_forms", "additional_info", "territory", "company_id", "economic_activity_code", "common_price", "own_investments", "required_investments", "npv", "irr", "pi", "payback_period", "jobs", "budget_efficiency", "project_type_id", "remote_code", "municipality_id"], "id"=>"149"}
I, [2015-09-04T15:39:50.509170 #2413]  INFO -- :   Rendered information/base/show.html.haml within layouts/pdf (587.9ms)
I, [2015-09-04T15:39:50.599295 #2413]  INFO -- : Redirected to http://mapadmin.invest-lipetsk.com/pdf/platform_149.pdf
I, [2015-09-04T15:39:50.600301 #2413]  INFO -- : Completed 302 Found in 979ms (ActiveRecord: 60.1ms)
I, [2015-09-04T16:14:23.768392 #2410]  INFO -- : Started GET "/projects/4.pdf?attributes[]=territory_description&attributes[]=availability_of_raw&attributes[]=planned_production&attributes[]=consumer_market_description&attributes[]=readiness&attributes[]=financial_evaluation&attributes[]=key_performance_indicators&attributes[]=social_significance&attributes[]=investment_return_forms&attributes[]=additional_info&attributes[]=territory&attributes[]=company_id&attributes[]=economic_activity_code&attributes[]=common_price&attributes[]=own_investments&attributes[]=required_investments&attributes[]=npv&attributes[]=irr&attributes[]=pi&attributes[]=payback_period&attributes[]=jobs&attributes[]=budget_efficiency&attributes[]=project_type_id&attributes[]=remote_code&attributes[]=municipality_id" for 95.37.82.114 at 2015-09-04 16:14:23 +0300
I, [2015-09-04T16:14:23.780951 #2410]  INFO -- : Processing by ProjectsController#show as PDF
I, [2015-09-04T16:14:23.781152 #2410]  INFO -- :   Parameters: {"attributes"=>["territory_description", "availability_of_raw", "planned_production", "consumer_market_description", "readiness", "financial_evaluation", "key_performance_indicators", "social_significance", "investment_return_forms", "additional_info", "territory", "company_id", "economic_activity_code", "common_price", "own_investments", "required_investments", "npv", "irr", "pi", "payback_period", "jobs", "budget_efficiency", "project_type_id", "remote_code", "municipality_id"], "id"=>"4"}
I, [2015-09-04T16:14:24.272668 #2410]  INFO -- :   Rendered information/base/show.html.haml within layouts/pdf (264.2ms)
I, [2015-09-04T16:14:24.352191 #2410]  INFO -- : Redirected to http://mapadmin.invest-lipetsk.com/pdf/platform_4.pdf
I, [2015-09-04T16:14:24.352897 #2410]  INFO -- : Completed 302 Found in 571ms (ActiveRecord: 73.0ms)
I, [2015-09-04T16:17:59.090494 #2413]  INFO -- : Started GET "/projects/6.pdf?attributes[]=territory_description&attributes[]=availability_of_raw&attributes[]=planned_production&attributes[]=consumer_market_description&attributes[]=readiness&attributes[]=financial_evaluation&attributes[]=key_performance_indicators&attributes[]=social_significance&attributes[]=investment_return_forms&attributes[]=additional_info&attributes[]=territory&attributes[]=company_id&attributes[]=economic_activity_code&attributes[]=common_price&attributes[]=own_investments&attributes[]=required_investments&attributes[]=npv&attributes[]=irr&attributes[]=pi&attributes[]=payback_period&attributes[]=jobs&attributes[]=budget_efficiency&attributes[]=project_type_id&attributes[]=remote_code&attributes[]=municipality_id" for 95.37.82.114 at 2015-09-04 16:17:59 +0300
I, [2015-09-04T16:17:59.100800 #2413]  INFO -- : Processing by ProjectsController#show as PDF
I, [2015-09-04T16:17:59.101013 #2413]  INFO -- :   Parameters: {"attributes"=>["territory_description", "availability_of_raw", "planned_production", "consumer_market_description", "readiness", "financial_evaluation", "key_performance_indicators", "social_significance", "investment_return_forms", "additional_info", "territory", "company_id", "economic_activity_code", "common_price", "own_investments", "required_investments", "npv", "irr", "pi", "payback_period", "jobs", "budget_efficiency", "project_type_id", "remote_code", "municipality_id"], "id"=>"6"}
I, [2015-09-04T16:17:59.136837 #2413]  INFO -- :   Rendered information/base/show.html.haml within layouts/pdf (26.4ms)
I, [2015-09-04T16:17:59.222445 #2413]  INFO -- : Redirected to http://mapadmin.invest-lipetsk.com/pdf/platform_6.pdf
I, [2015-09-04T16:17:59.223140 #2413]  INFO -- : Completed 302 Found in 122ms (ActiveRecord: 4.0ms)
I, [2015-09-04T16:19:02.040457 #2410]  INFO -- : Started GET "/projects/558.pdf?attributes[]=territory_description&attributes[]=availability_of_raw&attributes[]=planned_production&attributes[]=consumer_market_description&attributes[]=readiness&attributes[]=financial_evaluation&attributes[]=key_performance_indicators&attributes[]=social_significance&attributes[]=investment_return_forms&attributes[]=additional_info&attributes[]=territory&attributes[]=company_id&attributes[]=economic_activity_code&attributes[]=common_price&attributes[]=own_investments&attributes[]=required_investments&attributes[]=npv&attributes[]=irr&attributes[]=pi&attributes[]=payback_period&attributes[]=jobs&attributes[]=budget_efficiency&attributes[]=project_type_id&attributes[]=remote_code&attributes[]=municipality_id" for 95.37.82.114 at 2015-09-04 16:19:02 +0300
I, [2015-09-04T16:19:02.045491 #2410]  INFO -- : Processing by ProjectsController#show as PDF
I, [2015-09-04T16:19:02.045761 #2410]  INFO -- :   Parameters: {"attributes"=>["territory_description", "availability_of_raw", "planned_production", "consumer_market_description", "readiness", "financial_evaluation", "key_performance_indicators", "social_significance", "investment_return_forms", "additional_info", "territory", "company_id", "economic_activity_code", "common_price", "own_investments", "required_investments", "npv", "irr", "pi", "payback_period", "jobs", "budget_efficiency", "project_type_id", "remote_code", "municipality_id"], "id"=>"558"}
I, [2015-09-04T16:19:02.092759 #2410]  INFO -- :   Rendered information/base/show.html.haml within layouts/pdf (32.9ms)
I, [2015-09-04T16:19:02.152827 #2410]  INFO -- : Redirected to http://mapadmin.invest-lipetsk.com/pdf/platform_558.pdf
I, [2015-09-04T16:19:02.153331 #2410]  INFO -- : Completed 302 Found in 107ms (ActiveRecord: 10.0ms)
I, [2015-09-08T22:41:43.030767 #2404]  INFO -- : Started GET "/" for 45.55.50.242 at 2015-09-08 22:41:43 +0300
I, [2015-09-08T22:41:43.044073 #2404]  INFO -- : Processing by ProjectsController#index as HTML
I, [2015-09-08T22:41:43.047457 #2404]  INFO -- : Completed 401 Unauthorized in 3ms
I, [2015-09-08T22:41:45.474707 #2407]  INFO -- : Started GET "/devise/users/sign_in" for 45.55.50.242 at 2015-09-08 22:41:45 +0300
I, [2015-09-08T22:41:45.734624 #2407]  INFO -- : Processing by Devise::SessionsController#new as HTML
I, [2015-09-08T22:41:46.314090 #2407]  INFO -- :   Rendered devise/sessions/new.html.haml within layouts/application (497.8ms)
I, [2015-09-08T22:41:46.335557 #2407]  INFO -- : Completed 200 OK in 601ms (Views: 523.9ms | ActiveRecord: 7.6ms)
I, [2015-09-09T23:22:41.268816 #2413]  INFO -- : Started GET "/devise/users/sign_in?locale=ru" for 93.158.178.211 at 2015-09-09 23:22:41 +0300
I, [2015-09-09T23:22:41.282441 #2413]  INFO -- : Processing by Devise::SessionsController#new as */*
I, [2015-09-09T23:22:41.282621 #2413]  INFO -- :   Parameters: {"locale"=>"ru"}
I, [2015-09-09T23:22:41.619309 #2413]  INFO -- :   Rendered devise/sessions/new.html.haml within layouts/application (206.9ms)
I, [2015-09-09T23:22:41.657470 #2413]  INFO -- : Completed 200 OK in 375ms (Views: 253.4ms | ActiveRecord: 4.9ms)
I, [2015-09-10T22:23:06.552751 #2410]  INFO -- : Started GET "/devise/users/sign_in?locale=ru" for 93.158.178.211 at 2015-09-10 22:23:06 +0300
I, [2015-09-10T22:23:06.562735 #2410]  INFO -- : Processing by Devise::SessionsController#new as */*
I, [2015-09-10T22:23:06.562913 #2410]  INFO -- :   Parameters: {"locale"=>"ru"}
I, [2015-09-10T22:23:06.579129 #2410]  INFO -- :   Rendered devise/sessions/new.html.haml within layouts/application (10.0ms)
I, [2015-09-10T22:23:06.697444 #2410]  INFO -- : Completed 200 OK in 134ms (Views: 129.3ms | ActiveRecord: 0.0ms)
I, [2015-09-14T04:10:16.579236 #2407]  INFO -- : Started GET "/" for 66.249.65.191 at 2015-09-14 04:10:16 +0300
I, [2015-09-14T04:10:16.592545 #2407]  INFO -- : Processing by ProjectsController#index as HTML
I, [2015-09-14T04:10:16.597233 #2407]  INFO -- : Completed 401 Unauthorized in 4ms
I, [2015-09-14T04:10:17.578135 #2407]  INFO -- : Started GET "/devise/users/sign_in" for 66.249.65.184 at 2015-09-14 04:10:17 +0300
I, [2015-09-14T04:10:17.585792 #2407]  INFO -- : Processing by Devise::SessionsController#new as HTML
I, [2015-09-14T04:10:17.600749 #2407]  INFO -- :   Rendered devise/sessions/new.html.haml within layouts/application (9.7ms)
I, [2015-09-14T04:10:17.630853 #2407]  INFO -- : Completed 200 OK in 45ms (Views: 40.7ms | ActiveRecord: 0.0ms)
I, [2015-09-16T02:26:24.523681 #2413]  INFO -- : Started GET "/" for 66.249.78.56 at 2015-09-16 02:26:24 +0300
I, [2015-09-16T02:26:24.529019 #2413]  INFO -- : Processing by ProjectsController#index as HTML
I, [2015-09-16T02:26:24.532894 #2413]  INFO -- : Completed 401 Unauthorized in 4ms
I, [2015-09-16T02:26:29.989789 #2413]  INFO -- : Started GET "/devise/users/sign_in" for 66.249.64.195 at 2015-09-16 02:26:29 +0300
I, [2015-09-16T02:26:29.997691 #2413]  INFO -- : Processing by Devise::SessionsController#new as HTML
I, [2015-09-16T02:26:30.012752 #2413]  INFO -- :   Rendered devise/sessions/new.html.haml within layouts/application (9.6ms)
I, [2015-09-16T02:26:30.043263 #2413]  INFO -- : Completed 200 OK in 45ms (Views: 41.3ms | ActiveRecord: 0.0ms)
I, [2015-09-17T02:01:05.112400 #2407]  INFO -- : Started GET "/" for 188.42.240.119 at 2015-09-17 02:01:05 +0300
I, [2015-09-17T02:01:05.124705 #2407]  INFO -- : Processing by ProjectsController#index as HTML
I, [2015-09-17T02:01:05.128613 #2407]  INFO -- : Completed 401 Unauthorized in 4ms
I, [2015-09-17T02:01:05.291953 #2413]  INFO -- : Started GET "/devise/users/sign_in" for 188.42.240.119 at 2015-09-17 02:01:05 +0300
I, [2015-09-17T02:01:05.296465 #2413]  INFO -- : Processing by Devise::SessionsController#new as HTML
I, [2015-09-17T02:01:05.315902 #2413]  INFO -- :   Rendered devise/sessions/new.html.haml within layouts/application (10.1ms)
I, [2015-09-17T02:01:05.347771 #2413]  INFO -- : Completed 200 OK in 51ms (Views: 43.2ms | ActiveRecord: 0.0ms)
I, [2015-09-17T02:06:15.532407 #2404]  INFO -- : Started GET "/devise/users/infrastructure/heat_only_boiler_stations" for 188.42.240.119 at 2015-09-17 02:06:15 +0300
I, [2015-09-17T02:06:15.532527 #2413]  INFO -- : Started GET "/devise/users/infrastructure/gas_pipelines" for 188.42.240.119 at 2015-09-17 02:06:15 +0300
I, [2015-09-17T02:06:15.534737 #2407]  INFO -- : Started GET "/devise/users/directory/point_of_interest_types" for 188.42.240.119 at 2015-09-17 02:06:15 +0300
F, [2015-09-17T02:06:15.537299 #2413] FATAL -- : 
ActionController::RoutingError (No route matches [GET] "/devise/users/infrastructure/gas_pipelines"):
  actionpack (4.0.0) lib/action_dispatch/middleware/debug_exceptions.rb:21:in `call'
  actionpack (4.0.0) lib/action_dispatch/middleware/show_exceptions.rb:30:in `call'
  railties (4.0.0) lib/rails/rack/logger.rb:38:in `call_app'
  railties (4.0.0) lib/rails/rack/logger.rb:21:in `block in call'
  activesupport (4.0.0) lib/active_support/tagged_logging.rb:67:in `block in tagged'
  activesupport (4.0.0) lib/active_support/tagged_logging.rb:25:in `tagged'
  activesupport (4.0.0) lib/active_support/tagged_logging.rb:67:in `tagged'
  railties (4.0.0) lib/rails/rack/logger.rb:21:in `call'
  actionpack (4.0.0) lib/action_dispatch/middleware/request_id.rb:21:in `call'
  rack (1.5.2) lib/rack/methodoverride.rb:21:in `call'
  rack (1.5.2) lib/rack/runtime.rb:17:in `call'
  activesupport (4.0.0) lib/active_support/cache/strategy/local_cache.rb:83:in `call'
  railties (4.0.0) lib/rails/engine.rb:511:in `call'
  railties (4.0.0) lib/rails/application.rb:97:in `call'
  unicorn (4.6.3) lib/unicorn/http_server.rb:552:in `process_client'
  unicorn (4.6.3) lib/unicorn/http_server.rb:632:in `worker_loop'
  unicorn (4.6.3) lib/unicorn/http_server.rb:500:in `spawn_missing_workers'
  unicorn (4.6.3) lib/unicorn/http_server.rb:142:in `start'
  unicorn (4.6.3) bin/unicorn:126:in `<top (required)>'
  /home/invest/.rvm/gems/ruby-1.9.3-p551/bin/unicorn:23:in `load'
  /home/invest/.rvm/gems/ruby-1.9.3-p551/bin/unicorn:23:in `<main>'
  /home/invest/.rvm/gems/ruby-1.9.3-p551/bin/ruby_executable_hooks:15:in `eval'
  /home/invest/.rvm/gems/ruby-1.9.3-p551/bin/ruby_executable_hooks:15:in `<main>'


F, [2015-09-17T02:06:15.539151 #2407] FATAL -- : 
ActionController::RoutingError (No route matches [GET] "/devise/users/directory/point_of_interest_types"):
  actionpack (4.0.0) lib/action_dispatch/middleware/debug_exceptions.rb:21:in `call'
  actionpack (4.0.0) lib/action_dispatch/middleware/show_exceptions.rb:30:in `call'
  railties (4.0.0) lib/rails/rack/logger.rb:38:in `call_app'
  railties (4.0.0) lib/rails/rack/logger.rb:21:in `block in call'
  activesupport (4.0.0) lib/active_support/tagged_logging.rb:67:in `block in tagged'
  activesupport (4.0.0) lib/active_support/tagged_logging.rb:25:in `tagged'
  activesupport (4.0.0) lib/active_support/tagged_logging.rb:67:in `tagged'
  railties (4.0.0) lib/rails/rack/logger.rb:21:in `call'
  actionpack (4.0.0) lib/action_dispatch/middleware/request_id.rb:21:in `call'
  rack (1.5.2) lib/rack/methodoverride.rb:21:in `call'
  rack (1.5.2) lib/rack/runtime.rb:17:in `call'
  activesupport (4.0.0) lib/active_support/cache/strategy/local_cache.rb:83:in `call'
  railties (4.0.0) lib/rails/engine.rb:511:in `call'
  railties (4.0.0) lib/rails/application.rb:97:in `call'
  unicorn (4.6.3) lib/unicorn/http_server.rb:552:in `process_client'
  unicorn (4.6.3) lib/unicorn/http_server.rb:632:in `worker_loop'
  unicorn (4.6.3) lib/unicorn/http_server.rb:500:in `spawn_missing_workers'
  unicorn (4.6.3) lib/unicorn/http_server.rb:142:in `start'
  unicorn (4.6.3) bin/unicorn:126:in `<top (required)>'
  /home/invest/.rvm/gems/ruby-1.9.3-p551/bin/unicorn:23:in `load'
  /home/invest/.rvm/gems/ruby-1.9.3-p551/bin/unicorn:23:in `<main>'
  /home/invest/.rvm/gems/ruby-1.9.3-p551/bin/ruby_executable_hooks:15:in `eval'
  /home/invest/.rvm/gems/ruby-1.9.3-p551/bin/ruby_executable_hooks:15:in `<main>'


I, [2015-09-17T02:06:15.540626 #2410]  INFO -- : Started GET "/devise/users/directory/special_economic_zone_types" for 188.42.240.119 at 2015-09-17 02:06:15 +0300
F, [2015-09-17T02:06:15.541470 #2404] FATAL -- : 
ActionController::RoutingError (No route matches [GET] "/devise/users/infrastructure/heat_only_boiler_stations"):
  actionpack (4.0.0) lib/action_dispatch/middleware/debug_exceptions.rb:21:in `call'
  actionpack (4.0.0) lib/action_dispatch/middleware/show_exceptions.rb:30:in `call'
  railties (4.0.0) lib/rails/rack/logger.rb:38:in `call_app'
  railties (4.0.0) lib/rails/rack/logger.rb:21:in `block in call'
  activesupport (4.0.0) lib/active_support/tagged_logging.rb:67:in `block in tagged'
  activesupport (4.0.0) lib/active_support/tagged_logging.rb:25:in `tagged'
  activesupport (4.0.0) lib/active_support/tagged_logging.rb:67:in `tagged'
  railties (4.0.0) lib/rails/rack/logger.rb:21:in `call'
  actionpack (4.0.0) lib/action_dispatch/middleware/request_id.rb:21:in `call'
  rack (1.5.2) lib/rack/methodoverride.rb:21:in `call'
  rack (1.5.2) lib/rack/runtime.rb:17:in `call'
  activesupport (4.0.0) lib/active_support/cache/strategy/local_cache.rb:83:in `call'
  railties (4.0.0) lib/rails/engine.rb:511:in `call'
  railties (4.0.0) lib/rails/application.rb:97:in `call'
  unicorn (4.6.3) lib/unicorn/http_server.rb:552:in `process_client'
  unicorn (4.6.3) lib/unicorn/http_server.rb:632:in `worker_loop'
  unicorn (4.6.3) lib/unicorn/http_server.rb:500:in `spawn_missing_workers'
  unicorn (4.6.3) lib/unicorn/http_server.rb:142:in `start'
  unicorn (4.6.3) bin/unicorn:126:in `<top (required)>'
  /home/invest/.rvm/gems/ruby-1.9.3-p551/bin/unicorn:23:in `load'
  /home/invest/.rvm/gems/ruby-1.9.3-p551/bin/unicorn:23:in `<main>'
  /home/invest/.rvm/gems/ruby-1.9.3-p551/bin/ruby_executable_hooks:15:in `eval'
  /home/invest/.rvm/gems/ruby-1.9.3-p551/bin/ruby_executable_hooks:15:in `<main>'


I, [2015-09-17T02:06:15.543354 #2407]  INFO -- : Started GET "/devise/users/natural_resources" for 188.42.240.119 at 2015-09-17 02:06:15 +0300
I, [2015-09-17T02:06:15.545266 #2413]  INFO -- : Started GET "/devise/users/municipalities" for 188.42.240.119 at 2015-09-17 02:06:15 +0300
F, [2015-09-17T02:06:15.547290 #2407] FATAL -- : 
ActionController::RoutingError (No route matches [GET] "/devise/users/natural_resources"):
  actionpack (4.0.0) lib/action_dispatch/middleware/debug_exceptions.rb:21:in `call'
  actionpack (4.0.0) lib/action_dispatch/middleware/show_exceptions.rb:30:in `call'
  railties (4.0.0) lib/rails/rack/logger.rb:38:in `call_app'
  railties (4.0.0) lib/rails/rack/logger.rb:21:in `block in call'
  activesupport (4.0.0) lib/active_support/tagged_logging.rb:67:in `block in tagged'
  activesupport (4.0.0) lib/active_support/tagged_logging.rb:25:in `tagged'
  activesupport (4.0.0) lib/active_support/tagged_logging.rb:67:in `tagged'
  railties (4.0.0) lib/rails/rack/logger.rb:21:in `call'
  actionpack (4.0.0) lib/action_dispatch/middleware/request_id.rb:21:in `call'
  rack (1.5.2) lib/rack/methodoverride.rb:21:in `call'
  rack (1.5.2) lib/rack/runtime.rb:17:in `call'
  activesupport (4.0.0) lib/active_support/cache/strategy/local_cache.rb:83:in `call'
  railties (4.0.0) lib/rails/engine.rb:511:in `call'
  railties (4.0.0) lib/rails/application.rb:97:in `call'
  unicorn (4.6.3) lib/unicorn/http_server.rb:552:in `process_client'
  unicorn (4.6.3) lib/unicorn/http_server.rb:632:in `worker_loop'
  unicorn (4.6.3) lib/unicorn/http_server.rb:500:in `spawn_missing_workers'
  unicorn (4.6.3) lib/unicorn/http_server.rb:142:in `start'
  unicorn (4.6.3) bin/unicorn:126:in `<top (required)>'
  /home/invest/.rvm/gems/ruby-1.9.3-p551/bin/unicorn:23:in `load'
  /home/invest/.rvm/gems/ruby-1.9.3-p551/bin/unicorn:23:in `<main>'
  /home/invest/.rvm/gems/ruby-1.9.3-p551/bin/ruby_executable_hooks:15:in `eval'
  /home/invest/.rvm/gems/ruby-1.9.3-p551/bin/ruby_executable_hooks:15:in `<main>'


F, [2015-09-17T02:06:15.547396 #2410] FATAL -- : 
ActionController::RoutingError (No route matches [GET] "/devise/users/directory/special_economic_zone_types"):
  actionpack (4.0.0) lib/action_dispatch/middleware/debug_exceptions.rb:21:in `call'
  actionpack (4.0.0) lib/action_dispatch/middleware/show_exceptions.rb:30:in `call'
  railties (4.0.0) lib/rails/rack/logger.rb:38:in `call_app'
  railties (4.0.0) lib/rails/rack/logger.rb:21:in `block in call'
  activesupport (4.0.0) lib/active_support/tagged_logging.rb:67:in `block in tagged'
  activesupport (4.0.0) lib/active_support/tagged_logging.rb:25:in `tagged'
  activesupport (4.0.0) lib/active_support/tagged_logging.rb:67:in `tagged'
  railties (4.0.0) lib/rails/rack/logger.rb:21:in `call'
  actionpack (4.0.0) lib/action_dispatch/middleware/request_id.rb:21:in `call'
  rack (1.5.2) lib/rack/methodoverride.rb:21:in `call'
  rack (1.5.2) lib/rack/runtime.rb:17:in `call'
  activesupport (4.0.0) lib/active_support/cache/strategy/local_cache.rb:83:in `call'
  railties (4.0.0) lib/rails/engine.rb:511:in `call'
  railties (4.0.0) lib/rails/application.rb:97:in `call'
  unicorn (4.6.3) lib/unicorn/http_server.rb:552:in `process_client'
  unicorn (4.6.3) lib/unicorn/http_server.rb:632:in `worker_loop'
  unicorn (4.6.3) lib/unicorn/http_server.rb:500:in `spawn_missing_workers'
  unicorn (4.6.3) lib/unicorn/http_server.rb:142:in `start'
  unicorn (4.6.3) bin/unicorn:126:in `<top (required)>'
  /home/invest/.rvm/gems/ruby-1.9.3-p551/bin/unicorn:23:in `load'
  /home/invest/.rvm/gems/ruby-1.9.3-p551/bin/unicorn:23:in `<main>'
  /home/invest/.rvm/gems/ruby-1.9.3-p551/bin/ruby_executable_hooks:15:in `eval'
  /home/invest/.rvm/gems/ruby-1.9.3-p551/bin/ruby_executable_hooks:15:in `<main>'


F, [2015-09-17T02:06:15.548539 #2413] FATAL -- : 
ActionController::RoutingError (No route matches [GET] "/devise/users/municipalities"):
  actionpack (4.0.0) lib/action_dispatch/middleware/debug_exceptions.rb:21:in `call'
  actionpack (4.0.0) lib/action_dispatch/middleware/show_exceptions.rb:30:in `call'
  railties (4.0.0) lib/rails/rack/logger.rb:38:in `call_app'
  railties (4.0.0) lib/rails/rack/logger.rb:21:in `block in call'
  activesupport (4.0.0) lib/active_support/tagged_logging.rb:67:in `block in tagged'
  activesupport (4.0.0) lib/active_support/tagged_logging.rb:25:in `tagged'
  activesupport (4.0.0) lib/active_support/tagged_logging.rb:67:in `tagged'
  railties (4.0.0) lib/rails/rack/logger.rb:21:in `call'
  actionpack (4.0.0) lib/action_dispatch/middleware/request_id.rb:21:in `call'
  rack (1.5.2) lib/rack/methodoverride.rb:21:in `call'
  rack (1.5.2) lib/rack/runtime.rb:17:in `call'
  activesupport (4.0.0) lib/active_support/cache/strategy/local_cache.rb:83:in `call'
  railties (4.0.0) lib/rails/engine.rb:511:in `call'
  railties (4.0.0) lib/rails/application.rb:97:in `call'
  unicorn (4.6.3) lib/unicorn/http_server.rb:552:in `process_client'
  unicorn (4.6.3) lib/unicorn/http_server.rb:632:in `worker_loop'
  unicorn (4.6.3) lib/unicorn/http_server.rb:500:in `spawn_missing_workers'
  unicorn (4.6.3) lib/unicorn/http_server.rb:142:in `start'
  unicorn (4.6.3) bin/unicorn:126:in `<top (required)>'
  /home/invest/.rvm/gems/ruby-1.9.3-p551/bin/unicorn:23:in `load'
  /home/invest/.rvm/gems/ruby-1.9.3-p551/bin/unicorn:23:in `<main>'
  /home/invest/.rvm/gems/ruby-1.9.3-p551/bin/ruby_executable_hooks:15:in `eval'
  /home/invest/.rvm/gems/ruby-1.9.3-p551/bin/ruby_executable_hooks:15:in `<main>'


I, [2015-09-17T02:15:26.941487 #2410]  INFO -- : Started GET "/devise/users/directory/ownership_types" for 188.42.240.119 at 2015-09-17 02:15:26 +0300
F, [2015-09-17T02:15:26.946274 #2410] FATAL -- : 
ActionController::RoutingError (No route matches [GET] "/devise/users/directory/ownership_types"):
  actionpack (4.0.0) lib/action_dispatch/middleware/debug_exceptions.rb:21:in `call'
  actionpack (4.0.0) lib/action_dispatch/middleware/show_exceptions.rb:30:in `call'
  railties (4.0.0) lib/rails/rack/logger.rb:38:in `call_app'
  railties (4.0.0) lib/rails/rack/logger.rb:21:in `block in call'
  activesupport (4.0.0) lib/active_support/tagged_logging.rb:67:in `block in tagged'
  activesupport (4.0.0) lib/active_support/tagged_logging.rb:25:in `tagged'
  activesupport (4.0.0) lib/active_support/tagged_logging.rb:67:in `tagged'
  railties (4.0.0) lib/rails/rack/logger.rb:21:in `call'
  actionpack (4.0.0) lib/action_dispatch/middleware/request_id.rb:21:in `call'
  rack (1.5.2) lib/rack/methodoverride.rb:21:in `call'
  rack (1.5.2) lib/rack/runtime.rb:17:in `call'
  activesupport (4.0.0) lib/active_support/cache/strategy/local_cache.rb:83:in `call'
  railties (4.0.0) lib/rails/engine.rb:511:in `call'
  railties (4.0.0) lib/rails/application.rb:97:in `call'
  unicorn (4.6.3) lib/unicorn/http_server.rb:552:in `process_client'
  unicorn (4.6.3) lib/unicorn/http_server.rb:632:in `worker_loop'
  unicorn (4.6.3) lib/unicorn/http_server.rb:500:in `spawn_missing_workers'
  unicorn (4.6.3) lib/unicorn/http_server.rb:142:in `start'
  unicorn (4.6.3) bin/unicorn:126:in `<top (required)>'
  /home/invest/.rvm/gems/ruby-1.9.3-p551/bin/unicorn:23:in `load'
  /home/invest/.rvm/gems/ruby-1.9.3-p551/bin/unicorn:23:in `<main>'
  /home/invest/.rvm/gems/ruby-1.9.3-p551/bin/ruby_executable_hooks:15:in `eval'
  /home/invest/.rvm/gems/ruby-1.9.3-p551/bin/ruby_executable_hooks:15:in `<main>'


I, [2015-09-17T02:15:26.960374 #2410]  INFO -- : Started GET "/devise/users/cities" for 188.42.240.119 at 2015-09-17 02:15:26 +0300
F, [2015-09-17T02:15:26.964252 #2410] FATAL -- : 
ActionController::RoutingError (No route matches [GET] "/devise/users/cities"):
  actionpack (4.0.0) lib/action_dispatch/middleware/debug_exceptions.rb:21:in `call'
  actionpack (4.0.0) lib/action_dispatch/middleware/show_exceptions.rb:30:in `call'
  railties (4.0.0) lib/rails/rack/logger.rb:38:in `call_app'
  railties (4.0.0) lib/rails/rack/logger.rb:21:in `block in call'
  activesupport (4.0.0) lib/active_support/tagged_logging.rb:67:in `block in tagged'
  activesupport (4.0.0) lib/active_support/tagged_logging.rb:25:in `tagged'
  activesupport (4.0.0) lib/active_support/tagged_logging.rb:67:in `tagged'
  railties (4.0.0) lib/rails/rack/logger.rb:21:in `call'
  actionpack (4.0.0) lib/action_dispatch/middleware/request_id.rb:21:in `call'
  rack (1.5.2) lib/rack/methodoverride.rb:21:in `call'
  rack (1.5.2) lib/rack/runtime.rb:17:in `call'
  activesupport (4.0.0) lib/active_support/cache/strategy/local_cache.rb:83:in `call'
  railties (4.0.0) lib/rails/engine.rb:511:in `call'
  railties (4.0.0) lib/rails/application.rb:97:in `call'
  unicorn (4.6.3) lib/unicorn/http_server.rb:552:in `process_client'
  unicorn (4.6.3) lib/unicorn/http_server.rb:632:in `worker_loop'
  unicorn (4.6.3) lib/unicorn/http_server.rb:500:in `spawn_missing_workers'
  unicorn (4.6.3) lib/unicorn/http_server.rb:142:in `start'
  unicorn (4.6.3) bin/unicorn:126:in `<top (required)>'
  /home/invest/.rvm/gems/ruby-1.9.3-p551/bin/unicorn:23:in `load'
  /home/invest/.rvm/gems/ruby-1.9.3-p551/bin/unicorn:23:in `<main>'
  /home/invest/.rvm/gems/ruby-1.9.3-p551/bin/ruby_executable_hooks:15:in `eval'
  /home/invest/.rvm/gems/ruby-1.9.3-p551/bin/ruby_executable_hooks:15:in `<main>'


I, [2015-09-17T02:15:26.971794 #2413]  INFO -- : Started GET "/devise/users/development_plans" for 188.42.240.119 at 2015-09-17 02:15:26 +0300
I, [2015-09-17T02:15:26.974447 #2404]  INFO -- : Started GET "/devise/users/infrastructure/wastewater_treatment_plants" for 188.42.240.119 at 2015-09-17 02:15:26 +0300
F, [2015-09-17T02:15:26.975705 #2413] FATAL -- : 
ActionController::RoutingError (No route matches [GET] "/devise/users/development_plans"):
  actionpack (4.0.0) lib/action_dispatch/middleware/debug_exceptions.rb:21:in `call'
  actionpack (4.0.0) lib/action_dispatch/middleware/show_exceptions.rb:30:in `call'
  railties (4.0.0) lib/rails/rack/logger.rb:38:in `call_app'
  railties (4.0.0) lib/rails/rack/logger.rb:21:in `block in call'
  activesupport (4.0.0) lib/active_support/tagged_logging.rb:67:in `block in tagged'
  activesupport (4.0.0) lib/active_support/tagged_logging.rb:25:in `tagged'
  activesupport (4.0.0) lib/active_support/tagged_logging.rb:67:in `tagged'
  railties (4.0.0) lib/rails/rack/logger.rb:21:in `call'
  actionpack (4.0.0) lib/action_dispatch/middleware/request_id.rb:21:in `call'
  rack (1.5.2) lib/rack/methodoverride.rb:21:in `call'
  rack (1.5.2) lib/rack/runtime.rb:17:in `call'
  activesupport (4.0.0) lib/active_support/cache/strategy/local_cache.rb:83:in `call'
  railties (4.0.0) lib/rails/engine.rb:511:in `call'
  railties (4.0.0) lib/rails/application.rb:97:in `call'
  unicorn (4.6.3) lib/unicorn/http_server.rb:552:in `process_client'
  unicorn (4.6.3) lib/unicorn/http_server.rb:632:in `worker_loop'
  unicorn (4.6.3) lib/unicorn/http_server.rb:500:in `spawn_missing_workers'
  unicorn (4.6.3) lib/unicorn/http_server.rb:142:in `start'
  unicorn (4.6.3) bin/unicorn:126:in `<top (required)>'
  /home/invest/.rvm/gems/ruby-1.9.3-p551/bin/unicorn:23:in `load'
  /home/invest/.rvm/gems/ruby-1.9.3-p551/bin/unicorn:23:in `<main>'
  /home/invest/.rvm/gems/ruby-1.9.3-p551/bin/ruby_executable_hooks:15:in `eval'
  /home/invest/.rvm/gems/ruby-1.9.3-p551/bin/ruby_executable_hooks:15:in `<main>'


F, [2015-09-17T02:15:26.978195 #2404] FATAL -- : 
ActionController::RoutingError (No route matches [GET] "/devise/users/infrastructure/wastewater_treatment_plants"):
  actionpack (4.0.0) lib/action_dispatch/middleware/debug_exceptions.rb:21:in `call'
  actionpack (4.0.0) lib/action_dispatch/middleware/show_exceptions.rb:30:in `call'
  railties (4.0.0) lib/rails/rack/logger.rb:38:in `call_app'
  railties (4.0.0) lib/rails/rack/logger.rb:21:in `block in call'
  activesupport (4.0.0) lib/active_support/tagged_logging.rb:67:in `block in tagged'
  activesupport (4.0.0) lib/active_support/tagged_logging.rb:25:in `tagged'
  activesupport (4.0.0) lib/active_support/tagged_logging.rb:67:in `tagged'
  railties (4.0.0) lib/rails/rack/logger.rb:21:in `call'
  actionpack (4.0.0) lib/action_dispatch/middleware/request_id.rb:21:in `call'
  rack (1.5.2) lib/rack/methodoverride.rb:21:in `call'
  rack (1.5.2) lib/rack/runtime.rb:17:in `call'
  activesupport (4.0.0) lib/active_support/cache/strategy/local_cache.rb:83:in `call'
  railties (4.0.0) lib/rails/engine.rb:511:in `call'
  railties (4.0.0) lib/rails/application.rb:97:in `call'
  unicorn (4.6.3) lib/unicorn/http_server.rb:552:in `process_client'
  unicorn (4.6.3) lib/unicorn/http_server.rb:632:in `worker_loop'
  unicorn (4.6.3) lib/unicorn/http_server.rb:500:in `spawn_missing_workers'
  unicorn (4.6.3) lib/unicorn/http_server.rb:142:in `start'
  unicorn (4.6.3) bin/unicorn:126:in `<top (required)>'
  /home/invest/.rvm/gems/ruby-1.9.3-p551/bin/unicorn:23:in `load'
  /home/invest/.rvm/gems/ruby-1.9.3-p551/bin/unicorn:23:in `<main>'
  /home/invest/.rvm/gems/ruby-1.9.3-p551/bin/ruby_executable_hooks:15:in `eval'
  /home/invest/.rvm/gems/ruby-1.9.3-p551/bin/ruby_executable_hooks:15:in `<main>'


I, [2015-09-17T02:15:27.004517 #2413]  INFO -- : Started GET "/devise/users/infrastructure/heating_mains" for 188.42.240.119 at 2015-09-17 02:15:27 +0300
F, [2015-09-17T02:15:27.007440 #2413] FATAL -- : 
ActionController::RoutingError (No route matches [GET] "/devise/users/infrastructure/heating_mains"):
  actionpack (4.0.0) lib/action_dispatch/middleware/debug_exceptions.rb:21:in `call'
  actionpack (4.0.0) lib/action_dispatch/middleware/show_exceptions.rb:30:in `call'
  railties (4.0.0) lib/rails/rack/logger.rb:38:in `call_app'
  railties (4.0.0) lib/rails/rack/logger.rb:21:in `block in call'
  activesupport (4.0.0) lib/active_support/tagged_logging.rb:67:in `block in tagged'
  activesupport (4.0.0) lib/active_support/tagged_logging.rb:25:in `tagged'
  activesupport (4.0.0) lib/active_support/tagged_logging.rb:67:in `tagged'
  railties (4.0.0) lib/rails/rack/logger.rb:21:in `call'
  actionpack (4.0.0) lib/action_dispatch/middleware/request_id.rb:21:in `call'
  rack (1.5.2) lib/rack/methodoverride.rb:21:in `call'
  rack (1.5.2) lib/rack/runtime.rb:17:in `call'
  activesupport (4.0.0) lib/active_support/cache/strategy/local_cache.rb:83:in `call'
  railties (4.0.0) lib/rails/engine.rb:511:in `call'
  railties (4.0.0) lib/rails/application.rb:97:in `call'
  unicorn (4.6.3) lib/unicorn/http_server.rb:552:in `process_client'
  unicorn (4.6.3) lib/unicorn/http_server.rb:632:in `worker_loop'
  unicorn (4.6.3) lib/unicorn/http_server.rb:500:in `spawn_missing_workers'
  unicorn (4.6.3) lib/unicorn/http_server.rb:142:in `start'
  unicorn (4.6.3) bin/unicorn:126:in `<top (required)>'
  /home/invest/.rvm/gems/ruby-1.9.3-p551/bin/unicorn:23:in `load'
  /home/invest/.rvm/gems/ruby-1.9.3-p551/bin/unicorn:23:in `<main>'
  /home/invest/.rvm/gems/ruby-1.9.3-p551/bin/ruby_executable_hooks:15:in `eval'
  /home/invest/.rvm/gems/ruby-1.9.3-p551/bin/ruby_executable_hooks:15:in `<main>'


I, [2015-09-17T02:21:57.831506 #2413]  INFO -- : Started GET "/devise/users/?locale=ru" for 188.42.240.119 at 2015-09-17 02:21:57 +0300
F, [2015-09-17T02:21:57.834553 #2413] FATAL -- : 
ActionController::RoutingError (No route matches [GET] "/devise/users"):
  actionpack (4.0.0) lib/action_dispatch/middleware/debug_exceptions.rb:21:in `call'
  actionpack (4.0.0) lib/action_dispatch/middleware/show_exceptions.rb:30:in `call'
  railties (4.0.0) lib/rails/rack/logger.rb:38:in `call_app'
  railties (4.0.0) lib/rails/rack/logger.rb:21:in `block in call'
  activesupport (4.0.0) lib/active_support/tagged_logging.rb:67:in `block in tagged'
  activesupport (4.0.0) lib/active_support/tagged_logging.rb:25:in `tagged'
  activesupport (4.0.0) lib/active_support/tagged_logging.rb:67:in `tagged'
  railties (4.0.0) lib/rails/rack/logger.rb:21:in `call'
  actionpack (4.0.0) lib/action_dispatch/middleware/request_id.rb:21:in `call'
  rack (1.5.2) lib/rack/methodoverride.rb:21:in `call'
  rack (1.5.2) lib/rack/runtime.rb:17:in `call'
  activesupport (4.0.0) lib/active_support/cache/strategy/local_cache.rb:83:in `call'
  railties (4.0.0) lib/rails/engine.rb:511:in `call'
  railties (4.0.0) lib/rails/application.rb:97:in `call'
  unicorn (4.6.3) lib/unicorn/http_server.rb:552:in `process_client'
  unicorn (4.6.3) lib/unicorn/http_server.rb:632:in `worker_loop'
  unicorn (4.6.3) lib/unicorn/http_server.rb:500:in `spawn_missing_workers'
  unicorn (4.6.3) lib/unicorn/http_server.rb:142:in `start'
  unicorn (4.6.3) bin/unicorn:126:in `<top (required)>'
  /home/invest/.rvm/gems/ruby-1.9.3-p551/bin/unicorn:23:in `load'
  /home/invest/.rvm/gems/ruby-1.9.3-p551/bin/unicorn:23:in `<main>'
  /home/invest/.rvm/gems/ruby-1.9.3-p551/bin/ruby_executable_hooks:15:in `eval'
  /home/invest/.rvm/gems/ruby-1.9.3-p551/bin/ruby_executable_hooks:15:in `<main>'


I, [2015-09-17T02:21:57.861901 #2404]  INFO -- : Started GET "/devise/users/platforms" for 188.42.240.119 at 2015-09-17 02:21:57 +0300
F, [2015-09-17T02:21:57.865662 #2404] FATAL -- : 
ActionController::RoutingError (No route matches [GET] "/devise/users/platforms"):
  actionpack (4.0.0) lib/action_dispatch/middleware/debug_exceptions.rb:21:in `call'
  actionpack (4.0.0) lib/action_dispatch/middleware/show_exceptions.rb:30:in `call'
  railties (4.0.0) lib/rails/rack/logger.rb:38:in `call_app'
  railties (4.0.0) lib/rails/rack/logger.rb:21:in `block in call'
  activesupport (4.0.0) lib/active_support/tagged_logging.rb:67:in `block in tagged'
  activesupport (4.0.0) lib/active_support/tagged_logging.rb:25:in `tagged'
  activesupport (4.0.0) lib/active_support/tagged_logging.rb:67:in `tagged'
  railties (4.0.0) lib/rails/rack/logger.rb:21:in `call'
