I, [2015-07-03T11:12:06.375570 #21398]  INFO -- : Processing by Devise::SessionsController#new as HTML
I, [2015-07-03T11:12:06.542542 #21398]  INFO -- :   Rendered devise/sessions/new.html.haml within layouts/application (150.0ms)
I, [2015-07-03T11:12:06.670059 #21398]  INFO -- : Completed 200 OK in 294ms (Views: 287.3ms | ActiveRecord: 0.0ms)
I, [2015-07-03T13:06:25.851660 #21398]  INFO -- : Started GET "/projects?locale=ru" for 217.69.136.208 at 2015-07-03 13:06:25 +0300
I, [2015-07-03T13:06:25.854378 #21398]  INFO -- : Processing by ProjectsController#index as */*
I, [2015-07-03T13:06:25.854521 #21398]  INFO -- :   Parameters: {"locale"=>"ru"}
I, [2015-07-03T13:06:25.857111 #21398]  INFO -- : Completed 401 Unauthorized in 2ms
I, [2015-07-03T13:06:26.922796 #21395]  INFO -- : Started GET "/devise/users/sign_in" for 217.69.136.209 at 2015-07-03 13:06:26 +0300
I, [2015-07-03T13:06:26.924911 #21395]  INFO -- : Processing by Devise::SessionsController#new as */*
I, [2015-07-03T13:06:26.935130 #21395]  INFO -- :   Rendered devise/sessions/new.html.haml within layouts/application (6.3ms)
I, [2015-07-03T13:06:26.956409 #21395]  INFO -- : Completed 200 OK in 31ms (Views: 28.4ms | ActiveRecord: 0.0ms)
I, [2015-07-03T14:28:22.644932 #21392]  INFO -- : Started GET "/" for 66.249.67.51 at 2015-07-03 14:28:22 +0300
I, [2015-07-03T14:28:22.648345 #21392]  INFO -- : Processing by ProjectsController#index as HTML
I, [2015-07-03T14:28:22.651116 #21392]  INFO -- : Completed 401 Unauthorized in 2ms
I, [2015-07-03T14:28:23.040411 #21395]  INFO -- : Started GET "/devise/users/sign_in" for 66.249.67.49 at 2015-07-03 14:28:23 +0300
I, [2015-07-03T14:28:23.042284 #21395]  INFO -- : Processing by Devise::SessionsController#new as HTML
I, [2015-07-03T14:28:23.051339 #21395]  INFO -- :   Rendered devise/sessions/new.html.haml within layouts/application (6.0ms)
I, [2015-07-03T14:28:23.069531 #21395]  INFO -- : Completed 200 OK in 27ms (Views: 24.6ms | ActiveRecord: 0.0ms)
I, [2015-07-03T20:40:47.415991 #21392]  INFO -- : Started GET "/" for 66.249.67.57 at 2015-07-03 20:40:47 +0300
I, [2015-07-03T20:40:47.417979 #21392]  INFO -- : Processing by ProjectsController#index as HTML
I, [2015-07-03T20:40:47.419875 #21392]  INFO -- : Completed 401 Unauthorized in 2ms
I, [2015-07-03T20:40:47.949128 #21395]  INFO -- : Started GET "/devise/users/sign_in" for 66.249.67.49 at 2015-07-03 20:40:47 +0300
I, [2015-07-03T20:40:47.951322 #21395]  INFO -- : Processing by Devise::SessionsController#new as HTML
I, [2015-07-03T20:40:47.962178 #21395]  INFO -- :   Rendered devise/sessions/new.html.haml within layouts/application (7.2ms)
I, [2015-07-03T20:40:47.982002 #21395]  INFO -- : Completed 200 OK in 30ms (Views: 27.6ms | ActiveRecord: 0.0ms)
I, [2015-07-04T00:45:13.621749 #21392]  INFO -- : Started GET "/" for 66.249.67.57 at 2015-07-04 00:45:13 +0300
I, [2015-07-04T00:45:13.624702 #21392]  INFO -- : Processing by ProjectsController#index as HTML
I, [2015-07-04T00:45:13.627497 #21392]  INFO -- : Completed 401 Unauthorized in 3ms
I, [2015-07-04T00:45:14.619315 #21395]  INFO -- : Started GET "/devise/users/sign_in" for 66.249.67.49 at 2015-07-04 00:45:14 +0300
I, [2015-07-04T00:45:14.622156 #21395]  INFO -- : Processing by Devise::SessionsController#new as HTML
I, [2015-07-04T00:45:14.638884 #21395]  INFO -- :   Rendered devise/sessions/new.html.haml within layouts/application (12.2ms)
I, [2015-07-04T00:45:14.663920 #21395]  INFO -- : Completed 200 OK in 42ms (Views: 38.0ms | ActiveRecord: 0.0ms)
I, [2015-07-04T04:51:40.711827 #21395]  INFO -- : Started GET "/?locale=ru" for 217.69.136.209 at 2015-07-04 04:51:40 +0300
I, [2015-07-04T04:51:40.714066 #21395]  INFO -- : Processing by ProjectsController#index as */*
I, [2015-07-04T04:51:40.714187 #21395]  INFO -- :   Parameters: {"locale"=>"ru"}
I, [2015-07-04T04:51:40.715979 #21395]  INFO -- : Completed 401 Unauthorized in 2ms
I, [2015-07-04T04:51:41.762888 #21395]  INFO -- : Started GET "/devise/users/sign_in" for 217.69.136.204 at 2015-07-04 04:51:41 +0300
I, [2015-07-04T04:51:41.764453 #21395]  INFO -- : Processing by Devise::SessionsController#new as */*
I, [2015-07-04T04:51:41.773751 #21395]  INFO -- :   Rendered devise/sessions/new.html.haml within layouts/application (6.2ms)
I, [2015-07-04T04:51:41.793258 #21395]  INFO -- : Completed 200 OK in 29ms (Views: 26.2ms | ActiveRecord: 0.0ms)
I, [2015-07-04T06:24:59.180162 #21392]  INFO -- : Started GET "/cities?locale=ru" for 217.69.136.209 at 2015-07-04 06:24:59 +0300
I, [2015-07-04T06:24:59.187918 #21392]  INFO -- : Processing by CitiesController#index as */*
I, [2015-07-04T06:24:59.188022 #21392]  INFO -- :   Parameters: {"locale"=>"ru"}
I, [2015-07-04T06:24:59.191634 #21392]  INFO -- : Completed 401 Unauthorized in 3ms
I, [2015-07-04T06:25:00.268171 #21395]  INFO -- : Started GET "/devise/users/sign_in" for 217.69.136.210 at 2015-07-04 06:25:00 +0300
I, [2015-07-04T06:25:00.270547 #21395]  INFO -- : Processing by Devise::SessionsController#new as */*
I, [2015-07-04T06:25:00.279831 #21395]  INFO -- :   Rendered devise/sessions/new.html.haml within layouts/application (5.7ms)
I, [2015-07-04T06:25:00.296421 #21395]  INFO -- : Completed 200 OK in 26ms (Views: 22.9ms | ActiveRecord: 0.0ms)
I, [2015-07-04T06:48:09.073840 #21398]  INFO -- : Started GET "/" for 66.249.67.49 at 2015-07-04 06:48:09 +0300
I, [2015-07-04T06:48:09.077389 #21398]  INFO -- : Processing by ProjectsController#index as HTML
I, [2015-07-04T06:48:09.081025 #21398]  INFO -- : Completed 401 Unauthorized in 3ms
I, [2015-07-04T06:48:09.924774 #21389]  INFO -- : Started GET "/devise/users/sign_in" for 66.249.67.49 at 2015-07-04 06:48:09 +0300
I, [2015-07-04T06:48:09.927539 #21389]  INFO -- : Processing by Devise::SessionsController#new as HTML
I, [2015-07-04T06:48:09.941158 #21389]  INFO -- :   Rendered devise/sessions/new.html.haml within layouts/application (8.9ms)
I, [2015-07-04T06:48:09.968830 #21389]  INFO -- : Completed 200 OK in 41ms (Views: 37.2ms | ActiveRecord: 0.0ms)
I, [2015-07-04T07:58:38.068468 #21395]  INFO -- : Started GET "/companies?locale=ru" for 217.69.136.204 at 2015-07-04 07:58:38 +0300
I, [2015-07-04T07:58:38.074051 #21395]  INFO -- : Processing by CompaniesController#index as */*
I, [2015-07-04T07:58:38.074152 #21395]  INFO -- :   Parameters: {"locale"=>"ru"}
I, [2015-07-04T07:58:38.076657 #21395]  INFO -- : Completed 401 Unauthorized in 2ms
I, [2015-07-04T07:58:39.125658 #21392]  INFO -- : Started GET "/devise/users/sign_in" for 217.69.136.210 at 2015-07-04 07:58:39 +0300
I, [2015-07-04T07:58:39.129592 #21392]  INFO -- : Processing by Devise::SessionsController#new as */*
I, [2015-07-04T07:58:39.147754 #21392]  INFO -- :   Rendered devise/sessions/new.html.haml within layouts/application (11.2ms)
I, [2015-07-04T07:58:39.181061 #21392]  INFO -- : Completed 200 OK in 51ms (Views: 45.8ms | ActiveRecord: 0.0ms)
I, [2015-07-04T14:44:47.168391 #21398]  INFO -- : Started GET "/" for 66.249.67.49 at 2015-07-04 14:44:47 +0300
I, [2015-07-04T14:44:47.170772 #21398]  INFO -- : Processing by ProjectsController#index as HTML
I, [2015-07-04T14:44:47.172685 #21398]  INFO -- : Completed 401 Unauthorized in 2ms
I, [2015-07-04T14:44:48.181409 #21398]  INFO -- : Started GET "/devise/users/sign_in" for 66.249.67.57 at 2015-07-04 14:44:48 +0300
I, [2015-07-04T14:44:48.188847 #21398]  INFO -- : Processing by Devise::SessionsController#new as HTML
I, [2015-07-04T14:44:48.207470 #21398]  INFO -- :   Rendered devise/sessions/new.html.haml within layouts/application (12.6ms)
I, [2015-07-04T14:44:48.343494 #21398]  INFO -- : Completed 200 OK in 154ms (Views: 149.9ms | ActiveRecord: 0.0ms)
I, [2015-07-04T19:13:04.451713 #21392]  INFO -- : Started GET "/export?locale=ru&l=ru&callback=dataLoaderCallback&_=1430524800000" for 66.249.67.49 at 2015-07-04 19:13:04 +0300
I, [2015-07-04T19:13:04.459738 #21392]  INFO -- : Processing by ExportsController#export as */*
I, [2015-07-04T19:13:04.459897 #21392]  INFO -- :   Parameters: {"locale"=>"ru", "l"=>"ru", "callback"=>"dataLoaderCallback", "_"=>"1430524800000"}
I, [2015-07-04T19:13:13.887466 #21392]  INFO -- :   Rendered text template (0.1ms)
I, [2015-07-04T19:13:13.887874 #21392]  INFO -- : Completed 200 OK in 9428ms (Views: 1.3ms | ActiveRecord: 831.2ms)
I, [2015-07-05T09:25:30.480620 #21395]  INFO -- : Started GET "/" for 66.249.67.49 at 2015-07-05 09:25:30 +0300
I, [2015-07-05T09:25:30.483356 #21395]  INFO -- : Processing by ProjectsController#index as HTML
I, [2015-07-05T09:25:30.485444 #21395]  INFO -- : Completed 401 Unauthorized in 2ms
I, [2015-07-05T09:25:30.795676 #21389]  INFO -- : Started GET "/devise/users/sign_in" for 66.249.67.51 at 2015-07-05 09:25:30 +0300
I, [2015-07-05T09:25:30.801050 #21389]  INFO -- : Processing by Devise::SessionsController#new as HTML
I, [2015-07-05T09:25:30.822425 #21389]  INFO -- :   Rendered devise/sessions/new.html.haml within layouts/application (13.3ms)
I, [2015-07-05T09:25:30.855904 #21389]  INFO -- : Completed 200 OK in 54ms (Views: 47.9ms | ActiveRecord: 0.0ms)
I, [2015-07-05T12:59:22.136186 #21395]  INFO -- : Started GET "/export?locale=ru&l=ru&callback=dataLoaderCallback&_=1434931200000" for 66.249.67.49 at 2015-07-05 12:59:22 +0300
I, [2015-07-05T12:59:22.140763 #21395]  INFO -- : Processing by ExportsController#export as */*
I, [2015-07-05T12:59:22.141005 #21395]  INFO -- :   Parameters: {"locale"=>"ru", "l"=>"ru", "callback"=>"dataLoaderCallback", "_"=>"1434931200000"}
I, [2015-07-05T12:59:31.503103 #21395]  INFO -- :   Rendered text template (0.0ms)
I, [2015-07-05T12:59:31.503492 #21395]  INFO -- : Completed 200 OK in 9362ms (Views: 1.2ms | ActiveRecord: 1049.8ms)
I, [2015-07-06T03:27:49.180778 #21395]  INFO -- : Started GET "/" for 66.249.64.58 at 2015-07-06 03:27:49 +0300
I, [2015-07-06T03:27:49.183444 #21395]  INFO -- : Processing by ProjectsController#index as HTML
I, [2015-07-06T03:27:49.185669 #21395]  INFO -- : Completed 401 Unauthorized in 2ms
I, [2015-07-06T03:27:49.555693 #21392]  INFO -- : Started GET "/devise/users/sign_in" for 66.249.64.68 at 2015-07-06 03:27:49 +0300
I, [2015-07-06T03:27:49.558292 #21392]  INFO -- : Processing by Devise::SessionsController#new as HTML
I, [2015-07-06T03:27:49.568870 #21392]  INFO -- :   Rendered devise/sessions/new.html.haml within layouts/application (6.7ms)
I, [2015-07-06T03:27:49.588966 #21392]  INFO -- : Completed 200 OK in 31ms (Views: 27.5ms | ActiveRecord: 0.0ms)
I, [2015-07-06T20:03:56.030129 #21398]  INFO -- : Started GET "/" for 66.249.67.57 at 2015-07-06 20:03:56 +0300
I, [2015-07-06T20:03:56.033523 #21398]  INFO -- : Processing by ProjectsController#index as HTML
I, [2015-07-06T20:03:56.036393 #21398]  INFO -- : Completed 401 Unauthorized in 3ms
I, [2015-07-06T20:03:56.485084 #21389]  INFO -- : Started GET "/devise/users/sign_in" for 66.249.67.51 at 2015-07-06 20:03:56 +0300
I, [2015-07-06T20:03:56.487842 #21389]  INFO -- : Processing by Devise::SessionsController#new as HTML
I, [2015-07-06T20:03:56.498619 #21389]  INFO -- :   Rendered devise/sessions/new.html.haml within layouts/application (6.7ms)
I, [2015-07-06T20:03:56.515491 #21389]  INFO -- : Completed 200 OK in 27ms (Views: 24.2ms | ActiveRecord: 0.0ms)
I, [2015-07-07T03:34:57.832626 #21392]  INFO -- : Started GET "/" for 66.249.67.51 at 2015-07-07 03:34:57 +0300
I, [2015-07-07T03:34:57.837910 #21392]  INFO -- : Processing by ProjectsController#index as HTML
I, [2015-07-07T03:34:57.841962 #21392]  INFO -- : Completed 401 Unauthorized in 4ms
I, [2015-07-07T03:34:58.682594 #21395]  INFO -- : Started GET "/devise/users/sign_in" for 66.249.67.51 at 2015-07-07 03:34:58 +0300
I, [2015-07-07T03:34:58.684825 #21395]  INFO -- : Processing by Devise::SessionsController#new as HTML
I, [2015-07-07T03:34:58.701175 #21395]  INFO -- :   Rendered devise/sessions/new.html.haml within layouts/application (12.6ms)
I, [2015-07-07T03:34:58.720857 #21395]  INFO -- : Completed 200 OK in 36ms (Views: 32.9ms | ActiveRecord: 0.0ms)
I, [2015-07-07T07:06:11.843971 #21398]  INFO -- : Started GET "/platforms" for 66.249.67.49 at 2015-07-07 07:06:11 +0300
I, [2015-07-07T07:06:11.850953 #21398]  INFO -- : Processing by PlatformsController#index as HTML
I, [2015-07-07T07:06:11.853388 #21398]  INFO -- : Completed 401 Unauthorized in 2ms
I, [2015-07-07T08:00:38.867553 #21389]  INFO -- : Started GET "/municipalities" for 66.249.67.51 at 2015-07-07 08:00:38 +0300
I, [2015-07-07T08:00:38.871329 #21389]  INFO -- : Processing by MunicipalitiesController#index as HTML
I, [2015-07-07T08:00:38.874303 #21389]  INFO -- : Completed 401 Unauthorized in 3ms
I, [2015-07-07T08:24:41.636339 #21392]  INFO -- : Started GET "/" for 66.249.67.51 at 2015-07-07 08:24:41 +0300
I, [2015-07-07T08:24:41.638139 #21392]  INFO -- : Processing by ProjectsController#index as HTML
I, [2015-07-07T08:24:41.639818 #21392]  INFO -- : Completed 401 Unauthorized in 2ms
I, [2015-07-07T08:24:42.644128 #21392]  INFO -- : Started GET "/devise/users/sign_in" for 66.249.67.49 at 2015-07-07 08:24:42 +0300
I, [2015-07-07T08:24:42.646731 #21392]  INFO -- : Processing by Devise::SessionsController#new as HTML
I, [2015-07-07T08:24:42.662934 #21392]  INFO -- :   Rendered devise/sessions/new.html.haml within layouts/application (10.6ms)
I, [2015-07-07T08:24:42.696096 #21392]  INFO -- : Completed 200 OK in 49ms (Views: 44.8ms | ActiveRecord: 0.0ms)
I, [2015-07-07T11:44:39.750062 #21395]  INFO -- : Started GET "/" for 66.249.67.57 at 2015-07-07 11:44:39 +0300
I, [2015-07-07T11:44:39.754141 #21395]  INFO -- : Processing by ProjectsController#index as HTML
I, [2015-07-07T11:44:39.757765 #21395]  INFO -- : Completed 401 Unauthorized in 3ms
I, [2015-07-07T11:44:40.604505 #21389]  INFO -- : Started GET "/devise/users/sign_in" for 66.249.67.57 at 2015-07-07 11:44:40 +0300
I, [2015-07-07T11:44:40.608107 #21389]  INFO -- : Processing by Devise::SessionsController#new as HTML
I, [2015-07-07T11:44:40.626541 #21389]  INFO -- :   Rendered devise/sessions/new.html.haml within layouts/application (12.3ms)
I, [2015-07-07T11:44:40.659824 #21389]  INFO -- : Completed 200 OK in 51ms (Views: 46.6ms | ActiveRecord: 0.0ms)
I, [2015-07-07T16:35:29.632820 #21398]  INFO -- : Started GET "/" for 66.249.67.49 at 2015-07-07 16:35:29 +0300
I, [2015-07-07T16:35:29.638406 #21398]  INFO -- : Processing by ProjectsController#index as HTML
I, [2015-07-07T16:35:29.642450 #21398]  INFO -- : Completed 401 Unauthorized in 4ms
I, [2015-07-07T16:35:29.886630 #21398]  INFO -- : Started GET "/devise/users/sign_in" for 66.249.67.49 at 2015-07-07 16:35:29 +0300
I, [2015-07-07T16:35:29.889496 #21398]  INFO -- : Processing by Devise::SessionsController#new as HTML
I, [2015-07-07T16:35:29.909437 #21398]  INFO -- :   Rendered devise/sessions/new.html.haml within layouts/application (12.6ms)
I, [2015-07-07T16:35:29.953237 #21398]  INFO -- : Completed 200 OK in 63ms (Views: 57.9ms | ActiveRecord: 0.0ms)
I, [2015-07-07T21:59:10.715331 #21392]  INFO -- : Started GET "/" for 66.249.67.49 at 2015-07-07 21:59:10 +0300
I, [2015-07-07T21:59:10.720132 #21392]  INFO -- : Processing by ProjectsController#index as HTML
I, [2015-07-07T21:59:10.723713 #21392]  INFO -- : Completed 401 Unauthorized in 3ms
I, [2015-07-07T21:59:11.523023 #21395]  INFO -- : Started GET "/devise/users/sign_in" for 66.249.67.57 at 2015-07-07 21:59:11 +0300
I, [2015-07-07T21:59:11.526339 #21395]  INFO -- : Processing by Devise::SessionsController#new as HTML
I, [2015-07-07T21:59:11.543981 #21395]  INFO -- :   Rendered devise/sessions/new.html.haml within layouts/application (11.8ms)
I, [2015-07-07T21:59:11.694043 #21395]  INFO -- : Completed 200 OK in 167ms (Views: 162.7ms | ActiveRecord: 0.0ms)
I, [2015-07-08T01:56:03.749115 #21389]  INFO -- : Started GET "/" for 66.249.67.49 at 2015-07-08 01:56:03 +0300
I, [2015-07-08T01:56:03.753483 #21389]  INFO -- : Processing by ProjectsController#index as HTML
I, [2015-07-08T01:56:03.757100 #21389]  INFO -- : Completed 401 Unauthorized in 3ms
I, [2015-07-08T01:56:04.600190 #21395]  INFO -- : Started GET "/devise/users/sign_in" for 66.249.67.49 at 2015-07-08 01:56:04 +0300
I, [2015-07-08T01:56:04.603208 #21395]  INFO -- : Processing by Devise::SessionsController#new as HTML
I, [2015-07-08T01:56:04.614063 #21395]  INFO -- :   Rendered devise/sessions/new.html.haml within layouts/application (6.4ms)
I, [2015-07-08T01:56:04.632528 #21395]  INFO -- : Completed 200 OK in 29ms (Views: 25.8ms | ActiveRecord: 0.0ms)
I, [2015-07-08T08:41:21.680148 #21398]  INFO -- : Started GET "/devise/users/sign_in?locale=ru" for 66.249.67.49 at 2015-07-08 08:41:21 +0300
I, [2015-07-08T08:41:21.683190 #21398]  INFO -- : Processing by Devise::SessionsController#new as HTML
I, [2015-07-08T08:41:21.683304 #21398]  INFO -- :   Parameters: {"locale"=>"ru"}
I, [2015-07-08T08:41:21.695389 #21398]  INFO -- :   Rendered devise/sessions/new.html.haml within layouts/application (8.0ms)
I, [2015-07-08T08:41:21.719016 #21398]  INFO -- : Completed 200 OK in 35ms (Views: 32.3ms | ActiveRecord: 0.0ms)
I, [2015-07-08T10:50:00.853151 #21392]  INFO -- : Started GET "/" for 66.249.67.57 at 2015-07-08 10:50:00 +0300
I, [2015-07-08T10:50:00.856685 #21392]  INFO -- : Processing by ProjectsController#index as HTML
I, [2015-07-08T10:50:00.859456 #21392]  INFO -- : Completed 401 Unauthorized in 3ms
I, [2015-07-08T10:50:01.853171 #21398]  INFO -- : Started GET "/devise/users/sign_in" for 66.249.67.51 at 2015-07-08 10:50:01 +0300
I, [2015-07-08T10:50:01.855891 #21398]  INFO -- : Processing by Devise::SessionsController#new as HTML
I, [2015-07-08T10:50:01.867209 #21398]  INFO -- :   Rendered devise/sessions/new.html.haml within layouts/application (6.9ms)
I, [2015-07-08T10:50:01.967417 #21398]  INFO -- : Completed 200 OK in 111ms (Views: 108.0ms | ActiveRecord: 0.0ms)
I, [2015-07-08T14:51:21.207509 #21389]  INFO -- : Started GET "/" for 66.249.67.49 at 2015-07-08 14:51:21 +0300
I, [2015-07-08T14:51:21.214509 #21389]  INFO -- : Processing by ProjectsController#index as HTML
I, [2015-07-08T14:51:21.219369 #21389]  INFO -- : Completed 401 Unauthorized in 4ms
I, [2015-07-08T14:51:22.588402 #21398]  INFO -- : Started GET "/devise/users/sign_in" for 66.249.67.49 at 2015-07-08 14:51:22 +0300
I, [2015-07-08T14:51:22.593270 #21398]  INFO -- : Processing by Devise::SessionsController#new as HTML
I, [2015-07-08T14:51:22.616779 #21398]  INFO -- :   Rendered devise/sessions/new.html.haml within layouts/application (14.8ms)
I, [2015-07-08T14:51:22.664698 #21398]  INFO -- : Completed 200 OK in 71ms (Views: 64.0ms | ActiveRecord: 0.0ms)
I, [2015-07-08T20:41:58.793076 #21395]  INFO -- : Started GET "/" for 66.249.67.49 at 2015-07-08 20:41:58 +0300
I, [2015-07-08T20:41:58.797042 #21395]  INFO -- : Processing by ProjectsController#index as HTML
I, [2015-07-08T20:41:58.800312 #21395]  INFO -- : Completed 401 Unauthorized in 3ms
I, [2015-07-08T20:41:58.997763 #21389]  INFO -- : Started GET "/devise/users/sign_in" for 66.249.67.51 at 2015-07-08 20:41:58 +0300
I, [2015-07-08T20:41:59.000117 #21389]  INFO -- : Processing by Devise::SessionsController#new as HTML
I, [2015-07-08T20:41:59.010538 #21389]  INFO -- :   Rendered devise/sessions/new.html.haml within layouts/application (6.6ms)
I, [2015-07-08T20:41:59.028871 #21389]  INFO -- : Completed 200 OK in 29ms (Views: 25.6ms | ActiveRecord: 0.0ms)
I, [2015-07-09T02:44:17.754622 #21392]  INFO -- : Started GET "/" for 66.249.67.49 at 2015-07-09 02:44:17 +0300
I, [2015-07-09T02:44:17.758365 #21392]  INFO -- : Processing by ProjectsController#index as HTML
I, [2015-07-09T02:44:17.763620 #21392]  INFO -- : Completed 401 Unauthorized in 5ms
I, [2015-07-09T02:44:18.723209 #21389]  INFO -- : Started GET "/devise/users/sign_in" for 66.249.67.51 at 2015-07-09 02:44:18 +0300
I, [2015-07-09T02:44:18.725577 #21389]  INFO -- : Processing by Devise::SessionsController#new as HTML
I, [2015-07-09T02:44:18.734606 #21389]  INFO -- :   Rendered devise/sessions/new.html.haml within layouts/application (5.7ms)
I, [2015-07-09T02:44:18.751462 #21389]  INFO -- : Completed 200 OK in 26ms (Views: 23.1ms | ActiveRecord: 0.0ms)
I, [2015-07-09T07:39:06.276171 #21392]  INFO -- : Started GET "/" for 66.249.67.51 at 2015-07-09 07:39:06 +0300
I, [2015-07-09T07:39:06.279929 #21392]  INFO -- : Processing by ProjectsController#index as HTML
I, [2015-07-09T07:39:06.282794 #21392]  INFO -- : Completed 401 Unauthorized in 3ms
I, [2015-07-09T07:39:06.678058 #21395]  INFO -- : Started GET "/devise/users/sign_in" for 66.249.67.57 at 2015-07-09 07:39:06 +0300
I, [2015-07-09T07:39:06.682434 #21395]  INFO -- : Processing by Devise::SessionsController#new as HTML
I, [2015-07-09T07:39:06.709884 #21395]  INFO -- :   Rendered devise/sessions/new.html.haml within layouts/application (20.8ms)
I, [2015-07-09T07:39:06.742692 #21395]  INFO -- : Completed 200 OK in 60ms (Views: 54.9ms | ActiveRecord: 0.0ms)
I, [2015-07-09T14:31:14.644116 #21395]  INFO -- : Started GET "/" for 66.249.67.51 at 2015-07-09 14:31:14 +0300
I, [2015-07-09T14:31:14.649808 #21395]  INFO -- : Processing by ProjectsController#index as HTML
I, [2015-07-09T14:31:14.654494 #21395]  INFO -- : Completed 401 Unauthorized in 4ms
I, [2015-07-09T14:31:15.602027 #21398]  INFO -- : Started GET "/devise/users/sign_in" for 66.249.67.49 at 2015-07-09 14:31:15 +0300
I, [2015-07-09T14:31:15.605592 #21398]  INFO -- : Processing by Devise::SessionsController#new as HTML
I, [2015-07-09T14:31:15.753889 #21398]  INFO -- :   Rendered devise/sessions/new.html.haml within layouts/application (142.6ms)
I, [2015-07-09T14:31:15.786088 #21398]  INFO -- : Completed 200 OK in 180ms (Views: 175.6ms | ActiveRecord: 0.0ms)
I, [2015-07-09T19:34:33.509301 #21392]  INFO -- : Started GET "/" for 66.249.67.51 at 2015-07-09 19:34:33 +0300
I, [2015-07-09T19:34:33.513083 #21392]  INFO -- : Processing by ProjectsController#index as HTML
I, [2015-07-09T19:34:33.516272 #21392]  INFO -- : Completed 401 Unauthorized in 3ms
I, [2015-07-09T19:34:33.705852 #21392]  INFO -- : Started GET "/devise/users/sign_in" for 66.249.67.51 at 2015-07-09 19:34:33 +0300
I, [2015-07-09T19:34:33.709494 #21392]  INFO -- : Processing by Devise::SessionsController#new as HTML
I, [2015-07-09T19:34:33.728128 #21392]  INFO -- :   Rendered devise/sessions/new.html.haml within layouts/application (10.5ms)
I, [2015-07-09T19:34:33.759767 #21392]  INFO -- : Completed 200 OK in 50ms (Views: 43.8ms | ActiveRecord: 0.0ms)
I, [2015-07-10T01:06:18.845101 #21389]  INFO -- : Started GET "/" for 66.249.67.57 at 2015-07-10 01:06:18 +0300
I, [2015-07-10T01:06:18.850654 #21389]  INFO -- : Processing by ProjectsController#index as HTML
I, [2015-07-10T01:06:18.854626 #21389]  INFO -- : Completed 401 Unauthorized in 4ms
I, [2015-07-10T01:06:19.842462 #21395]  INFO -- : Started GET "/devise/users/sign_in" for 66.249.67.51 at 2015-07-10 01:06:19 +0300
I, [2015-07-10T01:06:19.846857 #21395]  INFO -- : Processing by Devise::SessionsController#new as HTML
I, [2015-07-10T01:06:19.862524 #21395]  INFO -- :   Rendered devise/sessions/new.html.haml within layouts/application (8.7ms)
I, [2015-07-10T01:06:19.887591 #21395]  INFO -- : Completed 200 OK in 40ms (Views: 34.6ms | ActiveRecord: 0.0ms)
I, [2015-07-10T01:51:03.495331 #21389]  INFO -- : Started GET "/" for 66.249.67.51 at 2015-07-10 01:51:03 +0300
I, [2015-07-10T01:51:03.497899 #21389]  INFO -- : Processing by ProjectsController#index as HTML
I, [2015-07-10T01:51:03.499794 #21389]  INFO -- : Completed 401 Unauthorized in 2ms
I, [2015-07-10T01:51:03.756471 #21395]  INFO -- : Started GET "/devise/users/sign_in" for 66.249.67.51 at 2015-07-10 01:51:03 +0300
I, [2015-07-10T01:51:03.758649 #21395]  INFO -- : Processing by Devise::SessionsController#new as HTML
I, [2015-07-10T01:51:03.767388 #21395]  INFO -- :   Rendered devise/sessions/new.html.haml within layouts/application (5.5ms)
I, [2015-07-10T01:51:03.855017 #21395]  INFO -- : Completed 200 OK in 96ms (Views: 93.6ms | ActiveRecord: 0.0ms)
I, [2015-07-10T05:31:52.344029 #21395]  INFO -- : Started GET "/municipalities" for 66.249.67.49 at 2015-07-10 05:31:52 +0300
I, [2015-07-10T05:31:52.354441 #21395]  INFO -- : Processing by MunicipalitiesController#index as HTML
I, [2015-07-10T05:31:52.358655 #21395]  INFO -- : Completed 401 Unauthorized in 4ms
I, [2015-07-10T07:39:04.031555 #21389]  INFO -- : Started GET "/platforms" for 66.249.67.57 at 2015-07-10 07:39:04 +0300
I, [2015-07-10T07:39:04.038625 #21389]  INFO -- : Processing by PlatformsController#index as HTML
I, [2015-07-10T07:39:04.041850 #21389]  INFO -- : Completed 401 Unauthorized in 3ms
I, [2015-07-10T10:45:54.478880 #21392]  INFO -- : Started GET "/" for 66.249.67.49 at 2015-07-10 10:45:54 +0300
I, [2015-07-10T10:45:54.485116 #21392]  INFO -- : Processing by ProjectsController#index as HTML
I, [2015-07-10T10:45:54.489014 #21392]  INFO -- : Completed 401 Unauthorized in 3ms
I, [2015-07-10T10:45:54.732961 #21395]  INFO -- : Started GET "/devise/users/sign_in" for 66.249.67.49 at 2015-07-10 10:45:54 +0300
I, [2015-07-10T10:45:54.737741 #21395]  INFO -- : Processing by Devise::SessionsController#new as HTML
I, [2015-07-10T10:45:54.760243 #21395]  INFO -- :   Rendered devise/sessions/new.html.haml within layouts/application (14.3ms)
I, [2015-07-10T10:45:54.804680 #21395]  INFO -- : Completed 200 OK in 67ms (Views: 60.5ms | ActiveRecord: 0.0ms)
I, [2015-07-10T14:54:00.066460 #21389]  INFO -- : Started GET "/" for 66.249.67.57 at 2015-07-10 14:54:00 +0300
I, [2015-07-10T14:54:00.069750 #21389]  INFO -- : Processing by ProjectsController#index as HTML
I, [2015-07-10T14:54:00.071953 #21389]  INFO -- : Completed 401 Unauthorized in 2ms
I, [2015-07-10T14:54:01.066933 #21389]  INFO -- : Started GET "/devise/users/sign_in" for 66.249.67.51 at 2015-07-10 14:54:01 +0300
I, [2015-07-10T14:54:01.070182 #21389]  INFO -- : Processing by Devise::SessionsController#new as HTML
I, [2015-07-10T14:54:01.091985 #21389]  INFO -- :   Rendered devise/sessions/new.html.haml within layouts/application (14.1ms)
I, [2015-07-10T14:54:01.137881 #21389]  INFO -- : Completed 200 OK in 67ms (Views: 61.5ms | ActiveRecord: 0.0ms)
I, [2015-07-10T19:47:29.346446 #21392]  INFO -- : Started GET "/devise/users/sign_in?locale=ru" for 66.249.67.57 at 2015-07-10 19:47:29 +0300
I, [2015-07-10T19:47:29.348974 #21392]  INFO -- : Processing by Devise::SessionsController#new as HTML
I, [2015-07-10T19:47:29.349057 #21392]  INFO -- :   Parameters: {"locale"=>"ru"}
I, [2015-07-10T19:47:29.367160 #21392]  INFO -- :   Rendered devise/sessions/new.html.haml within layouts/application (14.0ms)
I, [2015-07-10T19:47:29.407789 #21392]  INFO -- : Completed 200 OK in 58ms (Views: 55.2ms | ActiveRecord: 0.0ms)
I, [2015-07-10T20:04:54.028781 #21395]  INFO -- : Started GET "/" for 66.249.67.49 at 2015-07-10 20:04:54 +0300
I, [2015-07-10T20:04:54.032860 #21395]  INFO -- : Processing by ProjectsController#index as HTML
I, [2015-07-10T20:04:54.035982 #21395]  INFO -- : Completed 401 Unauthorized in 3ms
I, [2015-07-10T20:04:55.080744 #21392]  INFO -- : Started GET "/devise/users/sign_in" for 66.249.67.51 at 2015-07-10 20:04:55 +0300
I, [2015-07-10T20:04:55.085253 #21392]  INFO -- : Processing by Devise::SessionsController#new as HTML
I, [2015-07-10T20:04:55.107888 #21392]  INFO -- :   Rendered devise/sessions/new.html.haml within layouts/application (15.2ms)
I, [2015-07-10T20:04:55.156263 #21392]  INFO -- : Completed 200 OK in 71ms (Views: 65.3ms | ActiveRecord: 0.0ms)
I, [2015-07-10T22:14:52.374589 #21392]  INFO -- : Started GET "/" for 45.55.149.205 at 2015-07-10 22:14:52 +0300
I, [2015-07-10T22:14:52.379539 #21392]  INFO -- : Processing by ProjectsController#index as HTML
I, [2015-07-10T22:14:52.382795 #21392]  INFO -- : Completed 401 Unauthorized in 3ms
I, [2015-07-10T22:14:54.553724 #21389]  INFO -- : Started GET "/devise/users/sign_in" for 45.55.149.205 at 2015-07-10 22:14:54 +0300
I, [2015-07-10T22:14:54.558014 #21389]  INFO -- : Processing by Devise::SessionsController#new as HTML
I, [2015-07-10T22:14:54.577871 #21389]  INFO -- :   Rendered devise/sessions/new.html.haml within layouts/application (13.6ms)
I, [2015-07-10T22:14:54.614098 #21389]  INFO -- : Completed 200 OK in 56ms (Views: 51.0ms | ActiveRecord: 0.0ms)
I, [2015-07-11T01:31:53.586278 #21395]  INFO -- : Started GET "/" for 66.249.67.49 at 2015-07-11 01:31:53 +0300
I, [2015-07-11T01:31:53.590001 #21395]  INFO -- : Processing by ProjectsController#index as HTML
I, [2015-07-11T01:31:53.593583 #21395]  INFO -- : Completed 401 Unauthorized in 3ms
I, [2015-07-11T01:31:54.579265 #21392]  INFO -- : Started GET "/devise/users/sign_in" for 66.249.67.57 at 2015-07-11 01:31:54 +0300
I, [2015-07-11T01:31:54.582663 #21392]  INFO -- : Processing by Devise::SessionsController#new as HTML
I, [2015-07-11T01:31:54.600742 #21392]  INFO -- :   Rendered devise/sessions/new.html.haml within layouts/application (11.3ms)
I, [2015-07-11T01:31:54.745069 #21392]  INFO -- : Completed 200 OK in 162ms (Views: 156.7ms | ActiveRecord: 0.0ms)
I, [2015-07-11T03:11:48.571783 #21392]  INFO -- : Started GET "/devise/users/sign_in?locale=en" for 95.108.132.169 at 2015-07-11 03:11:48 +0300
I, [2015-07-11T03:11:48.575957 #21392]  INFO -- : Processing by Devise::SessionsController#new as */*
I, [2015-07-11T03:11:48.576233 #21392]  INFO -- :   Parameters: {"locale"=>"en"}
I, [2015-07-11T03:11:48.609940 #21392]  INFO -- :   Rendered devise/sessions/new.html.haml within layouts/application (17.1ms)
I, [2015-07-11T03:11:48.652895 #21392]  INFO -- : Completed 200 OK in 76ms (Views: 71.5ms | ActiveRecord: 0.0ms)
I, [2015-07-11T05:47:57.620624 #21398]  INFO -- : Started GET "/" for 66.249.67.51 at 2015-07-11 05:47:57 +0300
I, [2015-07-11T05:47:57.624784 #21398]  INFO -- : Processing by ProjectsController#index as HTML
I, [2015-07-11T05:47:57.628148 #21398]  INFO -- : Completed 401 Unauthorized in 3ms
I, [2015-07-11T05:47:58.601679 #21389]  INFO -- : Started GET "/devise/users/sign_in" for 66.249.67.57 at 2015-07-11 05:47:58 +0300
I, [2015-07-11T05:47:58.604021 #21389]  INFO -- : Processing by Devise::SessionsController#new as HTML
I, [2015-07-11T05:47:58.613067 #21389]  INFO -- :   Rendered devise/sessions/new.html.haml within layouts/application (5.8ms)
I, [2015-07-11T05:47:58.630280 #21389]  INFO -- : Completed 200 OK in 26ms (Views: 23.5ms | ActiveRecord: 0.0ms)
I, [2015-07-11T08:34:06.624966 #21392]  INFO -- : Started GET "/" for 66.249.67.51 at 2015-07-11 08:34:06 +0300
I, [2015-07-11T08:34:06.630490 #21392]  INFO -- : Processing by ProjectsController#index as HTML
I, [2015-07-11T08:34:06.634204 #21392]  INFO -- : Completed 401 Unauthorized in 3ms
I, [2015-07-11T08:34:07.492076 #21389]  INFO -- : Started GET "/devise/users/sign_in" for 66.249.67.51 at 2015-07-11 08:34:07 +0300
I, [2015-07-11T08:34:07.496226 #21389]  INFO -- : Processing by Devise::SessionsController#new as HTML
I, [2015-07-11T08:34:07.514059 #21389]  INFO -- :   Rendered devise/sessions/new.html.haml within layouts/application (11.2ms)
I, [2015-07-11T08:34:07.548298 #21389]  INFO -- : Completed 200 OK in 52ms (Views: 46.5ms | ActiveRecord: 0.0ms)
I, [2015-07-11T12:12:57.841308 #21398]  INFO -- : Started GET "/" for 66.249.67.51 at 2015-07-11 12:12:57 +0300
I, [2015-07-11T12:12:57.846023 #21398]  INFO -- : Processing by ProjectsController#index as HTML
I, [2015-07-11T12:12:57.849361 #21398]  INFO -- : Completed 401 Unauthorized in 3ms
I, [2015-07-11T12:12:58.830594 #21395]  INFO -- : Started GET "/devise/users/sign_in" for 66.249.67.57 at 2015-07-11 12:12:58 +0300
I, [2015-07-11T12:12:58.835420 #21395]  INFO -- : Processing by Devise::SessionsController#new as HTML
I, [2015-07-11T12:12:58.867143 #21395]  INFO -- :   Rendered devise/sessions/new.html.haml within layouts/application (23.9ms)
I, [2015-07-11T12:12:58.915911 #21395]  INFO -- : Completed 200 OK in 80ms (Views: 73.7ms | ActiveRecord: 0.0ms)
I, [2015-07-11T16:12:57.746997 #21395]  INFO -- : Started GET "/" for 66.249.67.49 at 2015-07-11 16:12:57 +0300
I, [2015-07-11T16:12:57.751873 #21395]  INFO -- : Processing by ProjectsController#index as HTML
I, [2015-07-11T16:12:57.756823 #21395]  INFO -- : Completed 401 Unauthorized in 4ms
I, [2015-07-11T16:12:58.599546 #21392]  INFO -- : Started GET "/devise/users/sign_in" for 66.249.67.49 at 2015-07-11 16:12:58 +0300
I, [2015-07-11T16:12:58.602069 #21392]  INFO -- : Processing by Devise::SessionsController#new as HTML
I, [2015-07-11T16:12:58.613726 #21392]  INFO -- :   Rendered devise/sessions/new.html.haml within layouts/application (7.9ms)
I, [2015-07-11T16:12:58.634755 #21392]  INFO -- : Completed 200 OK in 32ms (Views: 29.7ms | ActiveRecord: 0.0ms)
I, [2015-07-11T18:31:54.778683 #21389]  INFO -- : Started GET "/" for 66.249.67.51 at 2015-07-11 18:31:54 +0300
I, [2015-07-11T18:31:54.783960 #21389]  INFO -- : Processing by ProjectsController#index as HTML
I, [2015-07-11T18:31:54.789046 #21389]  INFO -- : Completed 401 Unauthorized in 4ms
I, [2015-07-11T18:31:55.627773 #21389]  INFO -- : Started GET "/devise/users/sign_in" for 66.249.67.51 at 2015-07-11 18:31:55 +0300
I, [2015-07-11T18:31:55.631143 #21389]  INFO -- : Processing by Devise::SessionsController#new as HTML
I, [2015-07-11T18:31:55.647863 #21389]  INFO -- :   Rendered devise/sessions/new.html.haml within layouts/application (10.2ms)
I, [2015-07-11T18:31:55.690799 #21389]  INFO -- : Completed 200 OK in 59ms (Views: 53.9ms | ActiveRecord: 0.0ms)
I, [2015-07-12T00:12:57.922918 #21398]  INFO -- : Started GET "/" for 66.249.67.57 at 2015-07-12 00:12:57 +0300
I, [2015-07-12T00:12:57.925893 #21398]  INFO -- : Processing by ProjectsController#index as HTML
I, [2015-07-12T00:12:57.929396 #21398]  INFO -- : Completed 401 Unauthorized in 3ms
I, [2015-07-12T00:12:58.255756 #21389]  INFO -- : Started GET "/devise/users/sign_in" for 66.249.67.49 at 2015-07-12 00:12:58 +0300
I, [2015-07-12T00:12:58.259637 #21389]  INFO -- : Processing by Devise::SessionsController#new as HTML
I, [2015-07-12T00:12:58.276424 #21389]  INFO -- :   Rendered devise/sessions/new.html.haml within layouts/application (11.0ms)
I, [2015-07-12T00:12:58.307047 #21389]  INFO -- : Completed 200 OK in 47ms (Views: 42.5ms | ActiveRecord: 0.0ms)
I, [2015-07-12T03:50:57.735036 #21398]  INFO -- : Started GET "/" for 66.249.67.49 at 2015-07-12 03:50:57 +0300
I, [2015-07-12T03:50:57.737664 #21398]  INFO -- : Processing by ProjectsController#index as HTML
I, [2015-07-12T03:50:57.740403 #21398]  INFO -- : Completed 401 Unauthorized in 2ms
I, [2015-07-12T03:50:58.575077 #21389]  INFO -- : Started GET "/devise/users/sign_in" for 66.249.67.49 at 2015-07-12 03:50:58 +0300
I, [2015-07-12T03:50:58.578553 #21389]  INFO -- : Processing by Devise::SessionsController#new as HTML
I, [2015-07-12T03:50:58.594675 #21389]  INFO -- :   Rendered devise/sessions/new.html.haml within layouts/application (10.4ms)
I, [2015-07-12T03:50:58.625706 #21389]  INFO -- : Completed 200 OK in 47ms (Views: 42.4ms | ActiveRecord: 0.0ms)
I, [2015-07-12T08:05:26.867102 #21395]  INFO -- : Started GET "/" for 66.249.67.57 at 2015-07-12 08:05:26 +0300
I, [2015-07-12T08:05:26.871180 #21395]  INFO -- : Processing by ProjectsController#index as HTML
I, [2015-07-12T08:05:26.875256 #21395]  INFO -- : Completed 401 Unauthorized in 4ms
I, [2015-07-12T08:05:27.898807 #21398]  INFO -- : Started GET "/devise/users/sign_in" for 66.249.67.49 at 2015-07-12 08:05:27 +0300
I, [2015-07-12T08:05:27.901982 #21398]  INFO -- : Processing by Devise::SessionsController#new as HTML
I, [2015-07-12T08:05:27.925358 #21398]  INFO -- :   Rendered devise/sessions/new.html.haml within layouts/application (17.9ms)
I, [2015-07-12T08:05:27.972299 #21398]  INFO -- : Completed 200 OK in 70ms (Views: 65.6ms | ActiveRecord: 0.0ms)
I, [2015-07-12T10:03:22.459697 #21389]  INFO -- : Started GET "/" for 66.249.67.51 at 2015-07-12 10:03:22 +0300
I, [2015-07-12T10:03:22.462781 #21389]  INFO -- : Processing by ProjectsController#index as HTML
I, [2015-07-12T10:03:22.465175 #21389]  INFO -- : Completed 401 Unauthorized in 2ms
I, [2015-07-12T10:03:23.455296 #21395]  INFO -- : Started GET "/devise/users/sign_in" for 66.249.67.57 at 2015-07-12 10:03:23 +0300
I, [2015-07-12T10:03:23.458087 #21395]  INFO -- : Processing by Devise::SessionsController#new as HTML
I, [2015-07-12T10:03:23.474332 #21395]  INFO -- :   Rendered devise/sessions/new.html.haml within layouts/application (12.2ms)
I, [2015-07-12T10:03:23.496425 #21395]  INFO -- : Completed 200 OK in 38ms (Views: 34.9ms | ActiveRecord: 0.0ms)
I, [2015-07-12T12:15:55.825225 #21398]  INFO -- : Started GET "/" for 66.249.67.51 at 2015-07-12 12:15:55 +0300
I, [2015-07-12T12:15:55.830400 #21398]  INFO -- : Processing by ProjectsController#index as HTML
I, [2015-07-12T12:15:55.833794 #21398]  INFO -- : Completed 401 Unauthorized in 3ms
I, [2015-07-12T12:15:56.671341 #21392]  INFO -- : Started GET "/devise/users/sign_in" for 66.249.67.51 at 2015-07-12 12:15:56 +0300
I, [2015-07-12T12:15:56.675384 #21392]  INFO -- : Processing by Devise::SessionsController#new as HTML
I, [2015-07-12T12:15:56.699843 #21392]  INFO -- :   Rendered devise/sessions/new.html.haml within layouts/application (18.6ms)
I, [2015-07-12T12:15:56.736774 #21392]  INFO -- : Completed 200 OK in 61ms (Views: 56.6ms | ActiveRecord: 0.0ms)
I, [2015-07-12T14:56:31.864700 #21392]  INFO -- : Started GET "/municipalities" for 66.249.67.57 at 2015-07-12 14:56:31 +0300
I, [2015-07-12T14:56:31.878288 #21392]  INFO -- : Processing by MunicipalitiesController#index as HTML
I, [2015-07-12T14:56:31.883860 #21392]  INFO -- : Completed 401 Unauthorized in 5ms
I, [2015-07-12T16:30:40.899884 #21389]  INFO -- : Started GET "/platforms" for 66.249.67.57 at 2015-07-12 16:30:40 +0300
I, [2015-07-12T16:30:40.917731 #21389]  INFO -- : Processing by PlatformsController#index as HTML
I, [2015-07-12T16:30:40.921969 #21389]  INFO -- : Completed 401 Unauthorized in 4ms
I, [2015-07-12T16:47:17.683550 #21389]  INFO -- : Started GET "/" for 66.249.67.57 at 2015-07-12 16:47:17 +0300
I, [2015-07-12T16:47:17.688983 #21389]  INFO -- : Processing by ProjectsController#index as HTML
I, [2015-07-12T16:47:17.693159 #21389]  INFO -- : Completed 401 Unauthorized in 4ms
I, [2015-07-12T16:47:18.691917 #21392]  INFO -- : Started GET "/devise/users/sign_in" for 66.249.67.49 at 2015-07-12 16:47:18 +0300
I, [2015-07-12T16:47:18.694872 #21392]  INFO -- : Processing by Devise::SessionsController#new as HTML
I, [2015-07-12T16:47:18.705420 #21392]  INFO -- :   Rendered devise/sessions/new.html.haml within layouts/application (6.5ms)
I, [2015-07-12T16:47:18.725889 #21392]  INFO -- : Completed 200 OK in 31ms (Views: 27.4ms | ActiveRecord: 0.0ms)
I, [2015-07-12T18:32:31.811898 #21389]  INFO -- : Started GET "/" for 66.249.67.57 at 2015-07-12 18:32:31 +0300
I, [2015-07-12T18:32:31.814633 #21389]  INFO -- : Processing by ProjectsController#index as HTML
I, [2015-07-12T18:32:31.817149 #21389]  INFO -- : Completed 401 Unauthorized in 2ms
I, [2015-07-12T18:32:32.804646 #21398]  INFO -- : Started GET "/devise/users/sign_in" for 66.249.67.51 at 2015-07-12 18:32:32 +0300
I, [2015-07-12T18:32:32.807104 #21398]  INFO -- : Processing by Devise::SessionsController#new as HTML
I, [2015-07-12T18:32:32.820542 #21398]  INFO -- :   Rendered devise/sessions/new.html.haml within layouts/application (8.3ms)
I, [2015-07-12T18:32:32.845352 #21398]  INFO -- : Completed 200 OK in 38ms (Views: 33.8ms | ActiveRecord: 0.0ms)
I, [2015-07-12T22:02:59.636975 #21392]  INFO -- : Started GET "/" for 66.249.67.57 at 2015-07-12 22:02:59 +0300
I, [2015-07-12T22:02:59.639552 #21392]  INFO -- : Processing by ProjectsController#index as HTML
I, [2015-07-12T22:02:59.641383 #21392]  INFO -- : Completed 401 Unauthorized in 2ms
I, [2015-07-12T22:03:00.632386 #21398]  INFO -- : Started GET "/devise/users/sign_in" for 66.249.67.49 at 2015-07-12 22:03:00 +0300
I, [2015-07-12T22:03:00.634432 #21398]  INFO -- : Processing by Devise::SessionsController#new as HTML
I, [2015-07-12T22:03:00.642977 #21398]  INFO -- :   Rendered devise/sessions/new.html.haml within layouts/application (5.6ms)
I, [2015-07-12T22:03:00.659501 #21398]  INFO -- : Completed 200 OK in 25ms (Views: 22.5ms | ActiveRecord: 0.0ms)
I, [2015-07-13T01:00:13.423484 #21398]  INFO -- : Started GET "/" for 66.249.67.57 at 2015-07-13 01:00:13 +0300
I, [2015-07-13T01:00:13.426299 #21398]  INFO -- : Processing by ProjectsController#index as HTML
I, [2015-07-13T01:00:13.428200 #21398]  INFO -- : Completed 401 Unauthorized in 2ms
I, [2015-07-13T01:00:13.914881 #21395]  INFO -- : Started GET "/devise/users/sign_in" for 66.249.67.51 at 2015-07-13 01:00:13 +0300
I, [2015-07-13T01:00:13.917193 #21395]  INFO -- : Processing by Devise::SessionsController#new as HTML
I, [2015-07-13T01:00:13.926866 #21395]  INFO -- :   Rendered devise/sessions/new.html.haml within layouts/application (6.4ms)
I, [2015-07-13T01:00:13.945473 #21395]  INFO -- : Completed 200 OK in 28ms (Views: 25.5ms | ActiveRecord: 0.0ms)
I, [2015-07-13T03:40:50.009562 #21398]  INFO -- : Started GET "/" for 66.249.67.57 at 2015-07-13 03:40:50 +0300
I, [2015-07-13T03:40:50.011627 #21398]  INFO -- : Processing by ProjectsController#index as HTML
I, [2015-07-13T03:40:50.013134 #21398]  INFO -- : Completed 401 Unauthorized in 1ms
I, [2015-07-13T03:40:50.940633 #21389]  INFO -- : Started GET "/devise/users/sign_in" for 66.249.67.51 at 2015-07-13 03:40:50 +0300
I, [2015-07-13T03:40:50.942412 #21389]  INFO -- : Processing by Devise::SessionsController#new as HTML
I, [2015-07-13T03:40:50.951591 #21389]  INFO -- :   Rendered devise/sessions/new.html.haml within layouts/application (5.9ms)
I, [2015-07-13T03:40:50.969207 #21389]  INFO -- : Completed 200 OK in 27ms (Views: 24.0ms | ActiveRecord: 0.0ms)
I, [2015-07-13T04:41:45.292333 #21389]  INFO -- : Started GET "/devise/users/sign_in?locale=ru" for 66.249.78.49 at 2015-07-13 04:41:45 +0300
I, [2015-07-13T04:41:45.295186 #21389]  INFO -- : Processing by Devise::SessionsController#new as HTML
I, [2015-07-13T04:41:45.295326 #21389]  INFO -- :   Parameters: {"locale"=>"ru"}
I, [2015-07-13T04:41:45.304869 #21389]  INFO -- :   Rendered devise/sessions/new.html.haml within layouts/application (5.8ms)
I, [2015-07-13T04:41:45.322181 #21389]  INFO -- : Completed 200 OK in 27ms (Views: 23.6ms | ActiveRecord: 0.0ms)
I, [2015-07-13T06:10:22.136125 #21389]  INFO -- : Started GET "/" for 66.249.78.56 at 2015-07-13 06:10:22 +0300
I, [2015-07-13T06:10:22.138628 #21389]  INFO -- : Processing by ProjectsController#index as HTML
I, [2015-07-13T06:10:22.140473 #21389]  INFO -- : Completed 401 Unauthorized in 2ms
I, [2015-07-13T06:10:23.082364 #21389]  INFO -- : Started GET "/devise/users/sign_in" for 66.249.78.56 at 2015-07-13 06:10:23 +0300
I, [2015-07-13T06:10:23.083789 #21389]  INFO -- : Processing by Devise::SessionsController#new as HTML
I, [2015-07-13T06:10:23.092429 #21389]  INFO -- :   Rendered devise/sessions/new.html.haml within layouts/application (5.5ms)
I, [2015-07-13T06:10:23.108937 #21389]  INFO -- : Completed 200 OK in 25ms (Views: 22.5ms | ActiveRecord: 0.0ms)
I, [2015-07-13T08:59:17.444576 #21398]  INFO -- : Started GET "/" for 66.249.78.42 at 2015-07-13 08:59:17 +0300
I, [2015-07-13T08:59:17.448681 #21398]  INFO -- : Processing by ProjectsController#index as HTML
I, [2015-07-13T08:59:17.451737 #21398]  INFO -- : Completed 401 Unauthorized in 3ms
I, [2015-07-13T08:59:18.442909 #21389]  INFO -- : Started GET "/devise/users/sign_in" for 66.249.78.49 at 2015-07-13 08:59:18 +0300
I, [2015-07-13T08:59:18.445937 #21389]  INFO -- : Processing by Devise::SessionsController#new as HTML
I, [2015-07-13T08:59:18.464506 #21389]  INFO -- :   Rendered devise/sessions/new.html.haml within layouts/application (13.8ms)
I, [2015-07-13T08:59:18.489735 #21389]  INFO -- : Completed 200 OK in 44ms (Views: 39.7ms | ActiveRecord: 0.0ms)
I, [2015-07-13T12:06:12.939925 #21392]  INFO -- : Started GET "/" for 66.249.78.42 at 2015-07-13 12:06:12 +0300
I, [2015-07-13T12:06:12.945229 #21392]  INFO -- : Processing by ProjectsController#index as HTML
I, [2015-07-13T12:06:12.949180 #21392]  INFO -- : Completed 401 Unauthorized in 4ms
I, [2015-07-13T12:06:13.937734 #21398]  INFO -- : Started GET "/devise/users/sign_in" for 66.249.78.56 at 2015-07-13 12:06:13 +0300
I, [2015-07-13T12:06:13.939847 #21398]  INFO -- : Processing by Devise::SessionsController#new as HTML
I, [2015-07-13T12:06:13.950115 #21398]  INFO -- :   Rendered devise/sessions/new.html.haml within layouts/application (6.2ms)
I, [2015-07-13T12:06:13.969914 #21398]  INFO -- : Completed 200 OK in 30ms (Views: 26.7ms | ActiveRecord: 0.0ms)
I, [2015-07-13T13:56:58.869269 #21392]  INFO -- : Started GET "/" for 66.249.78.42 at 2015-07-13 13:56:58 +0300
I, [2015-07-13T13:56:58.872735 #21392]  INFO -- : Processing by ProjectsController#index as HTML
I, [2015-07-13T13:56:58.878368 #21392]  INFO -- : Completed 401 Unauthorized in 5ms
I, [2015-07-13T13:56:59.866580 #21395]  INFO -- : Started GET "/devise/users/sign_in" for 66.249.78.56 at 2015-07-13 13:56:59 +0300
I, [2015-07-13T13:56:59.871528 #21395]  INFO -- : Processing by Devise::SessionsController#new as HTML
I, [2015-07-13T13:56:59.903119 #21395]  INFO -- :   Rendered devise/sessions/new.html.haml within layouts/application (22.5ms)
I, [2015-07-13T13:56:59.941785 #21395]  INFO -- : Completed 200 OK in 70ms (Views: 62.9ms | ActiveRecord: 0.0ms)
I, [2015-07-13T17:33:48.696185 #21389]  INFO -- : Started GET "/" for 66.249.78.49 at 2015-07-13 17:33:48 +0300
I, [2015-07-13T17:33:48.701713 #21389]  INFO -- : Processing by ProjectsController#index as HTML
I, [2015-07-13T17:33:48.705986 #21389]  INFO -- : Completed 401 Unauthorized in 4ms
I, [2015-07-13T17:33:49.665359 #21389]  INFO -- : Started GET "/devise/users/sign_in" for 66.249.78.42 at 2015-07-13 17:33:49 +0300
I, [2015-07-13T17:33:49.668289 #21389]  INFO -- : Processing by Devise::SessionsController#new as HTML
I, [2015-07-13T17:33:49.688590 #21389]  INFO -- :   Rendered devise/sessions/new.html.haml within layouts/application (13.7ms)
I, [2015-07-13T17:33:49.732630 #21389]  INFO -- : Completed 200 OK in 64ms (Views: 58.7ms | ActiveRecord: 0.0ms)
I, [2015-07-13T19:29:00.668918 #21392]  INFO -- : Started GET "/" for 66.249.78.42 at 2015-07-13 19:29:00 +0300
I, [2015-07-13T19:29:00.671568 #21392]  INFO -- : Processing by ProjectsController#index as HTML
I, [2015-07-13T19:29:00.675896 #21392]  INFO -- : Completed 401 Unauthorized in 3ms
I, [2015-07-13T19:29:01.685013 #21392]  INFO -- : Started GET "/devise/users/sign_in" for 66.249.78.56 at 2015-07-13 19:29:01 +0300
I, [2015-07-13T19:29:01.688455 #21392]  INFO -- : Processing by Devise::SessionsController#new as HTML
I, [2015-07-13T19:29:01.711058 #21392]  INFO -- :   Rendered devise/sessions/new.html.haml within layouts/application (15.3ms)
I, [2015-07-13T19:29:01.759822 #21392]  INFO -- : Completed 200 OK in 71ms (Views: 65.4ms | ActiveRecord: 0.0ms)
I, [2015-07-13T21:45:48.590898 #21392]  INFO -- : Started GET "/" for 66.249.78.49 at 2015-07-13 21:45:48 +0300
I, [2015-07-13T21:45:48.593562 #21392]  INFO -- : Processing by ProjectsController#index as HTML
I, [2015-07-13T21:45:48.595549 #21392]  INFO -- : Completed 401 Unauthorized in 2ms
I, [2015-07-13T21:45:49.589614 #21392]  INFO -- : Started GET "/devise/users/sign_in" for 66.249.78.42 at 2015-07-13 21:45:49 +0300
I, [2015-07-13T21:45:49.591082 #21392]  INFO -- : Processing by Devise::SessionsController#new as HTML
I, [2015-07-13T21:45:49.599979 #21392]  INFO -- :   Rendered devise/sessions/new.html.haml within layouts/application (5.8ms)
I, [2015-07-13T21:45:49.616995 #21392]  INFO -- : Completed 200 OK in 26ms (Views: 23.4ms | ActiveRecord: 0.0ms)
I, [2015-07-13T23:11:52.860487 #21395]  INFO -- : Started GET "/" for 217.69.133.216 at 2015-07-13 23:11:52 +0300
I, [2015-07-13T23:11:52.862767 #21395]  INFO -- : Processing by ProjectsController#index as */*
I, [2015-07-13T23:11:52.864600 #21395]  INFO -- : Completed 401 Unauthorized in 2ms
I, [2015-07-13T23:11:53.931912 #21389]  INFO -- : Started GET "/devise/users/sign_in" for 217.69.133.85 at 2015-07-13 23:11:53 +0300
I, [2015-07-13T23:11:53.934264 #21389]  INFO -- : Processing by Devise::SessionsController#new as */*
I, [2015-07-13T23:11:53.945176 #21389]  INFO -- :   Rendered devise/sessions/new.html.haml within layouts/application (7.7ms)
I, [2015-07-13T23:11:53.963052 #21389]  INFO -- : Completed 200 OK in 29ms (Views: 26.0ms | ActiveRecord: 0.0ms)
I, [2015-07-13T23:33:48.665851 #21395]  INFO -- : Started GET "/" for 66.249.78.42 at 2015-07-13 23:33:48 +0300
I, [2015-07-13T23:33:48.668636 #21395]  INFO -- : Processing by ProjectsController#index as HTML
I, [2015-07-13T23:33:48.671072 #21395]  INFO -- : Completed 401 Unauthorized in 2ms
I, [2015-07-13T23:33:49.650996 #21395]  INFO -- : Started GET "/devise/users/sign_in" for 66.249.78.56 at 2015-07-13 23:33:49 +0300
I, [2015-07-13T23:33:49.652481 #21395]  INFO -- : Processing by Devise::SessionsController#new as HTML
I, [2015-07-13T23:33:49.661331 #21395]  INFO -- :   Rendered devise/sessions/new.html.haml within layouts/application (5.6ms)
I, [2015-07-13T23:33:49.678344 #21395]  INFO -- : Completed 200 OK in 26ms (Views: 23.2ms | ActiveRecord: 0.0ms)
I, [2015-07-14T00:26:48.714306 #21389]  INFO -- : Started GET "/" for 66.249.78.49 at 2015-07-14 00:26:48 +0300
I, [2015-07-14T00:26:48.716687 #21389]  INFO -- : Processing by ProjectsController#index as HTML
I, [2015-07-14T00:26:48.718235 #21389]  INFO -- : Completed 401 Unauthorized in 1ms
I, [2015-07-14T00:26:49.108853 #21398]  INFO -- : Started GET "/devise/users/sign_in" for 66.249.78.56 at 2015-07-14 00:26:49 +0300
I, [2015-07-14T00:26:49.110682 #21398]  INFO -- : Processing by Devise::SessionsController#new as HTML
I, [2015-07-14T00:26:49.118769 #21398]  INFO -- :   Rendered devise/sessions/new.html.haml within layouts/application (5.2ms)
I, [2015-07-14T00:26:49.134542 #21398]  INFO -- : Completed 200 OK in 24ms (Views: 21.5ms | ActiveRecord: 0.0ms)
I, [2015-07-14T05:42:09.134404 #21392]  INFO -- : Started GET "/" for 66.249.78.56 at 2015-07-14 05:42:09 +0300
