  actionpack (4.0.0) lib/action_dispatch/middleware/request_id.rb:21:in `call'
  rack (1.5.2) lib/rack/methodoverride.rb:21:in `call'
  rack (1.5.2) lib/rack/runtime.rb:17:in `call'
  activesupport (4.0.0) lib/active_support/cache/strategy/local_cache.rb:83:in `call'
  railties (4.0.0) lib/rails/engine.rb:511:in `call'
  railties (4.0.0) lib/rails/application.rb:97:in `call'
  unicorn (4.6.3) lib/unicorn/http_server.rb:552:in `process_client'
  unicorn (4.6.3) lib/unicorn/http_server.rb:632:in `worker_loop'
  unicorn (4.6.3) lib/unicorn/http_server.rb:500:in `spawn_missing_workers'
  unicorn (4.6.3) lib/unicorn/http_server.rb:142:in `start'
  unicorn (4.6.3) bin/unicorn:126:in `<top (required)>'
  /home/invest/.rvm/gems/ruby-1.9.3-p551/bin/unicorn:23:in `load'
  /home/invest/.rvm/gems/ruby-1.9.3-p551/bin/unicorn:23:in `<main>'
  /home/invest/.rvm/gems/ruby-1.9.3-p551/bin/ruby_executable_hooks:15:in `eval'
  /home/invest/.rvm/gems/ruby-1.9.3-p551/bin/ruby_executable_hooks:15:in `<main>'


I, [2015-09-17T02:26:02.020898 #2407]  INFO -- : Started GET "/devise/users/projects" for 188.42.240.119 at 2015-09-17 02:26:02 +0300
F, [2015-09-17T02:26:02.028757 #2407] FATAL -- : 
ActionController::RoutingError (No route matches [GET] "/devise/users/projects"):
  actionpack (4.0.0) lib/action_dispatch/middleware/debug_exceptions.rb:21:in `call'
  actionpack (4.0.0) lib/action_dispatch/middleware/show_exceptions.rb:30:in `call'
  railties (4.0.0) lib/rails/rack/logger.rb:38:in `call_app'
  railties (4.0.0) lib/rails/rack/logger.rb:21:in `block in call'
  activesupport (4.0.0) lib/active_support/tagged_logging.rb:67:in `block in tagged'
  activesupport (4.0.0) lib/active_support/tagged_logging.rb:25:in `tagged'
  activesupport (4.0.0) lib/active_support/tagged_logging.rb:67:in `tagged'
  railties (4.0.0) lib/rails/rack/logger.rb:21:in `call'
  actionpack (4.0.0) lib/action_dispatch/middleware/request_id.rb:21:in `call'
  rack (1.5.2) lib/rack/methodoverride.rb:21:in `call'
  rack (1.5.2) lib/rack/runtime.rb:17:in `call'
  activesupport (4.0.0) lib/active_support/cache/strategy/local_cache.rb:83:in `call'
  railties (4.0.0) lib/rails/engine.rb:511:in `call'
  railties (4.0.0) lib/rails/application.rb:97:in `call'
  unicorn (4.6.3) lib/unicorn/http_server.rb:552:in `process_client'
  unicorn (4.6.3) lib/unicorn/http_server.rb:632:in `worker_loop'
  unicorn (4.6.3) lib/unicorn/http_server.rb:500:in `spawn_missing_workers'
  unicorn (4.6.3) lib/unicorn/http_server.rb:142:in `start'
  unicorn (4.6.3) bin/unicorn:126:in `<top (required)>'
  /home/invest/.rvm/gems/ruby-1.9.3-p551/bin/unicorn:23:in `load'
  /home/invest/.rvm/gems/ruby-1.9.3-p551/bin/unicorn:23:in `<main>'
  /home/invest/.rvm/gems/ruby-1.9.3-p551/bin/ruby_executable_hooks:15:in `eval'
  /home/invest/.rvm/gems/ruby-1.9.3-p551/bin/ruby_executable_hooks:15:in `<main>'


I, [2015-09-17T02:28:24.846782 #2407]  INFO -- : Started GET "/devise/users/companies" for 188.42.240.119 at 2015-09-17 02:28:24 +0300
F, [2015-09-17T02:28:24.851482 #2407] FATAL -- : 
ActionController::RoutingError (No route matches [GET] "/devise/users/companies"):
  actionpack (4.0.0) lib/action_dispatch/middleware/debug_exceptions.rb:21:in `call'
  actionpack (4.0.0) lib/action_dispatch/middleware/show_exceptions.rb:30:in `call'
  railties (4.0.0) lib/rails/rack/logger.rb:38:in `call_app'
  railties (4.0.0) lib/rails/rack/logger.rb:21:in `block in call'
  activesupport (4.0.0) lib/active_support/tagged_logging.rb:67:in `block in tagged'
  activesupport (4.0.0) lib/active_support/tagged_logging.rb:25:in `tagged'
  activesupport (4.0.0) lib/active_support/tagged_logging.rb:67:in `tagged'
  railties (4.0.0) lib/rails/rack/logger.rb:21:in `call'
  actionpack (4.0.0) lib/action_dispatch/middleware/request_id.rb:21:in `call'
  rack (1.5.2) lib/rack/methodoverride.rb:21:in `call'
  rack (1.5.2) lib/rack/runtime.rb:17:in `call'
  activesupport (4.0.0) lib/active_support/cache/strategy/local_cache.rb:83:in `call'
  railties (4.0.0) lib/rails/engine.rb:511:in `call'
  railties (4.0.0) lib/rails/application.rb:97:in `call'
  unicorn (4.6.3) lib/unicorn/http_server.rb:552:in `process_client'
  unicorn (4.6.3) lib/unicorn/http_server.rb:632:in `worker_loop'
  unicorn (4.6.3) lib/unicorn/http_server.rb:500:in `spawn_missing_workers'
  unicorn (4.6.3) lib/unicorn/http_server.rb:142:in `start'
  unicorn (4.6.3) bin/unicorn:126:in `<top (required)>'
  /home/invest/.rvm/gems/ruby-1.9.3-p551/bin/unicorn:23:in `load'
  /home/invest/.rvm/gems/ruby-1.9.3-p551/bin/unicorn:23:in `<main>'
  /home/invest/.rvm/gems/ruby-1.9.3-p551/bin/ruby_executable_hooks:15:in `eval'
  /home/invest/.rvm/gems/ruby-1.9.3-p551/bin/ruby_executable_hooks:15:in `<main>'


I, [2015-09-18T10:54:28.035701 #2413]  INFO -- : Started GET "/projects?locale=ru" for 217.69.133.224 at 2015-09-18 10:54:28 +0300
I, [2015-09-18T10:54:28.040520 #2413]  INFO -- : Processing by ProjectsController#index as */*
I, [2015-09-18T10:54:28.040691 #2413]  INFO -- :   Parameters: {"locale"=>"ru"}
I, [2015-09-18T10:54:28.044697 #2413]  INFO -- : Completed 401 Unauthorized in 4ms
I, [2015-09-18T10:54:29.093303 #2407]  INFO -- : Started GET "/devise/users/sign_in" for 217.69.133.224 at 2015-09-18 10:54:29 +0300
I, [2015-09-18T10:54:29.097651 #2407]  INFO -- : Processing by Devise::SessionsController#new as */*
I, [2015-09-18T10:54:29.115188 #2407]  INFO -- :   Rendered devise/sessions/new.html.haml within layouts/application (11.2ms)
I, [2015-09-18T10:54:29.228631 #2407]  INFO -- : Completed 200 OK in 131ms (Views: 125.6ms | ActiveRecord: 0.0ms)
I, [2015-09-18T15:30:32.485609 #2404]  INFO -- : Started GET "/companies?locale=ru" for 217.69.133.226 at 2015-09-18 15:30:32 +0300
I, [2015-09-18T15:30:32.496909 #2404]  INFO -- : Processing by CompaniesController#index as */*
I, [2015-09-18T15:30:32.497057 #2404]  INFO -- :   Parameters: {"locale"=>"ru"}
I, [2015-09-18T15:30:32.500687 #2404]  INFO -- : Completed 401 Unauthorized in 3ms
I, [2015-09-18T15:30:33.587375 #2407]  INFO -- : Started GET "/devise/users/sign_in" for 217.69.133.226 at 2015-09-18 15:30:33 +0300
I, [2015-09-18T15:30:33.591385 #2407]  INFO -- : Processing by Devise::SessionsController#new as */*
I, [2015-09-18T15:30:33.607219 #2407]  INFO -- :   Rendered devise/sessions/new.html.haml within layouts/application (10.2ms)
I, [2015-09-18T15:30:33.640310 #2407]  INFO -- : Completed 200 OK in 49ms (Views: 44.2ms | ActiveRecord: 0.0ms)
I, [2015-09-18T17:02:36.070602 #2413]  INFO -- : Started GET "/cities?locale=ru" for 217.69.133.225 at 2015-09-18 17:02:36 +0300
I, [2015-09-18T17:02:36.076055 #2413]  INFO -- : Processing by CitiesController#index as */*
I, [2015-09-18T17:02:36.076214 #2413]  INFO -- :   Parameters: {"locale"=>"ru"}
I, [2015-09-18T17:02:36.079224 #2413]  INFO -- : Completed 401 Unauthorized in 3ms
I, [2015-09-18T17:02:37.128370 #2407]  INFO -- : Started GET "/devise/users/sign_in" for 217.69.133.221 at 2015-09-18 17:02:37 +0300
I, [2015-09-18T17:02:37.130975 #2407]  INFO -- : Processing by Devise::SessionsController#new as */*
I, [2015-09-18T17:02:37.139316 #2407]  INFO -- :   Rendered devise/sessions/new.html.haml within layouts/application (5.4ms)
I, [2015-09-18T17:02:37.155700 #2407]  INFO -- : Completed 200 OK in 25ms (Views: 22.2ms | ActiveRecord: 0.0ms)
I, [2015-09-19T00:42:52.701610 #2404]  INFO -- : Started GET "/?locale=ru" for 217.69.133.68 at 2015-09-19 00:42:52 +0300
I, [2015-09-19T00:42:52.707282 #2404]  INFO -- : Processing by ProjectsController#index as */*
I, [2015-09-19T00:42:52.707471 #2404]  INFO -- :   Parameters: {"locale"=>"ru"}
I, [2015-09-19T00:42:52.711079 #2404]  INFO -- : Completed 401 Unauthorized in 3ms
I, [2015-09-19T00:42:53.798158 #2407]  INFO -- : Started GET "/devise/users/sign_in" for 217.69.133.68 at 2015-09-19 00:42:53 +0300
I, [2015-09-19T00:42:53.802486 #2407]  INFO -- : Processing by Devise::SessionsController#new as */*
I, [2015-09-19T00:42:53.819451 #2407]  INFO -- :   Rendered devise/sessions/new.html.haml within layouts/application (10.8ms)
I, [2015-09-19T00:42:53.851460 #2407]  INFO -- : Completed 200 OK in 49ms (Views: 43.9ms | ActiveRecord: 0.0ms)
I, [2015-09-19T03:47:09.667131 #2413]  INFO -- : Started GET "/platforms?locale=ru" for 217.69.133.224 at 2015-09-19 03:47:09 +0300
I, [2015-09-19T03:47:09.680561 #2413]  INFO -- : Processing by PlatformsController#index as */*
I, [2015-09-19T03:47:09.680722 #2413]  INFO -- :   Parameters: {"locale"=>"ru"}
I, [2015-09-19T03:47:09.684476 #2413]  INFO -- : Completed 401 Unauthorized in 3ms
I, [2015-09-19T03:47:10.735645 #2407]  INFO -- : Started GET "/devise/users/sign_in" for 217.69.133.223 at 2015-09-19 03:47:10 +0300
I, [2015-09-19T03:47:10.739193 #2407]  INFO -- : Processing by Devise::SessionsController#new as */*
I, [2015-09-19T03:47:10.753914 #2407]  INFO -- :   Rendered devise/sessions/new.html.haml within layouts/application (9.7ms)
I, [2015-09-19T03:47:10.872431 #2407]  INFO -- : Completed 200 OK in 133ms (Views: 128.9ms | ActiveRecord: 0.0ms)
I, [2015-09-24T16:06:15.014139 #2404]  INFO -- : Started GET "/" for 66.249.67.49 at 2015-09-24 16:06:15 +0300
I, [2015-09-24T16:06:15.019132 #2404]  INFO -- : Processing by ProjectsController#index as HTML
I, [2015-09-24T16:06:15.023050 #2404]  INFO -- : Completed 401 Unauthorized in 4ms
I, [2015-09-24T16:06:15.303202 #2407]  INFO -- : Started GET "/devise/users/sign_in" for 66.249.67.57 at 2015-09-24 16:06:15 +0300
I, [2015-09-24T16:06:15.307324 #2407]  INFO -- : Processing by Devise::SessionsController#new as HTML
I, [2015-09-24T16:06:15.325255 #2407]  INFO -- :   Rendered devise/sessions/new.html.haml within layouts/application (11.9ms)
I, [2015-09-24T16:06:15.356198 #2407]  INFO -- : Completed 200 OK in 49ms (Views: 44.0ms | ActiveRecord: 0.0ms)
I, [2015-09-27T15:50:32.944744 #2404]  INFO -- : Started GET "/" for 66.249.75.183 at 2015-09-27 15:50:32 +0300
I, [2015-09-27T15:50:32.947485 #2404]  INFO -- : Processing by ProjectsController#index as HTML
I, [2015-09-27T15:50:32.950478 #2404]  INFO -- : Completed 401 Unauthorized in 3ms
I, [2015-09-27T15:50:33.344813 #2407]  INFO -- : Started GET "/devise/users/sign_in" for 66.249.75.204 at 2015-09-27 15:50:33 +0300
I, [2015-09-27T15:50:33.348608 #2407]  INFO -- : Processing by Devise::SessionsController#new as HTML
I, [2015-09-27T15:50:33.365964 #2407]  INFO -- :   Rendered devise/sessions/new.html.haml within layouts/application (11.4ms)
I, [2015-09-27T15:50:33.454013 #2407]  INFO -- : Completed 200 OK in 105ms (Views: 100.7ms | ActiveRecord: 0.0ms)
I, [2015-09-27T17:29:50.767730 #2413]  INFO -- : Started GET "/clusters?locale=ru" for 217.69.133.217 at 2015-09-27 17:29:50 +0300
I, [2015-09-27T17:29:50.778144 #2413]  INFO -- : Processing by ClustersController#index as */*
I, [2015-09-27T17:29:50.778330 #2413]  INFO -- :   Parameters: {"locale"=>"ru"}
I, [2015-09-27T17:29:50.782728 #2413]  INFO -- : Completed 401 Unauthorized in 4ms
I, [2015-09-27T17:29:51.982225 #2407]  INFO -- : Started GET "/devise/users/sign_in" for 217.69.133.84 at 2015-09-27 17:29:51 +0300
I, [2015-09-27T17:29:51.985836 #2407]  INFO -- : Processing by Devise::SessionsController#new as */*
I, [2015-09-27T17:29:52.004183 #2407]  INFO -- :   Rendered devise/sessions/new.html.haml within layouts/application (11.7ms)
I, [2015-09-27T17:29:52.036119 #2407]  INFO -- : Completed 200 OK in 50ms (Views: 44.7ms | ActiveRecord: 0.0ms)
I, [2015-09-27T23:42:18.083007 #2407]  INFO -- : Started GET "/projects" for 217.69.133.215 at 2015-09-27 23:42:18 +0300
I, [2015-09-27T23:42:18.088551 #2407]  INFO -- : Processing by ProjectsController#index as */*
I, [2015-09-27T23:42:18.091949 #2407]  INFO -- : Completed 401 Unauthorized in 3ms
I, [2015-09-27T23:42:19.220485 #2407]  INFO -- : Started GET "/devise/users/sign_in" for 217.69.133.219 at 2015-09-27 23:42:19 +0300
I, [2015-09-27T23:42:19.223108 #2407]  INFO -- : Processing by Devise::SessionsController#new as */*
I, [2015-09-27T23:42:19.239528 #2407]  INFO -- :   Rendered devise/sessions/new.html.haml within layouts/application (10.5ms)
I, [2015-09-27T23:42:19.270341 #2407]  INFO -- : Completed 200 OK in 47ms (Views: 42.3ms | ActiveRecord: 0.0ms)
I, [2015-09-28T04:21:44.614863 #2413]  INFO -- : Started GET "/clusters" for 217.69.133.215 at 2015-09-28 04:21:44 +0300
I, [2015-09-28T04:21:44.628644 #2413]  INFO -- : Processing by ClustersController#index as */*
I, [2015-09-28T04:21:44.632005 #2413]  INFO -- : Completed 401 Unauthorized in 3ms
I, [2015-09-28T04:21:45.691384 #2413]  INFO -- : Started GET "/devise/users/sign_in" for 217.69.133.216 at 2015-09-28 04:21:45 +0300
I, [2015-09-28T04:21:45.693855 #2413]  INFO -- : Processing by Devise::SessionsController#new as */*
I, [2015-09-28T04:21:45.712262 #2413]  INFO -- :   Rendered devise/sessions/new.html.haml within layouts/application (12.6ms)
I, [2015-09-28T04:21:45.747391 #2413]  INFO -- : Completed 200 OK in 53ms (Views: 48.9ms | ActiveRecord: 0.0ms)
I, [2015-09-28T13:42:12.346929 #2407]  INFO -- : Started GET "/platforms" for 217.69.133.218 at 2015-09-28 13:42:12 +0300
I, [2015-09-28T13:42:12.356345 #2407]  INFO -- : Processing by PlatformsController#index as */*
I, [2015-09-28T13:42:12.360325 #2407]  INFO -- : Completed 401 Unauthorized in 4ms
I, [2015-09-28T13:42:13.444648 #2413]  INFO -- : Started GET "/devise/users/sign_in" for 217.69.133.216 at 2015-09-28 13:42:13 +0300
I, [2015-09-28T13:42:13.448460 #2413]  INFO -- : Processing by Devise::SessionsController#new as */*
I, [2015-09-28T13:42:13.463656 #2413]  INFO -- :   Rendered devise/sessions/new.html.haml within layouts/application (10.0ms)
I, [2015-09-28T13:42:13.494367 #2413]  INFO -- : Completed 200 OK in 46ms (Views: 41.4ms | ActiveRecord: 0.0ms)
I, [2015-09-28T18:21:23.518191 #2404]  INFO -- : Started GET "/cities" for 217.69.133.218 at 2015-09-28 18:21:23 +0300
I, [2015-09-28T18:21:23.530283 #2404]  INFO -- : Processing by CitiesController#index as */*
I, [2015-09-28T18:21:23.534708 #2404]  INFO -- : Completed 401 Unauthorized in 4ms
I, [2015-09-28T18:21:24.588880 #2413]  INFO -- : Started GET "/devise/users/sign_in" for 217.69.133.84 at 2015-09-28 18:21:24 +0300
I, [2015-09-28T18:21:24.594062 #2413]  INFO -- : Processing by Devise::SessionsController#new as */*
I, [2015-09-28T18:21:24.612331 #2413]  INFO -- :   Rendered devise/sessions/new.html.haml within layouts/application (11.6ms)
I, [2015-09-28T18:21:24.743520 #2413]  INFO -- : Completed 200 OK in 149ms (Views: 143.8ms | ActiveRecord: 0.0ms)
I, [2015-09-28T21:27:49.775329 #2410]  INFO -- : Started GET "/companies" for 217.69.133.216 at 2015-09-28 21:27:49 +0300
I, [2015-09-28T21:27:49.788203 #2410]  INFO -- : Processing by CompaniesController#index as */*
I, [2015-09-28T21:27:49.792221 #2410]  INFO -- : Completed 401 Unauthorized in 4ms
I, [2015-09-28T21:27:50.836485 #2410]  INFO -- : Started GET "/devise/users/sign_in" for 217.69.133.216 at 2015-09-28 21:27:50 +0300
I, [2015-09-28T21:27:50.839362 #2410]  INFO -- : Processing by Devise::SessionsController#new as */*
I, [2015-09-28T21:27:50.855008 #2410]  INFO -- :   Rendered devise/sessions/new.html.haml within layouts/application (10.5ms)
I, [2015-09-28T21:27:50.888037 #2410]  INFO -- : Completed 200 OK in 48ms (Views: 44.4ms | ActiveRecord: 0.0ms)
I, [2015-09-29T05:12:55.917881 #2407]  INFO -- : Started GET "/industrial_parks" for 217.69.133.67 at 2015-09-29 05:12:55 +0300
I, [2015-09-29T05:12:55.927126 #2407]  INFO -- : Processing by IndustrialParksController#index as */*
I, [2015-09-29T05:12:55.929251 #2407]  INFO -- : Completed 401 Unauthorized in 2ms
I, [2015-09-29T05:12:56.971422 #2404]  INFO -- : Started GET "/devise/users/sign_in" for 217.69.133.216 at 2015-09-29 05:12:56 +0300
I, [2015-09-29T05:12:56.976078 #2404]  INFO -- : Processing by Devise::SessionsController#new as */*
I, [2015-09-29T05:12:56.984681 #2404]  INFO -- :   Rendered devise/sessions/new.html.haml within layouts/application (5.7ms)
I, [2015-09-29T05:12:57.001215 #2404]  INFO -- : Completed 200 OK in 25ms (Views: 22.7ms | ActiveRecord: 0.0ms)
I, [2015-10-02T20:25:13.778202 #2407]  INFO -- : Started GET "/" for 66.249.78.56 at 2015-10-02 20:25:13 +0300
I, [2015-10-02T20:25:13.782877 #2407]  INFO -- : Processing by ProjectsController#index as HTML
I, [2015-10-02T20:25:13.786453 #2407]  INFO -- : Completed 401 Unauthorized in 3ms
I, [2015-10-02T20:25:14.092683 #2407]  INFO -- : Started GET "/devise/users/sign_in" for 66.249.78.49 at 2015-10-02 20:25:14 +0300
I, [2015-10-02T20:25:14.095050 #2407]  INFO -- : Processing by Devise::SessionsController#new as HTML
I, [2015-10-02T20:25:14.197315 #2407]  INFO -- :   Rendered devise/sessions/new.html.haml within layouts/application (96.8ms)
I, [2015-10-02T20:25:14.225979 #2407]  INFO -- : Completed 200 OK in 131ms (Views: 126.5ms | ActiveRecord: 0.0ms)
I, [2015-10-05T15:27:49.517013 #2407]  INFO -- : Started GET "/devise/users/sign_in?locale=en" for 93.158.178.211 at 2015-10-05 15:27:49 +0300
I, [2015-10-05T15:27:49.522176 #2407]  INFO -- : Processing by Devise::SessionsController#new as */*
I, [2015-10-05T15:27:49.522333 #2407]  INFO -- :   Parameters: {"locale"=>"en"}
I, [2015-10-05T15:27:49.632120 #2407]  INFO -- :   Rendered devise/sessions/new.html.haml within layouts/application (13.6ms)
I, [2015-10-05T15:27:49.666667 #2407]  INFO -- : Completed 200 OK in 144ms (Views: 138.9ms | ActiveRecord: 0.0ms)
I, [2015-10-06T08:41:35.328275 #2413]  INFO -- : Started GET "/" for 72.76.243.86 at 2015-10-06 08:41:35 +0300
I, [2015-10-06T08:41:35.334105 #2413]  INFO -- : Processing by ProjectsController#index as HTML
I, [2015-10-06T08:41:35.337780 #2413]  INFO -- : Completed 401 Unauthorized in 3ms
I, [2015-10-06T08:41:35.615060 #2410]  INFO -- : Started GET "/devise/users/sign_in" for 72.76.243.86 at 2015-10-06 08:41:35 +0300
I, [2015-10-06T08:41:35.620310 #2410]  INFO -- : Processing by Devise::SessionsController#new as HTML
I, [2015-10-06T08:41:35.638160 #2410]  INFO -- :   Rendered devise/sessions/new.html.haml within layouts/application (11.9ms)
I, [2015-10-06T08:41:35.669427 #2410]  INFO -- : Completed 200 OK in 49ms (Views: 44.1ms | ActiveRecord: 0.0ms)
I, [2015-10-06T08:41:42.060865 #2413]  INFO -- : Started GET "/assets/%7Bsrc%7D" for 72.76.243.86 at 2015-10-06 08:41:42 +0300
F, [2015-10-06T08:41:42.064656 #2413] FATAL -- : 
ActionController::RoutingError (No route matches [GET] "/assets/%7Bsrc%7D"):
  actionpack (4.0.0) lib/action_dispatch/middleware/debug_exceptions.rb:21:in `call'
  actionpack (4.0.0) lib/action_dispatch/middleware/show_exceptions.rb:30:in `call'
  railties (4.0.0) lib/rails/rack/logger.rb:38:in `call_app'
  railties (4.0.0) lib/rails/rack/logger.rb:21:in `block in call'
  activesupport (4.0.0) lib/active_support/tagged_logging.rb:67:in `block in tagged'
  activesupport (4.0.0) lib/active_support/tagged_logging.rb:25:in `tagged'
  activesupport (4.0.0) lib/active_support/tagged_logging.rb:67:in `tagged'
  railties (4.0.0) lib/rails/rack/logger.rb:21:in `call'
  actionpack (4.0.0) lib/action_dispatch/middleware/request_id.rb:21:in `call'
  rack (1.5.2) lib/rack/methodoverride.rb:21:in `call'
  rack (1.5.2) lib/rack/runtime.rb:17:in `call'
  activesupport (4.0.0) lib/active_support/cache/strategy/local_cache.rb:83:in `call'
  railties (4.0.0) lib/rails/engine.rb:511:in `call'
  railties (4.0.0) lib/rails/application.rb:97:in `call'
  unicorn (4.6.3) lib/unicorn/http_server.rb:552:in `process_client'
  unicorn (4.6.3) lib/unicorn/http_server.rb:632:in `worker_loop'
  unicorn (4.6.3) lib/unicorn/http_server.rb:500:in `spawn_missing_workers'
  unicorn (4.6.3) lib/unicorn/http_server.rb:142:in `start'
  unicorn (4.6.3) bin/unicorn:126:in `<top (required)>'
  /home/invest/.rvm/gems/ruby-1.9.3-p551/bin/unicorn:23:in `load'
  /home/invest/.rvm/gems/ruby-1.9.3-p551/bin/unicorn:23:in `<main>'
  /home/invest/.rvm/gems/ruby-1.9.3-p551/bin/ruby_executable_hooks:15:in `eval'
  /home/invest/.rvm/gems/ruby-1.9.3-p551/bin/ruby_executable_hooks:15:in `<main>'


I, [2015-10-06T08:41:43.337802 #2407]  INFO -- : Started GET "/assets/ckeditor.js" for 72.76.243.86 at 2015-10-06 08:41:43 +0300
F, [2015-10-06T08:41:43.343511 #2407] FATAL -- : 
ActionController::RoutingError (No route matches [GET] "/assets/ckeditor.js"):
  actionpack (4.0.0) lib/action_dispatch/middleware/debug_exceptions.rb:21:in `call'
  actionpack (4.0.0) lib/action_dispatch/middleware/show_exceptions.rb:30:in `call'
  railties (4.0.0) lib/rails/rack/logger.rb:38:in `call_app'
  railties (4.0.0) lib/rails/rack/logger.rb:21:in `block in call'
  activesupport (4.0.0) lib/active_support/tagged_logging.rb:67:in `block in tagged'
  activesupport (4.0.0) lib/active_support/tagged_logging.rb:25:in `tagged'
  activesupport (4.0.0) lib/active_support/tagged_logging.rb:67:in `tagged'
  railties (4.0.0) lib/rails/rack/logger.rb:21:in `call'
  actionpack (4.0.0) lib/action_dispatch/middleware/request_id.rb:21:in `call'
  rack (1.5.2) lib/rack/methodoverride.rb:21:in `call'
  rack (1.5.2) lib/rack/runtime.rb:17:in `call'
  activesupport (4.0.0) lib/active_support/cache/strategy/local_cache.rb:83:in `call'
  railties (4.0.0) lib/rails/engine.rb:511:in `call'
  railties (4.0.0) lib/rails/application.rb:97:in `call'
  unicorn (4.6.3) lib/unicorn/http_server.rb:552:in `process_client'
  unicorn (4.6.3) lib/unicorn/http_server.rb:632:in `worker_loop'
  unicorn (4.6.3) lib/unicorn/http_server.rb:500:in `spawn_missing_workers'
  unicorn (4.6.3) lib/unicorn/http_server.rb:142:in `start'
  unicorn (4.6.3) bin/unicorn:126:in `<top (required)>'
  /home/invest/.rvm/gems/ruby-1.9.3-p551/bin/unicorn:23:in `load'
  /home/invest/.rvm/gems/ruby-1.9.3-p551/bin/unicorn:23:in `<main>'
  /home/invest/.rvm/gems/ruby-1.9.3-p551/bin/ruby_executable_hooks:15:in `eval'
  /home/invest/.rvm/gems/ruby-1.9.3-p551/bin/ruby_executable_hooks:15:in `<main>'


I, [2015-10-06T08:41:44.620158 #2404]  INFO -- : Started GET "/assets/'+o+'" for 72.76.243.86 at 2015-10-06 08:41:44 +0300
F, [2015-10-06T08:41:44.627426 #2404] FATAL -- : 
ActionController::RoutingError (No route matches [GET] "/assets/'+o+'"):
  actionpack (4.0.0) lib/action_dispatch/middleware/debug_exceptions.rb:21:in `call'
  actionpack (4.0.0) lib/action_dispatch/middleware/show_exceptions.rb:30:in `call'
  railties (4.0.0) lib/rails/rack/logger.rb:38:in `call_app'
  railties (4.0.0) lib/rails/rack/logger.rb:21:in `block in call'
  activesupport (4.0.0) lib/active_support/tagged_logging.rb:67:in `block in tagged'
  activesupport (4.0.0) lib/active_support/tagged_logging.rb:25:in `tagged'
  activesupport (4.0.0) lib/active_support/tagged_logging.rb:67:in `tagged'
  railties (4.0.0) lib/rails/rack/logger.rb:21:in `call'
  actionpack (4.0.0) lib/action_dispatch/middleware/request_id.rb:21:in `call'
  rack (1.5.2) lib/rack/methodoverride.rb:21:in `call'
  rack (1.5.2) lib/rack/runtime.rb:17:in `call'
  activesupport (4.0.0) lib/active_support/cache/strategy/local_cache.rb:83:in `call'
  railties (4.0.0) lib/rails/engine.rb:511:in `call'
  railties (4.0.0) lib/rails/application.rb:97:in `call'
  unicorn (4.6.3) lib/unicorn/http_server.rb:552:in `process_client'
  unicorn (4.6.3) lib/unicorn/http_server.rb:632:in `worker_loop'
  unicorn (4.6.3) lib/unicorn/http_server.rb:500:in `spawn_missing_workers'
  unicorn (4.6.3) lib/unicorn/http_server.rb:142:in `start'
  unicorn (4.6.3) bin/unicorn:126:in `<top (required)>'
  /home/invest/.rvm/gems/ruby-1.9.3-p551/bin/unicorn:23:in `load'
  /home/invest/.rvm/gems/ruby-1.9.3-p551/bin/unicorn:23:in `<main>'
  /home/invest/.rvm/gems/ruby-1.9.3-p551/bin/ruby_executable_hooks:15:in `eval'
  /home/invest/.rvm/gems/ruby-1.9.3-p551/bin/ruby_executable_hooks:15:in `<main>'


I, [2015-10-06T08:41:45.907326 #2410]  INFO -- : Started GET "/directory/ownership_types" for 72.76.243.86 at 2015-10-06 08:41:45 +0300
I, [2015-10-06T08:41:45.915407 #2410]  INFO -- : Processing by Directory::OwnershipTypesController#index as HTML
I, [2015-10-06T08:41:45.919046 #2410]  INFO -- : Completed 401 Unauthorized in 3ms
I, [2015-10-06T08:41:46.198009 #2410]  INFO -- : Started GET "/devise/users/sign_in" for 72.76.243.86 at 2015-10-06 08:41:46 +0300
I, [2015-10-06T08:41:46.201117 #2410]  INFO -- : Processing by Devise::SessionsController#new as HTML
I, [2015-10-06T08:41:46.214784 #2410]  INFO -- :   Rendered devise/sessions/new.html.haml within layouts/application (9.2ms)
I, [2015-10-06T08:41:46.245961 #2410]  INFO -- : Completed 200 OK in 45ms (Views: 41.2ms | ActiveRecord: 0.0ms)
I, [2015-10-06T08:41:53.876296 #2413]  INFO -- : Started GET "/directory/land_categories" for 72.76.243.86 at 2015-10-06 08:41:53 +0300
I, [2015-10-06T08:41:53.884216 #2413]  INFO -- : Processing by Directory::LandCategoriesController#index as HTML
I, [2015-10-06T08:41:53.887874 #2413]  INFO -- : Completed 401 Unauthorized in 3ms
I, [2015-10-06T08:41:54.158461 #2413]  INFO -- : Started GET "/devise/users/sign_in" for 72.76.243.86 at 2015-10-06 08:41:54 +0300
I, [2015-10-06T08:41:54.161717 #2413]  INFO -- : Processing by Devise::SessionsController#new as HTML
I, [2015-10-06T08:41:54.175810 #2413]  INFO -- :   Rendered devise/sessions/new.html.haml within layouts/application (9.3ms)
I, [2015-10-06T08:41:54.206205 #2413]  INFO -- : Completed 200 OK in 44ms (Views: 40.6ms | ActiveRecord: 0.0ms)
I, [2015-10-06T08:41:55.352435 #2413]  INFO -- : Started GET "/directory/economic_activities" for 72.76.243.86 at 2015-10-06 08:41:55 +0300
I, [2015-10-06T08:41:55.360365 #2413]  INFO -- : Processing by Directory::EconomicActivitiesController#index as HTML
I, [2015-10-06T08:41:55.363783 #2413]  INFO -- : Completed 401 Unauthorized in 3ms
I, [2015-10-06T08:41:55.637266 #2404]  INFO -- : Started GET "/devise/users/sign_in" for 72.76.243.86 at 2015-10-06 08:41:55 +0300
I, [2015-10-06T08:41:55.641042 #2404]  INFO -- : Processing by Devise::SessionsController#new as HTML
I, [2015-10-06T08:41:55.656871 #2404]  INFO -- :   Rendered devise/sessions/new.html.haml within layouts/application (10.2ms)
I, [2015-10-06T08:41:55.689153 #2404]  INFO -- : Completed 200 OK in 48ms (Views: 43.5ms | ActiveRecord: 0.0ms)
I, [2015-10-06T08:41:56.838231 #2413]  INFO -- : Started GET "/multipart/form-data" for 72.76.243.86 at 2015-10-06 08:41:56 +0300
F, [2015-10-06T08:41:56.841802 #2413] FATAL -- : 
ActionController::RoutingError (No route matches [GET] "/multipart/form-data"):
  actionpack (4.0.0) lib/action_dispatch/middleware/debug_exceptions.rb:21:in `call'
  actionpack (4.0.0) lib/action_dispatch/middleware/show_exceptions.rb:30:in `call'
  railties (4.0.0) lib/rails/rack/logger.rb:38:in `call_app'
  railties (4.0.0) lib/rails/rack/logger.rb:21:in `block in call'
  activesupport (4.0.0) lib/active_support/tagged_logging.rb:67:in `block in tagged'
  activesupport (4.0.0) lib/active_support/tagged_logging.rb:25:in `tagged'
  activesupport (4.0.0) lib/active_support/tagged_logging.rb:67:in `tagged'
  railties (4.0.0) lib/rails/rack/logger.rb:21:in `call'
  actionpack (4.0.0) lib/action_dispatch/middleware/request_id.rb:21:in `call'
  rack (1.5.2) lib/rack/methodoverride.rb:21:in `call'
  rack (1.5.2) lib/rack/runtime.rb:17:in `call'
  activesupport (4.0.0) lib/active_support/cache/strategy/local_cache.rb:83:in `call'
  railties (4.0.0) lib/rails/engine.rb:511:in `call'
  railties (4.0.0) lib/rails/application.rb:97:in `call'
  unicorn (4.6.3) lib/unicorn/http_server.rb:552:in `process_client'
  unicorn (4.6.3) lib/unicorn/http_server.rb:632:in `worker_loop'
  unicorn (4.6.3) lib/unicorn/http_server.rb:500:in `spawn_missing_workers'
  unicorn (4.6.3) lib/unicorn/http_server.rb:142:in `start'
  unicorn (4.6.3) bin/unicorn:126:in `<top (required)>'
  /home/invest/.rvm/gems/ruby-1.9.3-p551/bin/unicorn:23:in `load'
  /home/invest/.rvm/gems/ruby-1.9.3-p551/bin/unicorn:23:in `<main>'
  /home/invest/.rvm/gems/ruby-1.9.3-p551/bin/ruby_executable_hooks:15:in `eval'
  /home/invest/.rvm/gems/ruby-1.9.3-p551/bin/ruby_executable_hooks:15:in `<main>'


I, [2015-10-06T08:41:58.120067 #2410]  INFO -- : Started GET "/infrastructure/gas_distribution_stations" for 72.76.243.86 at 2015-10-06 08:41:58 +0300
I, [2015-10-06T08:41:58.127860 #2410]  INFO -- : Processing by Infrastructure::GasDistributionStationsController#index as HTML
I, [2015-10-06T08:41:58.131332 #2410]  INFO -- : Completed 401 Unauthorized in 3ms
I, [2015-10-06T08:41:58.406720 #2404]  INFO -- : Started GET "/devise/users/sign_in" for 72.76.243.86 at 2015-10-06 08:41:58 +0300
I, [2015-10-06T08:41:58.409898 #2404]  INFO -- : Processing by Devise::SessionsController#new as HTML
I, [2015-10-06T08:41:58.423208 #2404]  INFO -- :   Rendered devise/sessions/new.html.haml within layouts/application (9.0ms)
I, [2015-10-06T08:41:58.452622 #2404]  INFO -- : Completed 200 OK in 42ms (Views: 39.1ms | ActiveRecord: 0.0ms)
I, [2015-10-06T08:41:59.600641 #2407]  INFO -- : Started GET "/industrial_parks" for 72.76.243.86 at 2015-10-06 08:41:59 +0300
I, [2015-10-06T08:41:59.610912 #2407]  INFO -- : Processing by IndustrialParksController#index as HTML
I, [2015-10-06T08:41:59.614356 #2407]  INFO -- : Completed 401 Unauthorized in 3ms
I, [2015-10-06T08:41:59.890113 #2413]  INFO -- : Started GET "/devise/users/sign_in" for 72.76.243.86 at 2015-10-06 08:41:59 +0300
I, [2015-10-06T08:41:59.893115 #2413]  INFO -- : Processing by Devise::SessionsController#new as HTML
I, [2015-10-06T08:41:59.906883 #2413]  INFO -- :   Rendered devise/sessions/new.html.haml within layouts/application (9.1ms)
I, [2015-10-06T08:41:59.937208 #2413]  INFO -- : Completed 200 OK in 44ms (Views: 40.2ms | ActiveRecord: 0.0ms)
I, [2015-10-06T08:42:01.083006 #2410]  INFO -- : Started GET "/municipalities" for 72.76.243.86 at 2015-10-06 08:42:01 +0300
I, [2015-10-06T08:42:01.091282 #2410]  INFO -- : Processing by MunicipalitiesController#index as HTML
I, [2015-10-06T08:42:01.094648 #2410]  INFO -- : Completed 401 Unauthorized in 3ms
I, [2015-10-06T08:42:01.368412 #2404]  INFO -- : Started GET "/devise/users/sign_in" for 72.76.243.86 at 2015-10-06 08:42:01 +0300
I, [2015-10-06T08:42:01.371607 #2404]  INFO -- : Processing by Devise::SessionsController#new as HTML
I, [2015-10-06T08:42:01.385110 #2404]  INFO -- :   Rendered devise/sessions/new.html.haml within layouts/application (9.1ms)
I, [2015-10-06T08:42:01.415278 #2404]  INFO -- : Completed 200 OK in 43ms (Views: 39.9ms | ActiveRecord: 0.0ms)
I, [2015-10-06T08:42:02.562148 #2413]  INFO -- : Started GET "/directory/natural_resource_types" for 72.76.243.86 at 2015-10-06 08:42:02 +0300
I, [2015-10-06T08:42:02.570517 #2413]  INFO -- : Processing by Directory::NaturalResourceTypesController#index as HTML
I, [2015-10-06T08:42:02.574025 #2413]  INFO -- : Completed 401 Unauthorized in 3ms
I, [2015-10-06T08:42:02.992419 #2407]  INFO -- : Started GET "/devise/users/sign_in" for 72.76.243.86 at 2015-10-06 08:42:02 +0300
I, [2015-10-06T08:42:02.995500 #2407]  INFO -- : Processing by Devise::SessionsController#new as HTML
I, [2015-10-06T08:42:03.011256 #2407]  INFO -- :   Rendered devise/sessions/new.html.haml within layouts/application (10.4ms)
I, [2015-10-06T08:42:03.042122 #2407]  INFO -- : Completed 200 OK in 46ms (Views: 42.2ms | ActiveRecord: 0.0ms)
I, [2015-10-06T08:42:04.208590 #2413]  INFO -- : Started GET "/natural_resources" for 72.76.243.86 at 2015-10-06 08:42:04 +0300
I, [2015-10-06T08:42:04.216242 #2413]  INFO -- : Processing by NaturalResourcesController#index as HTML
I, [2015-10-06T08:42:04.219642 #2413]  INFO -- : Completed 401 Unauthorized in 3ms
I, [2015-10-06T08:42:04.502016 #2410]  INFO -- : Started GET "/devise/users/sign_in" for 72.76.243.86 at 2015-10-06 08:42:04 +0300
I, [2015-10-06T08:42:04.505364 #2410]  INFO -- : Processing by Devise::SessionsController#new as HTML
I, [2015-10-06T08:42:04.612098 #2410]  INFO -- :   Rendered devise/sessions/new.html.haml within layouts/application (102.3ms)
I, [2015-10-06T08:42:04.640623 #2410]  INFO -- : Completed 200 OK in 135ms (Views: 131.6ms | ActiveRecord: 0.0ms)
I, [2015-10-06T08:42:05.786510 #2404]  INFO -- : Started GET "/companies" for 72.76.243.86 at 2015-10-06 08:42:05 +0300
I, [2015-10-06T08:42:05.795285 #2404]  INFO -- : Processing by CompaniesController#index as HTML
I, [2015-10-06T08:42:05.797691 #2404]  INFO -- : Completed 401 Unauthorized in 2ms
I, [2015-10-06T08:42:06.073950 #2413]  INFO -- : Started GET "/devise/users/sign_in" for 72.76.243.86 at 2015-10-06 08:42:06 +0300
I, [2015-10-06T08:42:06.078298 #2413]  INFO -- : Processing by Devise::SessionsController#new as HTML
I, [2015-10-06T08:42:06.093393 #2413]  INFO -- :   Rendered devise/sessions/new.html.haml within layouts/application (10.5ms)
I, [2015-10-06T08:42:06.125329 #2413]  INFO -- : Completed 200 OK in 47ms (Views: 43.1ms | ActiveRecord: 0.0ms)
I, [2015-10-06T08:42:07.272859 #2407]  INFO -- : Started GET "/directory/activity_spheres" for 72.76.243.86 at 2015-10-06 08:42:07 +0300
I, [2015-10-06T08:42:07.280705 #2407]  INFO -- : Processing by Directory::ActivitySpheresController#index as HTML
I, [2015-10-06T08:42:07.284106 #2407]  INFO -- : Completed 401 Unauthorized in 3ms
I, [2015-10-06T08:42:07.557811 #2413]  INFO -- : Started GET "/devise/users/sign_in" for 72.76.243.86 at 2015-10-06 08:42:07 +0300
I, [2015-10-06T08:42:07.561797 #2413]  INFO -- : Processing by Devise::SessionsController#new as HTML
I, [2015-10-06T08:42:07.576901 #2413]  INFO -- :   Rendered devise/sessions/new.html.haml within layouts/application (9.8ms)
I, [2015-10-06T08:42:07.711630 #2413]  INFO -- : Completed 200 OK in 149ms (Views: 145.5ms | ActiveRecord: 0.0ms)
I, [2015-10-06T08:42:16.207198 #2413]  INFO -- : Started GET "/" for 72.76.243.86 at 2015-10-06 08:42:16 +0300
I, [2015-10-06T08:42:16.210451 #2413]  INFO -- : Processing by ProjectsController#index as HTML
I, [2015-10-06T08:42:16.213122 #2413]  INFO -- : Completed 401 Unauthorized in 2ms
I, [2015-10-06T08:42:16.500988 #2413]  INFO -- : Started GET "/devise/users/sign_in" for 72.76.243.86 at 2015-10-06 08:42:16 +0300
I, [2015-10-06T08:42:16.503392 #2413]  INFO -- : Processing by Devise::SessionsController#new as HTML
I, [2015-10-06T08:42:16.517449 #2413]  INFO -- :   Rendered devise/sessions/new.html.haml within layouts/application (9.4ms)
I, [2015-10-06T08:42:16.548416 #2413]  INFO -- : Completed 200 OK in 45ms (Views: 41.2ms | ActiveRecord: 0.0ms)
I, [2015-10-06T08:42:26.638117 #2404]  INFO -- : Started GET "/directory/economic_activities" for 72.76.243.86 at 2015-10-06 08:42:26 +0300
I, [2015-10-06T08:42:26.733951 #2404]  INFO -- : Processing by Directory::EconomicActivitiesController#index as HTML
I, [2015-10-06T08:42:26.737489 #2404]  INFO -- : Completed 401 Unauthorized in 3ms
I, [2015-10-06T08:42:27.012122 #2410]  INFO -- : Started GET "/devise/users/sign_in" for 72.76.243.86 at 2015-10-06 08:42:27 +0300
I, [2015-10-06T08:42:27.015507 #2410]  INFO -- : Processing by Devise::SessionsController#new as HTML
I, [2015-10-06T08:42:27.029502 #2410]  INFO -- :   Rendered devise/sessions/new.html.haml within layouts/application (9.3ms)
I, [2015-10-06T08:42:27.061070 #2410]  INFO -- : Completed 200 OK in 45ms (Views: 41.6ms | ActiveRecord: 0.0ms)
I, [2015-10-06T08:42:28.210441 #2404]  INFO -- : Started GET "/directory/special_economic_zone_types" for 72.76.243.86 at 2015-10-06 08:42:28 +0300
I, [2015-10-06T08:42:28.218546 #2404]  INFO -- : Processing by Directory::SpecialEconomicZoneTypesController#index as HTML
I, [2015-10-06T08:42:28.222124 #2404]  INFO -- : Completed 401 Unauthorized in 3ms
I, [2015-10-06T08:42:28.495470 #2410]  INFO -- : Started GET "/devise/users/sign_in" for 72.76.243.86 at 2015-10-06 08:42:28 +0300
I, [2015-10-06T08:42:28.498745 #2410]  INFO -- : Processing by Devise::SessionsController#new as HTML
I, [2015-10-06T08:42:28.512000 #2410]  INFO -- :   Rendered devise/sessions/new.html.haml within layouts/application (8.8ms)
I, [2015-10-06T08:42:28.540809 #2410]  INFO -- : Completed 200 OK in 42ms (Views: 38.3ms | ActiveRecord: 0.0ms)
I, [2015-10-06T08:42:30.961987 #2413]  INFO -- : Started GET "/directory/development_plan_types" for 72.76.243.86 at 2015-10-06 08:42:30 +0300
I, [2015-10-06T08:42:30.966689 #2413]  INFO -- : Processing by Directory::DevelopmentPlanTypesController#index as HTML
I, [2015-10-06T08:42:30.968689 #2413]  INFO -- : Completed 401 Unauthorized in 2ms
I, [2015-10-06T08:42:31.248401 #2407]  INFO -- : Started GET "/devise/users/sign_in" for 72.76.243.86 at 2015-10-06 08:42:31 +0300
I, [2015-10-06T08:42:31.252212 #2407]  INFO -- : Processing by Devise::SessionsController#new as HTML
I, [2015-10-06T08:42:31.267283 #2407]  INFO -- :   Rendered devise/sessions/new.html.haml within layouts/application (9.8ms)
I, [2015-10-06T08:42:31.384272 #2407]  INFO -- : Completed 200 OK in 132ms (Views: 127.5ms | ActiveRecord: 0.0ms)
I, [2015-10-06T08:42:32.529756 #2413]  INFO -- : Started GET "/directory/activity_spheres" for 72.76.243.86 at 2015-10-06 08:42:32 +0300
I, [2015-10-06T08:42:32.537438 #2413]  INFO -- : Processing by Directory::ActivitySpheresController#index as HTML
I, [2015-10-06T08:42:32.540911 #2413]  INFO -- : Completed 401 Unauthorized in 3ms
I, [2015-10-06T08:42:32.812404 #2407]  INFO -- : Started GET "/devise/users/sign_in" for 72.76.243.86 at 2015-10-06 08:42:32 +0300
I, [2015-10-06T08:42:32.815787 #2407]  INFO -- : Processing by Devise::SessionsController#new as HTML
I, [2015-10-06T08:42:32.830215 #2407]  INFO -- :   Rendered devise/sessions/new.html.haml within layouts/application (9.6ms)
I, [2015-10-06T08:42:32.861043 #2407]  INFO -- : Completed 200 OK in 45ms (Views: 41.1ms | ActiveRecord: 0.0ms)
I, [2015-10-06T08:42:34.005923 #2413]  INFO -- : Started GET "/directory/land_categories" for 72.76.243.86 at 2015-10-06 08:42:34 +0300
I, [2015-10-06T08:42:34.013307 #2413]  INFO -- : Processing by Directory::LandCategoriesController#index as HTML
I, [2015-10-06T08:42:34.015744 #2413]  INFO -- : Completed 401 Unauthorized in 2ms
I, [2015-10-06T08:42:34.289170 #2404]  INFO -- : Started GET "/devise/users/sign_in" for 72.76.243.86 at 2015-10-06 08:42:34 +0300
I, [2015-10-06T08:42:34.292442 #2404]  INFO -- : Processing by Devise::SessionsController#new as HTML
I, [2015-10-06T08:42:34.306351 #2404]  INFO -- :   Rendered devise/sessions/new.html.haml within layouts/application (9.2ms)
I, [2015-10-06T08:42:34.337078 #2404]  INFO -- : Completed 200 OK in 44ms (Views: 40.7ms | ActiveRecord: 0.0ms)
I, [2015-10-06T08:42:35.483873 #2410]  INFO -- : Started GET "/directory/ownership_types" for 72.76.243.86 at 2015-10-06 08:42:35 +0300
I, [2015-10-06T08:42:35.491265 #2410]  INFO -- : Processing by Directory::OwnershipTypesController#index as HTML
I, [2015-10-06T08:42:35.493687 #2410]  INFO -- : Completed 401 Unauthorized in 2ms
I, [2015-10-06T08:42:35.769193 #2413]  INFO -- : Started GET "/devise/users/sign_in" for 72.76.243.86 at 2015-10-06 08:42:35 +0300
I, [2015-10-06T08:42:35.771966 #2413]  INFO -- : Processing by Devise::SessionsController#new as HTML
I, [2015-10-06T08:42:35.785975 #2413]  INFO -- :   Rendered devise/sessions/new.html.haml within layouts/application (9.3ms)
I, [2015-10-06T08:42:35.816193 #2413]  INFO -- : Completed 200 OK in 44ms (Views: 40.3ms | ActiveRecord: 0.0ms)
I, [2015-10-07T12:47:31.696942 #2413]  INFO -- : Started GET "/" for 195.154.241.65 at 2015-10-07 12:47:31 +0300
I, [2015-10-07T12:47:31.701510 #2413]  INFO -- : Processing by ProjectsController#index as HTML
I, [2015-10-07T12:47:31.705140 #2413]  INFO -- : Completed 401 Unauthorized in 3ms
I, [2015-10-07T19:28:53.283534 #2407]  INFO -- : Started GET "/" for 66.249.67.51 at 2015-10-07 19:28:53 +0300
I, [2015-10-07T19:28:53.290412 #2407]  INFO -- : Processing by ProjectsController#index as HTML
I, [2015-10-07T19:28:53.296323 #2407]  INFO -- : Completed 401 Unauthorized in 5ms
I, [2015-10-07T19:28:53.490148 #2407]  INFO -- : Started GET "/devise/users/sign_in" for 66.249.67.49 at 2015-10-07 19:28:53 +0300
I, [2015-10-07T19:28:53.492517 #2407]  INFO -- : Processing by Devise::SessionsController#new as HTML
I, [2015-10-07T19:28:53.509627 #2407]  INFO -- :   Rendered devise/sessions/new.html.haml within layouts/application (10.2ms)
I, [2015-10-07T19:28:53.541989 #2407]  INFO -- : Completed 200 OK in 48ms (Views: 43.8ms | ActiveRecord: 0.0ms)
I, [2015-10-07T23:43:09.995823 #2410]  INFO -- : Started GET "/" for 66.249.67.49 at 2015-10-07 23:43:09 +0300
I, [2015-10-07T23:43:10.000125 #2410]  INFO -- : Processing by ProjectsController#index as HTML
I, [2015-10-07T23:43:10.003774 #2410]  INFO -- : Completed 401 Unauthorized in 3ms
I, [2015-10-07T23:43:10.500098 #2413]  INFO -- : Started GET "/devise/users/sign_in" for 66.249.67.57 at 2015-10-07 23:43:10 +0300
I, [2015-10-07T23:43:10.503230 #2413]  INFO -- : Processing by Devise::SessionsController#new as HTML
I, [2015-10-07T23:43:10.519501 #2413]  INFO -- :   Rendered devise/sessions/new.html.haml within layouts/application (10.8ms)
I, [2015-10-07T23:43:10.550246 #2413]  INFO -- : Completed 200 OK in 47ms (Views: 42.5ms | ActiveRecord: 0.0ms)
I, [2015-10-08T01:36:25.171990 #2407]  INFO -- : Started GET "/" for 66.249.67.57 at 2015-10-08 01:36:25 +0300
I, [2015-10-08T01:36:25.176901 #2407]  INFO -- : Processing by ProjectsController#index as HTML
I, [2015-10-08T01:36:25.180666 #2407]  INFO -- : Completed 401 Unauthorized in 3ms
I, [2015-10-08T01:36:25.406726 #2404]  INFO -- : Started GET "/devise/users/sign_in" for 66.249.67.57 at 2015-10-08 01:36:25 +0300
I, [2015-10-08T01:36:25.410648 #2404]  INFO -- : Processing by Devise::SessionsController#new as HTML
I, [2015-10-08T01:36:25.430019 #2404]  INFO -- :   Rendered devise/sessions/new.html.haml within layouts/application (13.5ms)
I, [2015-10-08T01:36:25.460976 #2404]  INFO -- : Completed 200 OK in 50ms (Views: 45.4ms | ActiveRecord: 0.0ms)
I, [2015-10-08T12:31:11.969358 #2407]  INFO -- : Started GET "/" for 66.249.67.49 at 2015-10-08 12:31:11 +0300
I, [2015-10-08T12:31:11.972526 #2407]  INFO -- : Processing by ProjectsController#index as HTML
I, [2015-10-08T12:31:11.975482 #2407]  INFO -- : Completed 401 Unauthorized in 3ms
I, [2015-10-08T12:31:12.967281 #2404]  INFO -- : Started GET "/devise/users/sign_in" for 66.249.67.51 at 2015-10-08 12:31:12 +0300
I, [2015-10-08T12:31:12.971233 #2404]  INFO -- : Processing by Devise::SessionsController#new as HTML
I, [2015-10-08T12:31:12.987212 #2404]  INFO -- :   Rendered devise/sessions/new.html.haml within layouts/application (10.4ms)
I, [2015-10-08T12:31:13.017970 #2404]  INFO -- : Completed 200 OK in 46ms (Views: 42.1ms | ActiveRecord: 0.0ms)
I, [2015-10-08T15:28:09.164267 #2413]  INFO -- : Started GET "/" for 66.249.75.196 at 2015-10-08 15:28:09 +0300
I, [2015-10-08T15:28:09.169643 #2413]  INFO -- : Processing by ProjectsController#index as HTML
I, [2015-10-08T15:28:09.173301 #2413]  INFO -- : Completed 401 Unauthorized in 3ms
I, [2015-10-08T15:28:09.567116 #2410]  INFO -- : Started GET "/devise/users/sign_in" for 66.249.75.204 at 2015-10-08 15:28:09 +0300
I, [2015-10-08T15:28:09.569934 #2410]  INFO -- : Processing by Devise::SessionsController#new as HTML
I, [2015-10-08T15:28:09.695907 #2410]  INFO -- :   Rendered devise/sessions/new.html.haml within layouts/application (120.7ms)
I, [2015-10-08T15:28:09.734686 #2410]  INFO -- : Completed 200 OK in 165ms (Views: 160.6ms | ActiveRecord: 0.0ms)
I, [2015-10-08T15:44:05.856587 #2410]  INFO -- : Started GET "/" for 66.249.75.196 at 2015-10-08 15:44:05 +0300
I, [2015-10-08T15:44:05.861048 #2410]  INFO -- : Processing by ProjectsController#index as HTML
I, [2015-10-08T15:44:05.864280 #2410]  INFO -- : Completed 401 Unauthorized in 3ms
I, [2015-10-08T15:44:06.855800 #2410]  INFO -- : Started GET "/devise/users/sign_in" for 66.249.75.183 at 2015-10-08 15:44:06 +0300
I, [2015-10-08T15:44:06.857302 #2410]  INFO -- : Processing by Devise::SessionsController#new as HTML
I, [2015-10-08T15:44:06.866212 #2410]  INFO -- :   Rendered devise/sessions/new.html.haml within layouts/application (5.8ms)
I, [2015-10-08T15:44:06.883213 #2410]  INFO -- : Completed 200 OK in 26ms (Views: 23.2ms | ActiveRecord: 0.0ms)
I, [2015-10-09T22:59:18.549749 #2407]  INFO -- : Started GET "/" for 104.131.186.181 at 2015-10-09 22:59:18 +0300
I, [2015-10-09T22:59:18.554211 #2407]  INFO -- : Processing by ProjectsController#index as HTML
I, [2015-10-09T22:59:18.557380 #2407]  INFO -- : Completed 401 Unauthorized in 3ms
I, [2015-10-09T22:59:21.075121 #2410]  INFO -- : Started GET "/devise/users/sign_in" for 104.131.186.181 at 2015-10-09 22:59:21 +0300
I, [2015-10-09T22:59:21.078473 #2410]  INFO -- : Processing by Devise::SessionsController#new as HTML
I, [2015-10-09T22:59:21.095167 #2410]  INFO -- :   Rendered devise/sessions/new.html.haml within layouts/application (11.3ms)
I, [2015-10-09T22:59:21.125811 #2410]  INFO -- : Completed 200 OK in 47ms (Views: 42.9ms | ActiveRecord: 0.0ms)
I, [2015-10-16T11:26:52.841335 #2407]  INFO -- : Started GET "/" for 66.249.78.42 at 2015-10-16 11:26:52 +0300
I, [2015-10-16T11:26:52.844973 #2407]  INFO -- : Processing by ProjectsController#index as HTML
I, [2015-10-16T11:26:52.848069 #2407]  INFO -- : Completed 401 Unauthorized in 3ms
I, [2015-10-16T11:26:53.567786 #2410]  INFO -- : Started GET "/devise/users/sign_in" for 66.249.64.195 at 2015-10-16 11:26:53 +0300
I, [2015-10-16T11:26:53.572586 #2410]  INFO -- : Processing by Devise::SessionsController#new as HTML
I, [2015-10-16T11:26:53.594855 #2410]  INFO -- :   Rendered devise/sessions/new.html.haml within layouts/application (16.0ms)
I, [2015-10-16T11:26:53.645146 #2410]  INFO -- : Completed 200 OK in 72ms (Views: 67.3ms | ActiveRecord: 0.0ms)
I, [2015-10-16T21:59:50.847695 #2407]  INFO -- : Started GET "/" for 66.249.78.49 at 2015-10-16 21:59:50 +0300
I, [2015-10-16T21:59:50.851241 #2407]  INFO -- : Processing by ProjectsController#index as HTML
I, [2015-10-16T21:59:50.854732 #2407]  INFO -- : Completed 401 Unauthorized in 3ms
I, [2015-10-16T21:59:51.929482 #2410]  INFO -- : Started GET "/devise/users/sign_in" for 66.249.64.195 at 2015-10-16 21:59:51 +0300
I, [2015-10-16T21:59:51.933769 #2410]  INFO -- : Processing by Devise::SessionsController#new as HTML
I, [2015-10-16T21:59:51.952299 #2410]  INFO -- :   Rendered devise/sessions/new.html.haml within layouts/application (12.7ms)
I, [2015-10-16T21:59:51.988855 #2410]  INFO -- : Completed 200 OK in 55ms (Views: 49.9ms | ActiveRecord: 0.0ms)
I, [2015-10-18T14:08:04.658572 #2413]  INFO -- : Started GET "/development_plans" for 217.69.133.219 at 2015-10-18 14:08:04 +0300
I, [2015-10-18T14:08:04.665479 #2413]  INFO -- : Processing by DevelopmentPlansController#index as */*
I, [2015-10-18T14:08:04.668191 #2413]  INFO -- : Completed 401 Unauthorized in 2ms
I, [2015-10-18T14:08:05.725861 #2407]  INFO -- : Started GET "/devise/users/sign_in" for 217.69.133.218 at 2015-10-18 14:08:05 +0300
I, [2015-10-18T14:08:05.729768 #2407]  INFO -- : Processing by Devise::SessionsController#new as */*
I, [2015-10-18T14:08:05.749122 #2407]  INFO -- :   Rendered devise/sessions/new.html.haml within layouts/application (12.3ms)
I, [2015-10-18T14:08:05.781558 #2407]  INFO -- : Completed 200 OK in 51ms (Views: 46.1ms | ActiveRecord: 0.0ms)
I, [2015-10-19T04:13:09.709680 #2404]  INFO -- : Started GET "/directory/project_types" for 217.69.133.219 at 2015-10-19 04:13:09 +0300
I, [2015-10-19T04:13:09.716611 #2404]  INFO -- : Processing by Directory::ProjectTypesController#index as */*
I, [2015-10-19T04:13:09.718703 #2404]  INFO -- : Completed 401 Unauthorized in 2ms
I, [2015-10-19T04:13:10.762146 #2413]  INFO -- : Started GET "/devise/users/sign_in" for 217.69.133.218 at 2015-10-19 04:13:10 +0300
I, [2015-10-19T04:13:10.766752 #2413]  INFO -- : Processing by Devise::SessionsController#new as */*
I, [2015-10-19T04:13:10.789230 #2413]  INFO -- :   Rendered devise/sessions/new.html.haml within layouts/application (15.7ms)
I, [2015-10-19T04:13:10.819282 #2413]  INFO -- : Completed 200 OK in 52ms (Views: 46.8ms | ActiveRecord: 0.0ms)
I, [2015-10-19T08:56:19.917602 #2413]  INFO -- : Started GET "/natural_resources" for 217.69.133.216 at 2015-10-19 08:56:19 +0300
I, [2015-10-19T08:56:19.927525 #2413]  INFO -- : Processing by NaturalResourcesController#index as */*
I, [2015-10-19T08:56:19.930824 #2413]  INFO -- : Completed 401 Unauthorized in 3ms
I, [2015-10-19T08:56:20.990431 #2410]  INFO -- : Started GET "/devise/users/sign_in" for 217.69.133.85 at 2015-10-19 08:56:20 +0300
I, [2015-10-19T08:56:20.994117 #2410]  INFO -- : Processing by Devise::SessionsController#new as */*
I, [2015-10-19T08:56:21.011429 #2410]  INFO -- :   Rendered devise/sessions/new.html.haml within layouts/application (11.2ms)
I, [2015-10-19T08:56:21.127400 #2410]  INFO -- : Completed 200 OK in 133ms (Views: 128.0ms | ActiveRecord: 0.0ms)
I, [2015-10-19T16:46:32.239339 #2404]  INFO -- : Started GET "/municipalities" for 217.69.133.85 at 2015-10-19 16:46:32 +0300
I, [2015-10-19T16:46:32.247815 #2404]  INFO -- : Processing by MunicipalitiesController#index as */*
I, [2015-10-19T16:46:32.251722 #2404]  INFO -- : Completed 401 Unauthorized in 4ms
I, [2015-10-19T16:46:33.295029 #2404]  INFO -- : Started GET "/devise/users/sign_in" for 217.69.133.84 at 2015-10-19 16:46:33 +0300
I, [2015-10-19T16:46:33.297867 #2404]  INFO -- : Processing by Devise::SessionsController#new as */*
I, [2015-10-19T16:46:33.313439 #2404]  INFO -- :   Rendered devise/sessions/new.html.haml within layouts/application (9.7ms)
I, [2015-10-19T16:46:33.344611 #2404]  INFO -- : Completed 200 OK in 46ms (Views: 42.3ms | ActiveRecord: 0.0ms)
I, [2015-10-19T16:46:41.244274 #2413]  INFO -- : Started GET "/special_economic_zones" for 217.69.133.85 at 2015-10-19 16:46:41 +0300
I, [2015-10-19T16:46:41.253335 #2413]  INFO -- : Processing by SpecialEconomicZonesController#index as */*
I, [2015-10-19T16:46:41.257866 #2413]  INFO -- : Completed 401 Unauthorized in 4ms
I, [2015-10-19T16:46:42.304186 #2404]  INFO -- : Started GET "/devise/users/sign_in" for 217.69.133.217 at 2015-10-19 16:46:42 +0300
