I, [2015-11-02T20:43:14.966302 #2404]  INFO -- : Started GET "/devise/users/sign_in" for 66.249.78.42 at 2015-11-02 20:43:14 +0300
I, [2015-11-02T20:43:14.970762 #2404]  INFO -- : Processing by Devise::SessionsController#new as HTML
I, [2015-11-02T20:43:14.989495 #2404]  INFO -- :   Rendered devise/sessions/new.html.haml within layouts/application (12.2ms)
I, [2015-11-02T20:43:15.020245 #2404]  INFO -- : Completed 200 OK in 49ms (Views: 44.2ms | ActiveRecord: 0.0ms)
I, [2015-11-03T02:46:57.438094 #2407]  INFO -- : Started GET "/export?locale=ru&l=ru&callback=dataLoaderCallback&_=1430697600000" for 66.249.78.49 at 2015-11-03 02:46:57 +0300
I, [2015-11-03T02:46:57.443536 #2407]  INFO -- : Processing by ExportsController#export as */*
I, [2015-11-03T02:46:57.443621 #2407]  INFO -- :   Parameters: {"locale"=>"ru", "l"=>"ru", "callback"=>"dataLoaderCallback", "_"=>"1430697600000"}
I, [2015-11-03T02:47:06.900033 #2407]  INFO -- :   Rendered text template (0.0ms)
I, [2015-11-03T02:47:06.900426 #2407]  INFO -- : Completed 200 OK in 9457ms (Views: 1.2ms | ActiveRecord: 1571.8ms)
I, [2015-11-07T09:58:53.897185 #2404]  INFO -- : Started GET "/" for 66.249.67.183 at 2015-11-07 09:58:53 +0300
I, [2015-11-07T09:58:53.899444 #2404]  INFO -- : Processing by ProjectsController#index as HTML
I, [2015-11-07T09:58:53.901718 #2404]  INFO -- : Completed 401 Unauthorized in 2ms
I, [2015-11-07T09:58:54.897344 #2413]  INFO -- : Started GET "/devise/users/sign_in" for 66.249.67.196 at 2015-11-07 09:58:54 +0300
I, [2015-11-07T09:58:54.901681 #2413]  INFO -- : Processing by Devise::SessionsController#new as HTML
I, [2015-11-07T09:58:55.008005 #2413]  INFO -- :   Rendered devise/sessions/new.html.haml within layouts/application (100.2ms)
I, [2015-11-07T09:58:55.037747 #2413]  INFO -- : Completed 200 OK in 136ms (Views: 131.0ms | ActiveRecord: 0.0ms)
I, [2015-11-07T10:02:52.100884 #2413]  INFO -- : Started GET "/infrastructure/wastewater_treatment_plants" for 66.249.78.42 at 2015-11-07 10:02:52 +0300
I, [2015-11-07T10:02:52.110406 #2413]  INFO -- : Processing by Infrastructure::WastewaterTreatmentPlantsController#index as HTML
I, [2015-11-07T10:02:52.114600 #2413]  INFO -- : Completed 401 Unauthorized in 4ms
I, [2015-11-07T10:02:56.058557 #2413]  INFO -- : Started GET "/cities" for 66.249.78.49 at 2015-11-07 10:02:56 +0300
I, [2015-11-07T10:02:56.065665 #2413]  INFO -- : Processing by CitiesController#index as HTML
I, [2015-11-07T10:02:56.068315 #2413]  INFO -- : Completed 401 Unauthorized in 2ms
I, [2015-11-07T10:03:00.090881 #2404]  INFO -- : Started GET "/clusters" for 66.249.78.56 at 2015-11-07 10:03:00 +0300
I, [2015-11-07T10:03:00.105200 #2404]  INFO -- : Processing by ClustersController#index as HTML
I, [2015-11-07T10:03:00.108840 #2404]  INFO -- : Completed 401 Unauthorized in 3ms
I, [2015-11-07T10:03:04.157583 #2407]  INFO -- : Started GET "/projects" for 66.249.78.42 at 2015-11-07 10:03:04 +0300
I, [2015-11-07T10:03:04.161181 #2407]  INFO -- : Processing by ProjectsController#index as HTML
I, [2015-11-07T10:03:04.164396 #2407]  INFO -- : Completed 401 Unauthorized in 3ms
I, [2015-11-07T10:03:08.311909 #2410]  INFO -- : Started GET "/companies" for 66.249.78.56 at 2015-11-07 10:03:08 +0300
I, [2015-11-07T10:03:08.329576 #2410]  INFO -- : Processing by CompaniesController#index as HTML
I, [2015-11-07T10:03:08.332439 #2410]  INFO -- : Completed 401 Unauthorized in 3ms
I, [2015-11-07T10:03:12.639600 #2404]  INFO -- : Started GET "/industrial_parks" for 66.249.67.183 at 2015-11-07 10:03:12 +0300
I, [2015-11-07T10:03:12.736226 #2404]  INFO -- : Processing by IndustrialParksController#index as HTML
I, [2015-11-07T10:03:12.739944 #2404]  INFO -- : Completed 401 Unauthorized in 3ms
I, [2015-11-07T10:03:16.840693 #2410]  INFO -- : Started GET "/development_plans" for 66.249.78.49 at 2015-11-07 10:03:16 +0300
I, [2015-11-07T10:03:16.848138 #2410]  INFO -- : Processing by DevelopmentPlansController#index as HTML
I, [2015-11-07T10:03:16.851685 #2410]  INFO -- : Completed 401 Unauthorized in 3ms
I, [2015-11-07T10:03:22.257601 #2404]  INFO -- : Started GET "/natural_resources" for 66.249.78.42 at 2015-11-07 10:03:22 +0300
I, [2015-11-07T10:03:22.265660 #2404]  INFO -- : Processing by NaturalResourcesController#index as HTML
I, [2015-11-07T10:03:22.269098 #2404]  INFO -- : Completed 401 Unauthorized in 3ms
I, [2015-11-07T10:03:30.944401 #2413]  INFO -- : Started GET "/special_economic_zones" for 66.249.78.56 at 2015-11-07 10:03:30 +0300
I, [2015-11-07T10:03:30.951429 #2413]  INFO -- : Processing by SpecialEconomicZonesController#index as HTML
I, [2015-11-07T10:03:30.953978 #2413]  INFO -- : Completed 401 Unauthorized in 2ms
I, [2015-11-07T10:03:39.482839 #2407]  INFO -- : Started GET "/infrastructure/sewers" for 66.249.78.42 at 2015-11-07 10:03:39 +0300
I, [2015-11-07T10:03:39.493217 #2407]  INFO -- : Processing by Infrastructure::SewersController#index as HTML
I, [2015-11-07T10:03:39.497037 #2407]  INFO -- : Completed 401 Unauthorized in 4ms
I, [2015-11-07T10:03:48.052455 #2404]  INFO -- : Started GET "/infrastructure/intakes" for 66.249.78.56 at 2015-11-07 10:03:48 +0300
I, [2015-11-07T10:03:48.060113 #2404]  INFO -- : Processing by Infrastructure::IntakesController#index as HTML
I, [2015-11-07T10:03:48.063664 #2404]  INFO -- : Completed 401 Unauthorized in 3ms
I, [2015-11-07T10:03:56.607745 #2410]  INFO -- : Started GET "/directory/project_types" for 66.249.78.56 at 2015-11-07 10:03:56 +0300
I, [2015-11-07T10:03:56.615558 #2410]  INFO -- : Processing by Directory::ProjectTypesController#index as HTML
I, [2015-11-07T10:03:56.619143 #2410]  INFO -- : Completed 401 Unauthorized in 3ms
I, [2015-11-07T10:04:05.605150 #2404]  INFO -- : Started GET "/directory/ownership_types" for 66.249.78.42 at 2015-11-07 10:04:05 +0300
I, [2015-11-07T10:04:05.612805 #2404]  INFO -- : Processing by Directory::OwnershipTypesController#index as HTML
I, [2015-11-07T10:04:05.616397 #2404]  INFO -- : Completed 401 Unauthorized in 3ms
I, [2015-11-07T10:04:13.732604 #2413]  INFO -- : Started GET "/directory/land_categories" for 66.249.78.42 at 2015-11-07 10:04:13 +0300
I, [2015-11-07T10:04:13.734943 #2413]  INFO -- : Processing by Directory::LandCategoriesController#index as HTML
I, [2015-11-07T10:04:13.737443 #2413]  INFO -- : Completed 401 Unauthorized in 2ms
I, [2015-11-07T10:04:22.295649 #2413]  INFO -- : Started GET "/infrastructure/wind_plants" for 66.249.78.49 at 2015-11-07 10:04:22 +0300
I, [2015-11-07T10:04:22.303311 #2413]  INFO -- : Processing by Infrastructure::WindPlantsController#index as HTML
I, [2015-11-07T10:04:22.307172 #2413]  INFO -- : Completed 401 Unauthorized in 4ms
I, [2015-11-07T10:04:30.862925 #2404]  INFO -- : Started GET "/directory/activity_spheres" for 66.249.78.56 at 2015-11-07 10:04:30 +0300
I, [2015-11-07T10:04:30.871279 #2404]  INFO -- : Processing by Directory::ActivitySpheresController#index as HTML
I, [2015-11-07T10:04:30.875452 #2404]  INFO -- : Completed 401 Unauthorized in 4ms
I, [2015-11-07T10:04:39.445624 #2413]  INFO -- : Started GET "/infrastructure/hydro_plants" for 66.249.78.42 at 2015-11-07 10:04:39 +0300
I, [2015-11-07T10:04:39.454104 #2413]  INFO -- : Processing by Infrastructure::HydroPlantsController#index as HTML
I, [2015-11-07T10:04:39.457571 #2413]  INFO -- : Completed 401 Unauthorized in 3ms
I, [2015-11-07T10:04:48.002084 #2404]  INFO -- : Started GET "/infrastructure/heating_mains" for 66.249.78.42 at 2015-11-07 10:04:48 +0300
I, [2015-11-07T10:04:48.009590 #2404]  INFO -- : Processing by Infrastructure::HeatingMainsController#index as HTML
I, [2015-11-07T10:04:48.013242 #2404]  INFO -- : Completed 401 Unauthorized in 3ms
I, [2015-11-07T10:04:56.577268 #2407]  INFO -- : Started GET "/infrastructure/gas_pipelines" for 66.249.78.49 at 2015-11-07 10:04:56 +0300
I, [2015-11-07T10:04:56.585376 #2407]  INFO -- : Processing by Infrastructure::GasPipelinesController#index as HTML
I, [2015-11-07T10:04:56.589107 #2407]  INFO -- : Completed 401 Unauthorized in 3ms
I, [2015-11-07T10:05:05.128276 #2410]  INFO -- : Started GET "/infrastructure/water_supplies" for 66.249.78.49 at 2015-11-07 10:05:05 +0300
I, [2015-11-07T10:05:05.136467 #2410]  INFO -- : Processing by Infrastructure::WaterSuppliesController#index as HTML
I, [2015-11-07T10:05:05.140458 #2410]  INFO -- : Completed 401 Unauthorized in 4ms
I, [2015-11-07T10:05:13.721377 #2413]  INFO -- : Started GET "/directory/economic_activities" for 66.249.78.42 at 2015-11-07 10:05:13 +0300
I, [2015-11-07T10:05:13.728598 #2413]  INFO -- : Processing by Directory::EconomicActivitiesController#index as HTML
I, [2015-11-07T10:05:13.731067 #2413]  INFO -- : Completed 401 Unauthorized in 2ms
I, [2015-11-07T10:05:22.273772 #2407]  INFO -- : Started GET "/directory/development_plan_types" for 66.249.78.42 at 2015-11-07 10:05:22 +0300
I, [2015-11-07T10:05:22.286133 #2407]  INFO -- : Processing by Directory::DevelopmentPlanTypesController#index as HTML
I, [2015-11-07T10:05:22.291756 #2407]  INFO -- : Completed 401 Unauthorized in 5ms
I, [2015-11-07T10:05:30.860658 #2404]  INFO -- : Started GET "/directory/natural_resource_types" for 66.249.78.49 at 2015-11-07 10:05:30 +0300
I, [2015-11-07T10:05:30.868784 #2404]  INFO -- : Processing by Directory::NaturalResourceTypesController#index as HTML
I, [2015-11-07T10:05:30.872625 #2404]  INFO -- : Completed 401 Unauthorized in 4ms
I, [2015-11-07T10:05:39.534867 #2410]  INFO -- : Started GET "/infrastructure/point_of_interests" for 66.249.67.183 at 2015-11-07 10:05:39 +0300
I, [2015-11-07T10:05:39.542934 #2410]  INFO -- : Processing by Infrastructure::PointOfInterestsController#index as HTML
I, [2015-11-07T10:05:39.546620 #2410]  INFO -- : Completed 401 Unauthorized in 3ms
I, [2015-11-07T10:05:48.010310 #2413]  INFO -- : Started GET "/directory/point_of_interest_types" for 66.249.78.42 at 2015-11-07 10:05:48 +0300
I, [2015-11-07T10:05:48.017521 #2413]  INFO -- : Processing by Directory::PointOfInterestTypesController#index as HTML
I, [2015-11-07T10:05:48.021194 #2413]  INFO -- : Completed 401 Unauthorized in 3ms
I, [2015-11-07T10:05:56.625928 #2404]  INFO -- : Started GET "/infrastructure/diesel_power_plants" for 66.249.78.49 at 2015-11-07 10:05:56 +0300
I, [2015-11-07T10:05:56.633357 #2404]  INFO -- : Processing by Infrastructure::DieselPowerPlantsController#index as HTML
I, [2015-11-07T10:05:56.636992 #2404]  INFO -- : Completed 401 Unauthorized in 3ms
I, [2015-11-07T10:06:05.294120 #2410]  INFO -- : Started GET "/infrastructure/central_heating_units" for 66.249.67.204 at 2015-11-07 10:06:05 +0300
I, [2015-11-07T10:06:05.301821 #2410]  INFO -- : Processing by Infrastructure::CentralHeatingUnitsController#index as HTML
I, [2015-11-07T10:06:05.305371 #2410]  INFO -- : Completed 401 Unauthorized in 3ms
I, [2015-11-07T10:06:13.802115 #2413]  INFO -- : Started GET "/infrastructure/duel_fuel_power_plants" for 66.249.78.42 at 2015-11-07 10:06:13 +0300
I, [2015-11-07T10:06:13.810175 #2413]  INFO -- : Processing by Infrastructure::DuelFuelPowerPlantsController#index as HTML
I, [2015-11-07T10:06:13.813869 #2413]  INFO -- : Completed 401 Unauthorized in 3ms
I, [2015-11-07T10:06:22.455350 #2407]  INFO -- : Started GET "/directory/special_economic_zone_types" for 66.249.78.56 at 2015-11-07 10:06:22 +0300
I, [2015-11-07T10:06:22.464131 #2407]  INFO -- : Processing by Directory::SpecialEconomicZoneTypesController#index as HTML
I, [2015-11-07T10:06:22.467822 #2407]  INFO -- : Completed 401 Unauthorized in 3ms
I, [2015-11-07T10:06:31.101636 #2404]  INFO -- : Started GET "/infrastructure/transformer_substations" for 66.249.78.49 at 2015-11-07 10:06:31 +0300
I, [2015-11-07T10:06:31.109652 #2404]  INFO -- : Processing by Infrastructure::TransformerSubstationsController#index as HTML
I, [2015-11-07T10:06:31.113387 #2404]  INFO -- : Completed 401 Unauthorized in 3ms
I, [2015-11-07T10:06:39.782942 #2410]  INFO -- : Started GET "/infrastructure/heat_only_boiler_stations" for 66.249.78.49 at 2015-11-07 10:06:39 +0300
I, [2015-11-07T10:06:39.790613 #2410]  INFO -- : Processing by Infrastructure::HeatOnlyBoilerStationsController#index as HTML
I, [2015-11-07T10:06:39.794515 #2410]  INFO -- : Completed 401 Unauthorized in 4ms
I, [2015-11-07T10:06:48.520501 #2413]  INFO -- : Started GET "/infrastructure/gas_distribution_stations" for 66.249.78.49 at 2015-11-07 10:06:48 +0300
I, [2015-11-07T10:06:48.527785 #2413]  INFO -- : Processing by Infrastructure::GasDistributionStationsController#index as HTML
I, [2015-11-07T10:06:48.531297 #2413]  INFO -- : Completed 401 Unauthorized in 3ms
I, [2015-11-07T10:06:57.402490 #2407]  INFO -- : Started GET "/infrastructure/electric_power_transmissions" for 66.249.78.42 at 2015-11-07 10:06:57 +0300
I, [2015-11-07T10:06:57.410237 #2407]  INFO -- : Processing by Infrastructure::ElectricPowerTransmissionsController#index as HTML
I, [2015-11-07T10:06:57.413801 #2407]  INFO -- : Completed 401 Unauthorized in 3ms
I, [2015-11-07T10:07:06.558049 #2404]  INFO -- : Started GET "/infrastructure/geothermal_electricity_plants" for 66.249.78.56 at 2015-11-07 10:07:06 +0300
I, [2015-11-07T10:07:06.565406 #2404]  INFO -- : Processing by Infrastructure::GeothermalElectricityPlantsController#index as HTML
I, [2015-11-07T10:07:06.568928 #2404]  INFO -- : Completed 401 Unauthorized in 3ms
I, [2015-11-07T11:22:00.369218 #2413]  INFO -- : Started GET "/" for 104.236.193.230 at 2015-11-07 11:22:00 +0300
I, [2015-11-07T11:22:00.373187 #2413]  INFO -- : Processing by ProjectsController#index as HTML
I, [2015-11-07T11:22:00.376081 #2413]  INFO -- : Completed 401 Unauthorized in 3ms
I, [2015-11-07T11:22:04.006422 #2410]  INFO -- : Started GET "/devise/users/sign_in" for 104.236.193.230 at 2015-11-07 11:22:04 +0300
I, [2015-11-07T11:22:04.011488 #2410]  INFO -- : Processing by Devise::SessionsController#new as HTML
I, [2015-11-07T11:22:04.030929 #2410]  INFO -- :   Rendered devise/sessions/new.html.haml within layouts/application (12.2ms)
I, [2015-11-07T11:22:04.063790 #2410]  INFO -- : Completed 200 OK in 52ms (Views: 46.4ms | ActiveRecord: 0.0ms)
I, [2015-11-07T22:47:16.948946 #2410]  INFO -- : Started GET "/devise/users/sign_in?locale=en" for 66.249.78.49 at 2015-11-07 22:47:16 +0300
I, [2015-11-07T22:47:16.953766 #2410]  INFO -- : Processing by Devise::SessionsController#new as HTML
I, [2015-11-07T22:47:16.953935 #2410]  INFO -- :   Parameters: {"locale"=>"en"}
I, [2015-11-07T22:47:16.985632 #2410]  INFO -- :   Rendered devise/sessions/new.html.haml within layouts/application (16.4ms)
I, [2015-11-07T22:47:17.116456 #2410]  INFO -- : Completed 200 OK in 162ms (Views: 157.5ms | ActiveRecord: 0.0ms)
I, [2015-11-09T23:22:44.712549 #2407]  INFO -- : Started GET "/" for 66.249.78.49 at 2015-11-09 23:22:44 +0300
I, [2015-11-09T23:22:44.715172 #2407]  INFO -- : Processing by ProjectsController#index as HTML
I, [2015-11-09T23:22:44.717382 #2407]  INFO -- : Completed 401 Unauthorized in 2ms
I, [2015-11-09T23:22:45.712960 #2407]  INFO -- : Started GET "/devise/users/sign_in" for 66.249.78.42 at 2015-11-09 23:22:45 +0300
I, [2015-11-09T23:22:45.715598 #2407]  INFO -- : Processing by Devise::SessionsController#new as HTML
I, [2015-11-09T23:22:45.732887 #2407]  INFO -- :   Rendered devise/sessions/new.html.haml within layouts/application (11.3ms)
I, [2015-11-09T23:22:45.772014 #2407]  INFO -- : Completed 200 OK in 56ms (Views: 51.2ms | ActiveRecord: 0.0ms)
I, [2015-11-14T05:30:32.400289 #2410]  INFO -- : Started GET "/" for 66.249.78.56 at 2015-11-14 05:30:32 +0300
I, [2015-11-14T05:30:32.405796 #2410]  INFO -- : Processing by ProjectsController#index as HTML
I, [2015-11-14T05:30:32.409390 #2410]  INFO -- : Completed 401 Unauthorized in 3ms
I, [2015-11-14T05:30:33.024883 #2404]  INFO -- : Started GET "/devise/users/sign_in" for 66.249.78.42 at 2015-11-14 05:30:33 +0300
I, [2015-11-14T05:30:33.028534 #2404]  INFO -- : Processing by Devise::SessionsController#new as HTML
I, [2015-11-14T05:30:33.045818 #2404]  INFO -- :   Rendered devise/sessions/new.html.haml within layouts/application (12.4ms)
I, [2015-11-14T05:30:33.069123 #2404]  INFO -- : Completed 200 OK in 40ms (Views: 36.6ms | ActiveRecord: 0.0ms)
I, [2015-11-16T15:56:22.574227 #2413]  INFO -- : Started GET "/special_economic_zones" for 217.69.133.217 at 2015-11-16 15:56:22 +0300
I, [2015-11-16T15:56:22.579188 #2413]  INFO -- : Processing by SpecialEconomicZonesController#index as */*
I, [2015-11-16T15:56:22.582853 #2413]  INFO -- : Completed 401 Unauthorized in 3ms
I, [2015-11-16T15:56:24.024565 #2410]  INFO -- : Started GET "/devise/users/sign_in" for 217.69.133.217 at 2015-11-16 15:56:24 +0300
I, [2015-11-16T15:56:24.027526 #2410]  INFO -- : Processing by Devise::SessionsController#new as */*
I, [2015-11-16T15:56:24.132811 #2410]  INFO -- :   Rendered devise/sessions/new.html.haml within layouts/application (11.7ms)
I, [2015-11-16T15:56:24.155130 #2410]  INFO -- : Completed 200 OK in 127ms (Views: 35.0ms | ActiveRecord: 0.0ms)
I, [2015-11-16T19:42:40.601589 #2410]  INFO -- : Started GET "/" for 66.249.75.62 at 2015-11-16 19:42:40 +0300
I, [2015-11-16T19:42:40.605430 #2410]  INFO -- : Processing by ProjectsController#index as HTML
I, [2015-11-16T19:42:40.608140 #2410]  INFO -- : Completed 401 Unauthorized in 2ms
I, [2015-11-16T19:42:41.016355 #2407]  INFO -- : Started GET "/devise/users/sign_in" for 66.249.75.54 at 2015-11-16 19:42:41 +0300
I, [2015-11-16T19:42:41.022315 #2407]  INFO -- : Processing by Devise::SessionsController#new as HTML
I, [2015-11-16T19:42:41.047443 #2407]  INFO -- :   Rendered devise/sessions/new.html.haml within layouts/application (17.4ms)
I, [2015-11-16T19:42:41.079204 #2407]  INFO -- : Completed 200 OK in 57ms (Views: 50.4ms | ActiveRecord: 0.0ms)
I, [2015-11-17T07:34:30.854034 #2410]  INFO -- : Started GET "/directory/project_types" for 217.69.133.215 at 2015-11-17 07:34:30 +0300
I, [2015-11-17T07:34:30.863703 #2410]  INFO -- : Processing by Directory::ProjectTypesController#index as */*
I, [2015-11-17T07:34:30.867476 #2410]  INFO -- : Completed 401 Unauthorized in 4ms
I, [2015-11-17T07:34:31.917140 #2413]  INFO -- : Started GET "/devise/users/sign_in" for 217.69.133.219 at 2015-11-17 07:34:31 +0300
I, [2015-11-17T07:34:31.921741 #2413]  INFO -- : Processing by Devise::SessionsController#new as */*
I, [2015-11-17T07:34:31.944512 #2413]  INFO -- :   Rendered devise/sessions/new.html.haml within layouts/application (15.4ms)
I, [2015-11-17T07:34:31.977455 #2413]  INFO -- : Completed 200 OK in 55ms (Views: 49.6ms | ActiveRecord: 0.0ms)
I, [2015-11-17T12:16:51.671899 #2413]  INFO -- : Started GET "/infrastructure/wastewater_treatment_plants" for 217.69.133.67 at 2015-11-17 12:16:51 +0300
I, [2015-11-17T12:16:51.682910 #2413]  INFO -- : Processing by Infrastructure::WastewaterTreatmentPlantsController#index as */*
I, [2015-11-17T12:16:51.686228 #2413]  INFO -- : Completed 401 Unauthorized in 3ms
I, [2015-11-17T12:16:52.735005 #2407]  INFO -- : Started GET "/devise/users/sign_in" for 217.69.133.84 at 2015-11-17 12:16:52 +0300
I, [2015-11-17T12:16:52.739604 #2407]  INFO -- : Processing by Devise::SessionsController#new as */*
I, [2015-11-17T12:16:52.757774 #2407]  INFO -- :   Rendered devise/sessions/new.html.haml within layouts/application (12.0ms)
I, [2015-11-17T12:16:52.791220 #2407]  INFO -- : Completed 200 OK in 51ms (Views: 46.5ms | ActiveRecord: 0.0ms)
I, [2015-11-17T16:32:37.080507 #2404]  INFO -- : Started GET "/?locale=ru" for 176.193.108.149 at 2015-11-17 16:32:37 +0300
I, [2015-11-17T16:32:37.084899 #2404]  INFO -- : Processing by ProjectsController#index as */*
I, [2015-11-17T16:32:37.085084 #2404]  INFO -- :   Parameters: {"locale"=>"ru"}
I, [2015-11-17T16:32:37.090132 #2404]  INFO -- : Redirected to http://yandex.ru/clck/jsredir?from=yandex.ru%3Bsearch%3Bweb%3B%3B&text=&etext=875.CAQMfFcDWogPwWLzWTQzCjU-uVHWh-QpoI3eyjETRvMcjdl-DiWDpGSiSrRRqNCL7m9ZEwr64c5Yc8vIZhSWnVDi32pjYFoZg0RZHSwfHVfGLc_jhE6UrnBqs_j6j0YgohJy25Il7assGXDdv1JL_g.43eeea810079379d73fd90f6564a64cde7a9fba1&uuid=&state=AiuY0DBWFJ4ePaEse6rgeAjgs2pI3DW9J0KiE5XNXd0dp0ZMwFHoviUoYa6nzP7MSi3gOS8hVmJNbJ6dDcrGVwvAvAzuodkHe2vGwAf2XhKeS4iPAMR0YgHXcbY8aOKrO21bIfb8AsO31__xZxgeuvKfnG4gXpi4pyIgz6UQun0iU-7JA3oEZwtYPGlwMwltxpRG7c40Sml-kZuw9ffwnw&data=UlNrNmk5WktYejR0eWJFYk1LdmtxbHA1UUJqakFhcUFuWTRrZUhsaDVHZnRWMktJSVJaWnc5N2c5czVmRE1yNWUyYXNhWldzeEV1Ny1qbWlZWDl2X19Gc010V1JWNHFtU2ZXQXRyVC1fT0FmWERuMmszOXJfQQ&b64e=2&sign=7afd07161dcb439f31eda8b26be0168b&keyno=0&l10n=ru&cts=1447764613252&mc=5.83129826384
I, [2015-11-17T16:32:37.090475 #2404]  INFO -- : Filter chain halted as :set_locale rendered or redirected
I, [2015-11-17T16:32:37.090947 #2404]  INFO -- : Completed 302 Found in 6ms (ActiveRecord: 0.0ms)
I, [2015-11-17T17:00:30.782491 #2404]  INFO -- : Started GET "/natural_resources" for 217.69.133.84 at 2015-11-17 17:00:30 +0300
I, [2015-11-17T17:00:30.792519 #2404]  INFO -- : Processing by NaturalResourcesController#index as */*
I, [2015-11-17T17:00:30.796155 #2404]  INFO -- : Completed 401 Unauthorized in 3ms
I, [2015-11-17T17:00:31.845168 #2413]  INFO -- : Started GET "/devise/users/sign_in" for 217.69.133.84 at 2015-11-17 17:00:31 +0300
I, [2015-11-17T17:00:31.847877 #2413]  INFO -- : Processing by Devise::SessionsController#new as */*
I, [2015-11-17T17:00:31.863958 #2413]  INFO -- :   Rendered devise/sessions/new.html.haml within layouts/application (10.4ms)
I, [2015-11-17T17:00:31.895928 #2413]  INFO -- : Completed 200 OK in 48ms (Views: 43.2ms | ActiveRecord: 0.0ms)
I, [2015-11-17T19:26:54.353789 #2404]  INFO -- : Started GET "/?locale=ru" for 95.220.8.115 at 2015-11-17 19:26:54 +0300
I, [2015-11-17T19:26:54.357262 #2404]  INFO -- : Processing by ProjectsController#index as HTML
I, [2015-11-17T19:26:54.357456 #2404]  INFO -- :   Parameters: {"locale"=>"ru"}
I, [2015-11-17T19:26:54.358753 #2404]  INFO -- : Redirected to http://yandex.ru/clck/jsredir?from=yandex.ru%3Bsearch%3Bweb%3B%3B&text=&etext=875.IfErz-l9uvuAtgp5VAQ6yp3qPtAI64PrCHsPvX3pae5b5zrmV8SreZnfoWNddQhGODk-_nBtOemXW-T7Gvu_jeIGnYW00TxAIb4bQCslhzksl5hRTUHleSEVR99HrRvs7HC8WyQgJOhBbENmEWUElQ.f891d3e7c55ceed0cc622b31c48ab56fdde8c48a&uuid=&state=AiuY0DBWFJ4ePaEse6rgeAjgs2pI3DW9J0KiE5XNXd0dp0ZMwFHoviUoYa6nzP7MFsomsouu4qcipk7koneD4sNdOgUcCH3jT-RYh-SsqZj15dTyvbSdfLW1A7U8mpMi_Wzuyp8ISEkPlGczhjji2riwCivFc0SuGrjFfpoBOWi3-v_4EumPH6i92_FKHV7kvkOP7uWrRU-EZj1V_gSVbw&data=UlNrNmk5WktYejR0eWJFYk1LdmtxbHA1UUJqakFhcUFuWTRrZUhsaDVHZnRWMktJSVJaWnc5N2c5czVmRE1yNVBBVUhKenNqU1RJV3M0WE1hTXZYNVNZRmdmYnN5N3dsTm5aLTFTbVZBWWtGMnBlZUQ5eklFZw&b64e=2&sign=d248c95b6f0f25287eb34d78174aaf29&keyno=0&l10n=ru&cts=1447776951170&mc=7.4335650916
I, [2015-11-17T19:26:54.358955 #2404]  INFO -- : Filter chain halted as :set_locale rendered or redirected
I, [2015-11-17T19:26:54.359283 #2404]  INFO -- : Completed 302 Found in 2ms (ActiveRecord: 0.0ms)
I, [2015-11-17T19:26:54.784227 #2407]  INFO -- : Started GET "/?locale=ru" for 95.220.8.115 at 2015-11-17 19:26:54 +0300
I, [2015-11-17T19:26:54.788716 #2407]  INFO -- : Processing by ProjectsController#index as HTML
I, [2015-11-17T19:26:54.788856 #2407]  INFO -- :   Parameters: {"locale"=>"ru"}
I, [2015-11-17T19:26:54.799599 #2407]  INFO -- : Redirected to http://yandex.ru/clck/jsredir?from=yandex.ru%3Bsearch%3Bweb%3B%3B&text=&etext=875.IfErz-l9uvuAtgp5VAQ6yp3qPtAI64PrCHsPvX3pae5b5zrmV8SreZnfoWNddQhGODk-_nBtOemXW-T7Gvu_jeIGnYW00TxAIb4bQCslhzksl5hRTUHleSEVR99HrRvs7HC8WyQgJOhBbENmEWUElQ.f891d3e7c55ceed0cc622b31c48ab56fdde8c48a&uuid=&state=AiuY0DBWFJ4ePaEse6rgeAjgs2pI3DW9J0KiE5XNXd0dp0ZMwFHoviUoYa6nzP7MFsomsouu4qcipk7koneD4sNdOgUcCH3jT-RYh-SsqZj15dTyvbSdfLW1A7U8mpMi_Wzuyp8ISEkPlGczhjji2riwCivFc0SuGrjFfpoBOWi3-v_4EumPH6i92_FKHV7kvkOP7uWrRU-EZj1V_gSVbw&data=UlNrNmk5WktYejR0eWJFYk1LdmtxbHA1UUJqakFhcUFuWTRrZUhsaDVHZnRWMktJSVJaWnc5N2c5czVmRE1yNVBBVUhKenNqU1RJV3M0WE1hTXZYNVNZRmdmYnN5N3dsTm5aLTFTbVZBWWtGMnBlZUQ5eklFZw&b64e=2&sign=d248c95b6f0f25287eb34d78174aaf29&keyno=0&l10n=ru&cts=1447776951170&mc=7.4335650916
I, [2015-11-17T19:26:54.799941 #2407]  INFO -- : Filter chain halted as :set_locale rendered or redirected
I, [2015-11-17T19:26:54.800306 #2407]  INFO -- : Completed 302 Found in 11ms (ActiveRecord: 0.0ms)
I, [2015-11-17T19:26:55.315013 #2404]  INFO -- : Started GET "/?locale=ru" for 95.220.8.115 at 2015-11-17 19:26:55 +0300
I, [2015-11-17T19:26:55.317096 #2404]  INFO -- : Processing by ProjectsController#index as HTML
I, [2015-11-17T19:26:55.317225 #2404]  INFO -- :   Parameters: {"locale"=>"ru"}
I, [2015-11-17T19:26:55.318944 #2404]  INFO -- : Redirected to http://yandex.ru/clck/jsredir?from=yandex.ru%3Bsearch%3Bweb%3B%3B&text=&etext=875.IfErz-l9uvuAtgp5VAQ6yp3qPtAI64PrCHsPvX3pae5b5zrmV8SreZnfoWNddQhGODk-_nBtOemXW-T7Gvu_jeIGnYW00TxAIb4bQCslhzksl5hRTUHleSEVR99HrRvs7HC8WyQgJOhBbENmEWUElQ.f891d3e7c55ceed0cc622b31c48ab56fdde8c48a&uuid=&state=AiuY0DBWFJ4ePaEse6rgeAjgs2pI3DW9J0KiE5XNXd0dp0ZMwFHoviUoYa6nzP7MFsomsouu4qcipk7koneD4sNdOgUcCH3jT-RYh-SsqZj15dTyvbSdfLW1A7U8mpMi_Wzuyp8ISEkPlGczhjji2riwCivFc0SuGrjFfpoBOWi3-v_4EumPH6i92_FKHV7kvkOP7uWrRU-EZj1V_gSVbw&data=UlNrNmk5WktYejR0eWJFYk1LdmtxbHA1UUJqakFhcUFuWTRrZUhsaDVHZnRWMktJSVJaWnc5N2c5czVmRE1yNVBBVUhKenNqU1RJV3M0WE1hTXZYNVNZRmdmYnN5N3dsTm5aLTFTbVZBWWtGMnBlZUQ5eklFZw&b64e=2&sign=d248c95b6f0f25287eb34d78174aaf29&keyno=0&l10n=ru&cts=1447776951170&mc=7.4335650916
I, [2015-11-17T19:26:55.319146 #2404]  INFO -- : Filter chain halted as :set_locale rendered or redirected
I, [2015-11-17T19:26:55.319414 #2404]  INFO -- : Completed 302 Found in 2ms (ActiveRecord: 0.0ms)
I, [2015-11-17T19:26:55.738765 #2407]  INFO -- : Started GET "/?locale=ru" for 95.220.8.115 at 2015-11-17 19:26:55 +0300
I, [2015-11-17T19:26:55.740815 #2407]  INFO -- : Processing by ProjectsController#index as HTML
I, [2015-11-17T19:26:55.740944 #2407]  INFO -- :   Parameters: {"locale"=>"ru"}
I, [2015-11-17T19:26:55.742294 #2407]  INFO -- : Redirected to http://yandex.ru/clck/jsredir?from=yandex.ru%3Bsearch%3Bweb%3B%3B&text=&etext=875.IfErz-l9uvuAtgp5VAQ6yp3qPtAI64PrCHsPvX3pae5b5zrmV8SreZnfoWNddQhGODk-_nBtOemXW-T7Gvu_jeIGnYW00TxAIb4bQCslhzksl5hRTUHleSEVR99HrRvs7HC8WyQgJOhBbENmEWUElQ.f891d3e7c55ceed0cc622b31c48ab56fdde8c48a&uuid=&state=AiuY0DBWFJ4ePaEse6rgeAjgs2pI3DW9J0KiE5XNXd0dp0ZMwFHoviUoYa6nzP7MFsomsouu4qcipk7koneD4sNdOgUcCH3jT-RYh-SsqZj15dTyvbSdfLW1A7U8mpMi_Wzuyp8ISEkPlGczhjji2riwCivFc0SuGrjFfpoBOWi3-v_4EumPH6i92_FKHV7kvkOP7uWrRU-EZj1V_gSVbw&data=UlNrNmk5WktYejR0eWJFYk1LdmtxbHA1UUJqakFhcUFuWTRrZUhsaDVHZnRWMktJSVJaWnc5N2c5czVmRE1yNVBBVUhKenNqU1RJV3M0WE1hTXZYNVNZRmdmYnN5N3dsTm5aLTFTbVZBWWtGMnBlZUQ5eklFZw&b64e=2&sign=d248c95b6f0f25287eb34d78174aaf29&keyno=0&l10n=ru&cts=1447776951170&mc=7.4335650916
I, [2015-11-17T19:26:55.742539 #2407]  INFO -- : Filter chain halted as :set_locale rendered or redirected
I, [2015-11-17T19:26:55.742793 #2407]  INFO -- : Completed 302 Found in 2ms (ActiveRecord: 0.0ms)
I, [2015-11-17T19:26:56.397929 #2410]  INFO -- : Started GET "/?locale=ru" for 95.220.8.115 at 2015-11-17 19:26:56 +0300
I, [2015-11-17T19:26:56.400720 #2410]  INFO -- : Processing by ProjectsController#index as HTML
I, [2015-11-17T19:26:56.400869 #2410]  INFO -- :   Parameters: {"locale"=>"ru"}
I, [2015-11-17T19:26:56.402584 #2410]  INFO -- : Redirected to http://yandex.ru/clck/jsredir?from=yandex.ru%3Bsearch%3Bweb%3B%3B&text=&etext=875.IfErz-l9uvuAtgp5VAQ6yp3qPtAI64PrCHsPvX3pae5b5zrmV8SreZnfoWNddQhGODk-_nBtOemXW-T7Gvu_jeIGnYW00TxAIb4bQCslhzksl5hRTUHleSEVR99HrRvs7HC8WyQgJOhBbENmEWUElQ.f891d3e7c55ceed0cc622b31c48ab56fdde8c48a&uuid=&state=AiuY0DBWFJ4ePaEse6rgeAjgs2pI3DW9J0KiE5XNXd0dp0ZMwFHoviUoYa6nzP7MFsomsouu4qcipk7koneD4sNdOgUcCH3jT-RYh-SsqZj15dTyvbSdfLW1A7U8mpMi_Wzuyp8ISEkPlGczhjji2riwCivFc0SuGrjFfpoBOWi3-v_4EumPH6i92_FKHV7kvkOP7uWrRU-EZj1V_gSVbw&data=UlNrNmk5WktYejR0eWJFYk1LdmtxbHA1UUJqakFhcUFuWTRrZUhsaDVHZnRWMktJSVJaWnc5N2c5czVmRE1yNVBBVUhKenNqU1RJV3M0WE1hTXZYNVNZRmdmYnN5N3dsTm5aLTFTbVZBWWtGMnBlZUQ5eklFZw&b64e=2&sign=d248c95b6f0f25287eb34d78174aaf29&keyno=0&l10n=ru&cts=1447776951170&mc=7.4335650916
I, [2015-11-17T19:26:56.402906 #2410]  INFO -- : Filter chain halted as :set_locale rendered or redirected
I, [2015-11-17T19:26:56.403243 #2410]  INFO -- : Completed 302 Found in 2ms (ActiveRecord: 0.0ms)
I, [2015-11-17T19:26:56.819937 #2413]  INFO -- : Started GET "/?locale=ru" for 95.220.8.115 at 2015-11-17 19:26:56 +0300
I, [2015-11-17T19:26:56.824308 #2413]  INFO -- : Processing by ProjectsController#index as HTML
I, [2015-11-17T19:26:56.825866 #2413]  INFO -- :   Parameters: {"locale"=>"ru"}
I, [2015-11-17T19:26:56.828238 #2413]  INFO -- : Redirected to http://yandex.ru/clck/jsredir?from=yandex.ru%3Bsearch%3Bweb%3B%3B&text=&etext=875.IfErz-l9uvuAtgp5VAQ6yp3qPtAI64PrCHsPvX3pae5b5zrmV8SreZnfoWNddQhGODk-_nBtOemXW-T7Gvu_jeIGnYW00TxAIb4bQCslhzksl5hRTUHleSEVR99HrRvs7HC8WyQgJOhBbENmEWUElQ.f891d3e7c55ceed0cc622b31c48ab56fdde8c48a&uuid=&state=AiuY0DBWFJ4ePaEse6rgeAjgs2pI3DW9J0KiE5XNXd0dp0ZMwFHoviUoYa6nzP7MFsomsouu4qcipk7koneD4sNdOgUcCH3jT-RYh-SsqZj15dTyvbSdfLW1A7U8mpMi_Wzuyp8ISEkPlGczhjji2riwCivFc0SuGrjFfpoBOWi3-v_4EumPH6i92_FKHV7kvkOP7uWrRU-EZj1V_gSVbw&data=UlNrNmk5WktYejR0eWJFYk1LdmtxbHA1UUJqakFhcUFuWTRrZUhsaDVHZnRWMktJSVJaWnc5N2c5czVmRE1yNVBBVUhKenNqU1RJV3M0WE1hTXZYNVNZRmdmYnN5N3dsTm5aLTFTbVZBWWtGMnBlZUQ5eklFZw&b64e=2&sign=d248c95b6f0f25287eb34d78174aaf29&keyno=0&l10n=ru&cts=1447776951170&mc=7.4335650916
I, [2015-11-17T19:26:56.828539 #2413]  INFO -- : Filter chain halted as :set_locale rendered or redirected
I, [2015-11-17T19:26:56.828862 #2413]  INFO -- : Completed 302 Found in 3ms (ActiveRecord: 0.0ms)
I, [2015-11-17T19:26:57.277053 #2413]  INFO -- : Started GET "/?locale=ru" for 95.220.8.115 at 2015-11-17 19:26:57 +0300
I, [2015-11-17T19:26:57.278769 #2413]  INFO -- : Processing by ProjectsController#index as HTML
I, [2015-11-17T19:26:57.278891 #2413]  INFO -- :   Parameters: {"locale"=>"ru"}
I, [2015-11-17T19:26:57.280050 #2413]  INFO -- : Redirected to http://yandex.ru/clck/jsredir?from=yandex.ru%3Bsearch%3Bweb%3B%3B&text=&etext=875.IfErz-l9uvuAtgp5VAQ6yp3qPtAI64PrCHsPvX3pae5b5zrmV8SreZnfoWNddQhGODk-_nBtOemXW-T7Gvu_jeIGnYW00TxAIb4bQCslhzksl5hRTUHleSEVR99HrRvs7HC8WyQgJOhBbENmEWUElQ.f891d3e7c55ceed0cc622b31c48ab56fdde8c48a&uuid=&state=AiuY0DBWFJ4ePaEse6rgeAjgs2pI3DW9J0KiE5XNXd0dp0ZMwFHoviUoYa6nzP7MFsomsouu4qcipk7koneD4sNdOgUcCH3jT-RYh-SsqZj15dTyvbSdfLW1A7U8mpMi_Wzuyp8ISEkPlGczhjji2riwCivFc0SuGrjFfpoBOWi3-v_4EumPH6i92_FKHV7kvkOP7uWrRU-EZj1V_gSVbw&data=UlNrNmk5WktYejR0eWJFYk1LdmtxbHA1UUJqakFhcUFuWTRrZUhsaDVHZnRWMktJSVJaWnc5N2c5czVmRE1yNVBBVUhKenNqU1RJV3M0WE1hTXZYNVNZRmdmYnN5N3dsTm5aLTFTbVZBWWtGMnBlZUQ5eklFZw&b64e=2&sign=d248c95b6f0f25287eb34d78174aaf29&keyno=0&l10n=ru&cts=1447776951170&mc=7.4335650916
I, [2015-11-17T19:26:57.280278 #2413]  INFO -- : Filter chain halted as :set_locale rendered or redirected
I, [2015-11-17T19:26:57.280526 #2413]  INFO -- : Completed 302 Found in 1ms (ActiveRecord: 0.0ms)
I, [2015-11-17T19:26:57.707539 #2410]  INFO -- : Started GET "/?locale=ru" for 95.220.8.115 at 2015-11-17 19:26:57 +0300
I, [2015-11-17T19:26:57.709452 #2410]  INFO -- : Processing by ProjectsController#index as HTML
I, [2015-11-17T19:26:57.709662 #2410]  INFO -- :   Parameters: {"locale"=>"ru"}
I, [2015-11-17T19:26:57.710894 #2410]  INFO -- : Redirected to http://yandex.ru/clck/jsredir?from=yandex.ru%3Bsearch%3Bweb%3B%3B&text=&etext=875.IfErz-l9uvuAtgp5VAQ6yp3qPtAI64PrCHsPvX3pae5b5zrmV8SreZnfoWNddQhGODk-_nBtOemXW-T7Gvu_jeIGnYW00TxAIb4bQCslhzksl5hRTUHleSEVR99HrRvs7HC8WyQgJOhBbENmEWUElQ.f891d3e7c55ceed0cc622b31c48ab56fdde8c48a&uuid=&state=AiuY0DBWFJ4ePaEse6rgeAjgs2pI3DW9J0KiE5XNXd0dp0ZMwFHoviUoYa6nzP7MFsomsouu4qcipk7koneD4sNdOgUcCH3jT-RYh-SsqZj15dTyvbSdfLW1A7U8mpMi_Wzuyp8ISEkPlGczhjji2riwCivFc0SuGrjFfpoBOWi3-v_4EumPH6i92_FKHV7kvkOP7uWrRU-EZj1V_gSVbw&data=UlNrNmk5WktYejR0eWJFYk1LdmtxbHA1UUJqakFhcUFuWTRrZUhsaDVHZnRWMktJSVJaWnc5N2c5czVmRE1yNVBBVUhKenNqU1RJV3M0WE1hTXZYNVNZRmdmYnN5N3dsTm5aLTFTbVZBWWtGMnBlZUQ5eklFZw&b64e=2&sign=d248c95b6f0f25287eb34d78174aaf29&keyno=0&l10n=ru&cts=1447776951170&mc=7.4335650916
I, [2015-11-17T19:26:57.711148 #2410]  INFO -- : Filter chain halted as :set_locale rendered or redirected
I, [2015-11-17T19:26:57.711422 #2410]  INFO -- : Completed 302 Found in 2ms (ActiveRecord: 0.0ms)
I, [2015-11-17T19:26:58.151812 #2410]  INFO -- : Started GET "/?locale=ru" for 95.220.8.115 at 2015-11-17 19:26:58 +0300
I, [2015-11-17T19:26:58.153746 #2410]  INFO -- : Processing by ProjectsController#index as HTML
I, [2015-11-17T19:26:58.153874 #2410]  INFO -- :   Parameters: {"locale"=>"ru"}
I, [2015-11-17T19:26:58.154957 #2410]  INFO -- : Redirected to http://yandex.ru/clck/jsredir?from=yandex.ru%3Bsearch%3Bweb%3B%3B&text=&etext=875.IfErz-l9uvuAtgp5VAQ6yp3qPtAI64PrCHsPvX3pae5b5zrmV8SreZnfoWNddQhGODk-_nBtOemXW-T7Gvu_jeIGnYW00TxAIb4bQCslhzksl5hRTUHleSEVR99HrRvs7HC8WyQgJOhBbENmEWUElQ.f891d3e7c55ceed0cc622b31c48ab56fdde8c48a&uuid=&state=AiuY0DBWFJ4ePaEse6rgeAjgs2pI3DW9J0KiE5XNXd0dp0ZMwFHoviUoYa6nzP7MFsomsouu4qcipk7koneD4sNdOgUcCH3jT-RYh-SsqZj15dTyvbSdfLW1A7U8mpMi_Wzuyp8ISEkPlGczhjji2riwCivFc0SuGrjFfpoBOWi3-v_4EumPH6i92_FKHV7kvkOP7uWrRU-EZj1V_gSVbw&data=UlNrNmk5WktYejR0eWJFYk1LdmtxbHA1UUJqakFhcUFuWTRrZUhsaDVHZnRWMktJSVJaWnc5N2c5czVmRE1yNVBBVUhKenNqU1RJV3M0WE1hTXZYNVNZRmdmYnN5N3dsTm5aLTFTbVZBWWtGMnBlZUQ5eklFZw&b64e=2&sign=d248c95b6f0f25287eb34d78174aaf29&keyno=0&l10n=ru&cts=1447776951170&mc=7.4335650916
I, [2015-11-17T19:26:58.155134 #2410]  INFO -- : Filter chain halted as :set_locale rendered or redirected
I, [2015-11-17T19:26:58.155376 #2410]  INFO -- : Completed 302 Found in 1ms (ActiveRecord: 0.0ms)
I, [2015-11-17T19:26:58.769449 #2413]  INFO -- : Started GET "/?locale=ru" for 95.220.8.115 at 2015-11-17 19:26:58 +0300
I, [2015-11-17T19:26:58.772354 #2413]  INFO -- : Processing by ProjectsController#index as HTML
I, [2015-11-17T19:26:58.772506 #2413]  INFO -- :   Parameters: {"locale"=>"ru"}
I, [2015-11-17T19:26:58.777999 #2413]  INFO -- : Redirected to http://yandex.ru/clck/jsredir?from=yandex.ru%3Bsearch%3Bweb%3B%3B&text=&etext=875.IfErz-l9uvuAtgp5VAQ6yp3qPtAI64PrCHsPvX3pae5b5zrmV8SreZnfoWNddQhGODk-_nBtOemXW-T7Gvu_jeIGnYW00TxAIb4bQCslhzksl5hRTUHleSEVR99HrRvs7HC8WyQgJOhBbENmEWUElQ.f891d3e7c55ceed0cc622b31c48ab56fdde8c48a&uuid=&state=AiuY0DBWFJ4ePaEse6rgeAjgs2pI3DW9J0KiE5XNXd0dp0ZMwFHoviUoYa6nzP7MFsomsouu4qcipk7koneD4sNdOgUcCH3jT-RYh-SsqZj15dTyvbSdfLW1A7U8mpMi_Wzuyp8ISEkPlGczhjji2riwCivFc0SuGrjFfpoBOWi3-v_4EumPH6i92_FKHV7kvkOP7uWrRU-EZj1V_gSVbw&data=UlNrNmk5WktYejR0eWJFYk1LdmtxbHA1UUJqakFhcUFuWTRrZUhsaDVHZnRWMktJSVJaWnc5N2c5czVmRE1yNVBBVUhKenNqU1RJV3M0WE1hTXZYNVNZRmdmYnN5N3dsTm5aLTFTbVZBWWtGMnBlZUQ5eklFZw&b64e=2&sign=d248c95b6f0f25287eb34d78174aaf29&keyno=0&l10n=ru&cts=1447776951170&mc=7.4335650916
I, [2015-11-17T19:26:58.778250 #2413]  INFO -- : Filter chain halted as :set_locale rendered or redirected
I, [2015-11-17T19:26:58.778567 #2413]  INFO -- : Completed 302 Found in 6ms (ActiveRecord: 0.0ms)
I, [2015-11-17T19:26:59.189838 #2413]  INFO -- : Started GET "/?locale=ru" for 95.220.8.115 at 2015-11-17 19:26:59 +0300
I, [2015-11-17T19:26:59.191891 #2413]  INFO -- : Processing by ProjectsController#index as HTML
I, [2015-11-17T19:26:59.192015 #2413]  INFO -- :   Parameters: {"locale"=>"ru"}
I, [2015-11-17T19:26:59.193303 #2413]  INFO -- : Redirected to http://yandex.ru/clck/jsredir?from=yandex.ru%3Bsearch%3Bweb%3B%3B&text=&etext=875.IfErz-l9uvuAtgp5VAQ6yp3qPtAI64PrCHsPvX3pae5b5zrmV8SreZnfoWNddQhGODk-_nBtOemXW-T7Gvu_jeIGnYW00TxAIb4bQCslhzksl5hRTUHleSEVR99HrRvs7HC8WyQgJOhBbENmEWUElQ.f891d3e7c55ceed0cc622b31c48ab56fdde8c48a&uuid=&state=AiuY0DBWFJ4ePaEse6rgeAjgs2pI3DW9J0KiE5XNXd0dp0ZMwFHoviUoYa6nzP7MFsomsouu4qcipk7koneD4sNdOgUcCH3jT-RYh-SsqZj15dTyvbSdfLW1A7U8mpMi_Wzuyp8ISEkPlGczhjji2riwCivFc0SuGrjFfpoBOWi3-v_4EumPH6i92_FKHV7kvkOP7uWrRU-EZj1V_gSVbw&data=UlNrNmk5WktYejR0eWJFYk1LdmtxbHA1UUJqakFhcUFuWTRrZUhsaDVHZnRWMktJSVJaWnc5N2c5czVmRE1yNVBBVUhKenNqU1RJV3M0WE1hTXZYNVNZRmdmYnN5N3dsTm5aLTFTbVZBWWtGMnBlZUQ5eklFZw&b64e=2&sign=d248c95b6f0f25287eb34d78174aaf29&keyno=0&l10n=ru&cts=1447776951170&mc=7.4335650916
I, [2015-11-17T19:26:59.193487 #2413]  INFO -- : Filter chain halted as :set_locale rendered or redirected
I, [2015-11-17T19:26:59.193864 #2413]  INFO -- : Completed 302 Found in 2ms (ActiveRecord: 0.0ms)
I, [2015-11-17T19:26:59.599171 #2407]  INFO -- : Started GET "/?locale=ru" for 95.220.8.115 at 2015-11-17 19:26:59 +0300
I, [2015-11-17T19:26:59.601060 #2407]  INFO -- : Processing by ProjectsController#index as HTML
I, [2015-11-17T19:26:59.601183 #2407]  INFO -- :   Parameters: {"locale"=>"ru"}
I, [2015-11-17T19:26:59.602431 #2407]  INFO -- : Redirected to http://yandex.ru/clck/jsredir?from=yandex.ru%3Bsearch%3Bweb%3B%3B&text=&etext=875.IfErz-l9uvuAtgp5VAQ6yp3qPtAI64PrCHsPvX3pae5b5zrmV8SreZnfoWNddQhGODk-_nBtOemXW-T7Gvu_jeIGnYW00TxAIb4bQCslhzksl5hRTUHleSEVR99HrRvs7HC8WyQgJOhBbENmEWUElQ.f891d3e7c55ceed0cc622b31c48ab56fdde8c48a&uuid=&state=AiuY0DBWFJ4ePaEse6rgeAjgs2pI3DW9J0KiE5XNXd0dp0ZMwFHoviUoYa6nzP7MFsomsouu4qcipk7koneD4sNdOgUcCH3jT-RYh-SsqZj15dTyvbSdfLW1A7U8mpMi_Wzuyp8ISEkPlGczhjji2riwCivFc0SuGrjFfpoBOWi3-v_4EumPH6i92_FKHV7kvkOP7uWrRU-EZj1V_gSVbw&data=UlNrNmk5WktYejR0eWJFYk1LdmtxbHA1UUJqakFhcUFuWTRrZUhsaDVHZnRWMktJSVJaWnc5N2c5czVmRE1yNVBBVUhKenNqU1RJV3M0WE1hTXZYNVNZRmdmYnN5N3dsTm5aLTFTbVZBWWtGMnBlZUQ5eklFZw&b64e=2&sign=d248c95b6f0f25287eb34d78174aaf29&keyno=0&l10n=ru&cts=1447776951170&mc=7.4335650916
I, [2015-11-17T19:26:59.602621 #2407]  INFO -- : Filter chain halted as :set_locale rendered or redirected
I, [2015-11-17T19:26:59.602873 #2407]  INFO -- : Completed 302 Found in 1ms (ActiveRecord: 0.0ms)
I, [2015-11-17T19:27:00.078689 #2410]  INFO -- : Started GET "/?locale=ru" for 95.220.8.115 at 2015-11-17 19:27:00 +0300
I, [2015-11-17T19:27:00.080556 #2410]  INFO -- : Processing by ProjectsController#index as HTML
I, [2015-11-17T19:27:00.080721 #2410]  INFO -- :   Parameters: {"locale"=>"ru"}
I, [2015-11-17T19:27:00.169873 #2410]  INFO -- : Redirected to http://yandex.ru/clck/jsredir?from=yandex.ru%3Bsearch%3Bweb%3B%3B&text=&etext=875.IfErz-l9uvuAtgp5VAQ6yp3qPtAI64PrCHsPvX3pae5b5zrmV8SreZnfoWNddQhGODk-_nBtOemXW-T7Gvu_jeIGnYW00TxAIb4bQCslhzksl5hRTUHleSEVR99HrRvs7HC8WyQgJOhBbENmEWUElQ.f891d3e7c55ceed0cc622b31c48ab56fdde8c48a&uuid=&state=AiuY0DBWFJ4ePaEse6rgeAjgs2pI3DW9J0KiE5XNXd0dp0ZMwFHoviUoYa6nzP7MFsomsouu4qcipk7koneD4sNdOgUcCH3jT-RYh-SsqZj15dTyvbSdfLW1A7U8mpMi_Wzuyp8ISEkPlGczhjji2riwCivFc0SuGrjFfpoBOWi3-v_4EumPH6i92_FKHV7kvkOP7uWrRU-EZj1V_gSVbw&data=UlNrNmk5WktYejR0eWJFYk1LdmtxbHA1UUJqakFhcUFuWTRrZUhsaDVHZnRWMktJSVJaWnc5N2c5czVmRE1yNVBBVUhKenNqU1RJV3M0WE1hTXZYNVNZRmdmYnN5N3dsTm5aLTFTbVZBWWtGMnBlZUQ5eklFZw&b64e=2&sign=d248c95b6f0f25287eb34d78174aaf29&keyno=0&l10n=ru&cts=1447776951170&mc=7.4335650916
I, [2015-11-17T19:27:00.170381 #2410]  INFO -- : Filter chain halted as :set_locale rendered or redirected
I, [2015-11-17T19:27:00.170925 #2410]  INFO -- : Completed 302 Found in 90ms (ActiveRecord: 0.0ms)
I, [2015-11-17T19:27:00.651519 #2404]  INFO -- : Started GET "/?locale=ru" for 95.220.8.115 at 2015-11-17 19:27:00 +0300
I, [2015-11-17T19:27:00.653620 #2404]  INFO -- : Processing by ProjectsController#index as HTML
I, [2015-11-17T19:27:00.653755 #2404]  INFO -- :   Parameters: {"locale"=>"ru"}
I, [2015-11-17T19:27:00.654914 #2404]  INFO -- : Redirected to http://yandex.ru/clck/jsredir?from=yandex.ru%3Bsearch%3Bweb%3B%3B&text=&etext=875.IfErz-l9uvuAtgp5VAQ6yp3qPtAI64PrCHsPvX3pae5b5zrmV8SreZnfoWNddQhGODk-_nBtOemXW-T7Gvu_jeIGnYW00TxAIb4bQCslhzksl5hRTUHleSEVR99HrRvs7HC8WyQgJOhBbENmEWUElQ.f891d3e7c55ceed0cc622b31c48ab56fdde8c48a&uuid=&state=AiuY0DBWFJ4ePaEse6rgeAjgs2pI3DW9J0KiE5XNXd0dp0ZMwFHoviUoYa6nzP7MFsomsouu4qcipk7koneD4sNdOgUcCH3jT-RYh-SsqZj15dTyvbSdfLW1A7U8mpMi_Wzuyp8ISEkPlGczhjji2riwCivFc0SuGrjFfpoBOWi3-v_4EumPH6i92_FKHV7kvkOP7uWrRU-EZj1V_gSVbw&data=UlNrNmk5WktYejR0eWJFYk1LdmtxbHA1UUJqakFhcUFuWTRrZUhsaDVHZnRWMktJSVJaWnc5N2c5czVmRE1yNVBBVUhKenNqU1RJV3M0WE1hTXZYNVNZRmdmYnN5N3dsTm5aLTFTbVZBWWtGMnBlZUQ5eklFZw&b64e=2&sign=d248c95b6f0f25287eb34d78174aaf29&keyno=0&l10n=ru&cts=1447776951170&mc=7.4335650916
I, [2015-11-17T19:27:00.655103 #2404]  INFO -- : Filter chain halted as :set_locale rendered or redirected
I, [2015-11-17T19:27:00.655359 #2404]  INFO -- : Completed 302 Found in 1ms (ActiveRecord: 0.0ms)
I, [2015-11-17T19:27:01.073799 #2410]  INFO -- : Started GET "/?locale=ru" for 95.220.8.115 at 2015-11-17 19:27:01 +0300
I, [2015-11-17T19:27:01.076428 #2410]  INFO -- : Processing by ProjectsController#index as HTML
I, [2015-11-17T19:27:01.076564 #2410]  INFO -- :   Parameters: {"locale"=>"ru"}
I, [2015-11-17T19:27:01.077882 #2410]  INFO -- : Redirected to http://yandex.ru/clck/jsredir?from=yandex.ru%3Bsearch%3Bweb%3B%3B&text=&etext=875.IfErz-l9uvuAtgp5VAQ6yp3qPtAI64PrCHsPvX3pae5b5zrmV8SreZnfoWNddQhGODk-_nBtOemXW-T7Gvu_jeIGnYW00TxAIb4bQCslhzksl5hRTUHleSEVR99HrRvs7HC8WyQgJOhBbENmEWUElQ.f891d3e7c55ceed0cc622b31c48ab56fdde8c48a&uuid=&state=AiuY0DBWFJ4ePaEse6rgeAjgs2pI3DW9J0KiE5XNXd0dp0ZMwFHoviUoYa6nzP7MFsomsouu4qcipk7koneD4sNdOgUcCH3jT-RYh-SsqZj15dTyvbSdfLW1A7U8mpMi_Wzuyp8ISEkPlGczhjji2riwCivFc0SuGrjFfpoBOWi3-v_4EumPH6i92_FKHV7kvkOP7uWrRU-EZj1V_gSVbw&data=UlNrNmk5WktYejR0eWJFYk1LdmtxbHA1UUJqakFhcUFuWTRrZUhsaDVHZnRWMktJSVJaWnc5N2c5czVmRE1yNVBBVUhKenNqU1RJV3M0WE1hTXZYNVNZRmdmYnN5N3dsTm5aLTFTbVZBWWtGMnBlZUQ5eklFZw&b64e=2&sign=d248c95b6f0f25287eb34d78174aaf29&keyno=0&l10n=ru&cts=1447776951170&mc=7.4335650916
I, [2015-11-17T19:27:01.078080 #2410]  INFO -- : Filter chain halted as :set_locale rendered or redirected
I, [2015-11-17T19:27:01.078350 #2410]  INFO -- : Completed 302 Found in 2ms (ActiveRecord: 0.0ms)
I, [2015-11-17T19:27:01.445478 #2407]  INFO -- : Started GET "/?locale=ru" for 95.220.8.115 at 2015-11-17 19:27:01 +0300
I, [2015-11-17T19:27:01.447476 #2407]  INFO -- : Processing by ProjectsController#index as HTML
I, [2015-11-17T19:27:01.447601 #2407]  INFO -- :   Parameters: {"locale"=>"ru"}
I, [2015-11-17T19:27:01.448844 #2407]  INFO -- : Redirected to http://yandex.ru/clck/jsredir?from=yandex.ru%3Bsearch%3Bweb%3B%3B&text=&etext=875.IfErz-l9uvuAtgp5VAQ6yp3qPtAI64PrCHsPvX3pae5b5zrmV8SreZnfoWNddQhGODk-_nBtOemXW-T7Gvu_jeIGnYW00TxAIb4bQCslhzksl5hRTUHleSEVR99HrRvs7HC8WyQgJOhBbENmEWUElQ.f891d3e7c55ceed0cc622b31c48ab56fdde8c48a&uuid=&state=AiuY0DBWFJ4ePaEse6rgeAjgs2pI3DW9J0KiE5XNXd0dp0ZMwFHoviUoYa6nzP7MFsomsouu4qcipk7koneD4sNdOgUcCH3jT-RYh-SsqZj15dTyvbSdfLW1A7U8mpMi_Wzuyp8ISEkPlGczhjji2riwCivFc0SuGrjFfpoBOWi3-v_4EumPH6i92_FKHV7kvkOP7uWrRU-EZj1V_gSVbw&data=UlNrNmk5WktYejR0eWJFYk1LdmtxbHA1UUJqakFhcUFuWTRrZUhsaDVHZnRWMktJSVJaWnc5N2c5czVmRE1yNVBBVUhKenNqU1RJV3M0WE1hTXZYNVNZRmdmYnN5N3dsTm5aLTFTbVZBWWtGMnBlZUQ5eklFZw&b64e=2&sign=d248c95b6f0f25287eb34d78174aaf29&keyno=0&l10n=ru&cts=1447776951170&mc=7.4335650916
I, [2015-11-17T19:27:01.449071 #2407]  INFO -- : Filter chain halted as :set_locale rendered or redirected
I, [2015-11-17T19:27:01.449361 #2407]  INFO -- : Completed 302 Found in 2ms (ActiveRecord: 0.0ms)
I, [2015-11-17T19:27:01.941060 #2407]  INFO -- : Started GET "/?locale=ru" for 95.220.8.115 at 2015-11-17 19:27:01 +0300
I, [2015-11-17T19:27:01.943144 #2407]  INFO -- : Processing by ProjectsController#index as HTML
I, [2015-11-17T19:27:01.943291 #2407]  INFO -- :   Parameters: {"locale"=>"ru"}
I, [2015-11-17T19:27:01.944534 #2407]  INFO -- : Redirected to http://yandex.ru/clck/jsredir?from=yandex.ru%3Bsearch%3Bweb%3B%3B&text=&etext=875.IfErz-l9uvuAtgp5VAQ6yp3qPtAI64PrCHsPvX3pae5b5zrmV8SreZnfoWNddQhGODk-_nBtOemXW-T7Gvu_jeIGnYW00TxAIb4bQCslhzksl5hRTUHleSEVR99HrRvs7HC8WyQgJOhBbENmEWUElQ.f891d3e7c55ceed0cc622b31c48ab56fdde8c48a&uuid=&state=AiuY0DBWFJ4ePaEse6rgeAjgs2pI3DW9J0KiE5XNXd0dp0ZMwFHoviUoYa6nzP7MFsomsouu4qcipk7koneD4sNdOgUcCH3jT-RYh-SsqZj15dTyvbSdfLW1A7U8mpMi_Wzuyp8ISEkPlGczhjji2riwCivFc0SuGrjFfpoBOWi3-v_4EumPH6i92_FKHV7kvkOP7uWrRU-EZj1V_gSVbw&data=UlNrNmk5WktYejR0eWJFYk1LdmtxbHA1UUJqakFhcUFuWTRrZUhsaDVHZnRWMktJSVJaWnc5N2c5czVmRE1yNVBBVUhKenNqU1RJV3M0WE1hTXZYNVNZRmdmYnN5N3dsTm5aLTFTbVZBWWtGMnBlZUQ5eklFZw&b64e=2&sign=d248c95b6f0f25287eb34d78174aaf29&keyno=0&l10n=ru&cts=1447776951170&mc=7.4335650916
I, [2015-11-17T19:27:01.944773 #2407]  INFO -- : Filter chain halted as :set_locale rendered or redirected
I, [2015-11-17T19:27:01.945037 #2407]  INFO -- : Completed 302 Found in 2ms (ActiveRecord: 0.0ms)
I, [2015-11-17T19:27:02.403681 #2404]  INFO -- : Started GET "/?locale=ru" for 95.220.8.115 at 2015-11-17 19:27:02 +0300
I, [2015-11-17T19:27:02.405747 #2404]  INFO -- : Processing by ProjectsController#index as HTML
I, [2015-11-17T19:27:02.405879 #2404]  INFO -- :   Parameters: {"locale"=>"ru"}
I, [2015-11-17T19:27:02.407038 #2404]  INFO -- : Redirected to http://yandex.ru/clck/jsredir?from=yandex.ru%3Bsearch%3Bweb%3B%3B&text=&etext=875.IfErz-l9uvuAtgp5VAQ6yp3qPtAI64PrCHsPvX3pae5b5zrmV8SreZnfoWNddQhGODk-_nBtOemXW-T7Gvu_jeIGnYW00TxAIb4bQCslhzksl5hRTUHleSEVR99HrRvs7HC8WyQgJOhBbENmEWUElQ.f891d3e7c55ceed0cc622b31c48ab56fdde8c48a&uuid=&state=AiuY0DBWFJ4ePaEse6rgeAjgs2pI3DW9J0KiE5XNXd0dp0ZMwFHoviUoYa6nzP7MFsomsouu4qcipk7koneD4sNdOgUcCH3jT-RYh-SsqZj15dTyvbSdfLW1A7U8mpMi_Wzuyp8ISEkPlGczhjji2riwCivFc0SuGrjFfpoBOWi3-v_4EumPH6i92_FKHV7kvkOP7uWrRU-EZj1V_gSVbw&data=UlNrNmk5WktYejR0eWJFYk1LdmtxbHA1UUJqakFhcUFuWTRrZUhsaDVHZnRWMktJSVJaWnc5N2c5czVmRE1yNVBBVUhKenNqU1RJV3M0WE1hTXZYNVNZRmdmYnN5N3dsTm5aLTFTbVZBWWtGMnBlZUQ5eklFZw&b64e=2&sign=d248c95b6f0f25287eb34d78174aaf29&keyno=0&l10n=ru&cts=1447776951170&mc=7.4335650916
I, [2015-11-17T19:27:02.407464 #2404]  INFO -- : Filter chain halted as :set_locale rendered or redirected
I, [2015-11-17T19:27:02.407777 #2404]  INFO -- : Completed 302 Found in 2ms (ActiveRecord: 0.0ms)
I, [2015-11-17T19:27:02.798653 #2404]  INFO -- : Started GET "/?locale=ru" for 95.220.8.115 at 2015-11-17 19:27:02 +0300
I, [2015-11-17T19:27:02.800554 #2404]  INFO -- : Processing by ProjectsController#index as HTML
I, [2015-11-17T19:27:02.800681 #2404]  INFO -- :   Parameters: {"locale"=>"ru"}
I, [2015-11-17T19:27:02.801815 #2404]  INFO -- : Redirected to http://yandex.ru/clck/jsredir?from=yandex.ru%3Bsearch%3Bweb%3B%3B&text=&etext=875.IfErz-l9uvuAtgp5VAQ6yp3qPtAI64PrCHsPvX3pae5b5zrmV8SreZnfoWNddQhGODk-_nBtOemXW-T7Gvu_jeIGnYW00TxAIb4bQCslhzksl5hRTUHleSEVR99HrRvs7HC8WyQgJOhBbENmEWUElQ.f891d3e7c55ceed0cc622b31c48ab56fdde8c48a&uuid=&state=AiuY0DBWFJ4ePaEse6rgeAjgs2pI3DW9J0KiE5XNXd0dp0ZMwFHoviUoYa6nzP7MFsomsouu4qcipk7koneD4sNdOgUcCH3jT-RYh-SsqZj15dTyvbSdfLW1A7U8mpMi_Wzuyp8ISEkPlGczhjji2riwCivFc0SuGrjFfpoBOWi3-v_4EumPH6i92_FKHV7kvkOP7uWrRU-EZj1V_gSVbw&data=UlNrNmk5WktYejR0eWJFYk1LdmtxbHA1UUJqakFhcUFuWTRrZUhsaDVHZnRWMktJSVJaWnc5N2c5czVmRE1yNVBBVUhKenNqU1RJV3M0WE1hTXZYNVNZRmdmYnN5N3dsTm5aLTFTbVZBWWtGMnBlZUQ5eklFZw&b64e=2&sign=d248c95b6f0f25287eb34d78174aaf29&keyno=0&l10n=ru&cts=1447776951170&mc=7.4335650916
I, [2015-11-17T19:27:02.802044 #2404]  INFO -- : Filter chain halted as :set_locale rendered or redirected
I, [2015-11-17T19:27:02.802297 #2404]  INFO -- : Completed 302 Found in 1ms (ActiveRecord: 0.0ms)
I, [2015-11-17T19:27:03.219712 #2410]  INFO -- : Started GET "/?locale=ru" for 95.220.8.115 at 2015-11-17 19:27:03 +0300
I, [2015-11-17T19:27:03.221727 #2410]  INFO -- : Processing by ProjectsController#index as HTML
I, [2015-11-17T19:27:03.221860 #2410]  INFO -- :   Parameters: {"locale"=>"ru"}
I, [2015-11-17T19:27:03.223000 #2410]  INFO -- : Redirected to http://yandex.ru/clck/jsredir?from=yandex.ru%3Bsearch%3Bweb%3B%3B&text=&etext=875.IfErz-l9uvuAtgp5VAQ6yp3qPtAI64PrCHsPvX3pae5b5zrmV8SreZnfoWNddQhGODk-_nBtOemXW-T7Gvu_jeIGnYW00TxAIb4bQCslhzksl5hRTUHleSEVR99HrRvs7HC8WyQgJOhBbENmEWUElQ.f891d3e7c55ceed0cc622b31c48ab56fdde8c48a&uuid=&state=AiuY0DBWFJ4ePaEse6rgeAjgs2pI3DW9J0KiE5XNXd0dp0ZMwFHoviUoYa6nzP7MFsomsouu4qcipk7koneD4sNdOgUcCH3jT-RYh-SsqZj15dTyvbSdfLW1A7U8mpMi_Wzuyp8ISEkPlGczhjji2riwCivFc0SuGrjFfpoBOWi3-v_4EumPH6i92_FKHV7kvkOP7uWrRU-EZj1V_gSVbw&data=UlNrNmk5WktYejR0eWJFYk1LdmtxbHA1UUJqakFhcUFuWTRrZUhsaDVHZnRWMktJSVJaWnc5N2c5czVmRE1yNVBBVUhKenNqU1RJV3M0WE1hTXZYNVNZRmdmYnN5N3dsTm5aLTFTbVZBWWtGMnBlZUQ5eklFZw&b64e=2&sign=d248c95b6f0f25287eb34d78174aaf29&keyno=0&l10n=ru&cts=1447776951170&mc=7.4335650916
I, [2015-11-17T19:27:03.223186 #2410]  INFO -- : Filter chain halted as :set_locale rendered or redirected
I, [2015-11-17T19:27:03.223497 #2410]  INFO -- : Completed 302 Found in 1ms (ActiveRecord: 0.0ms)
I, [2015-11-17T19:27:03.673879 #2404]  INFO -- : Started GET "/?locale=ru" for 95.220.8.115 at 2015-11-17 19:27:03 +0300
I, [2015-11-17T19:27:03.675725 #2404]  INFO -- : Processing by ProjectsController#index as HTML
I, [2015-11-17T19:27:03.675853 #2404]  INFO -- :   Parameters: {"locale"=>"ru"}
I, [2015-11-17T19:27:03.677022 #2404]  INFO -- : Redirected to http://yandex.ru/clck/jsredir?from=yandex.ru%3Bsearch%3Bweb%3B%3B&text=&etext=875.IfErz-l9uvuAtgp5VAQ6yp3qPtAI64PrCHsPvX3pae5b5zrmV8SreZnfoWNddQhGODk-_nBtOemXW-T7Gvu_jeIGnYW00TxAIb4bQCslhzksl5hRTUHleSEVR99HrRvs7HC8WyQgJOhBbENmEWUElQ.f891d3e7c55ceed0cc622b31c48ab56fdde8c48a&uuid=&state=AiuY0DBWFJ4ePaEse6rgeAjgs2pI3DW9J0KiE5XNXd0dp0ZMwFHoviUoYa6nzP7MFsomsouu4qcipk7koneD4sNdOgUcCH3jT-RYh-SsqZj15dTyvbSdfLW1A7U8mpMi_Wzuyp8ISEkPlGczhjji2riwCivFc0SuGrjFfpoBOWi3-v_4EumPH6i92_FKHV7kvkOP7uWrRU-EZj1V_gSVbw&data=UlNrNmk5WktYejR0eWJFYk1LdmtxbHA1UUJqakFhcUFuWTRrZUhsaDVHZnRWMktJSVJaWnc5N2c5czVmRE1yNVBBVUhKenNqU1RJV3M0WE1hTXZYNVNZRmdmYnN5N3dsTm5aLTFTbVZBWWtGMnBlZUQ5eklFZw&b64e=2&sign=d248c95b6f0f25287eb34d78174aaf29&keyno=0&l10n=ru&cts=1447776951170&mc=7.4335650916
I, [2015-11-17T19:27:03.677205 #2404]  INFO -- : Filter chain halted as :set_locale rendered or redirected
I, [2015-11-17T19:27:03.677460 #2404]  INFO -- : Completed 302 Found in 1ms (ActiveRecord: 0.0ms)
I, [2015-11-17T19:27:04.186342 #2407]  INFO -- : Started GET "/?locale=ru" for 95.220.8.115 at 2015-11-17 19:27:04 +0300
I, [2015-11-17T19:27:04.188299 #2407]  INFO -- : Processing by ProjectsController#index as HTML
I, [2015-11-17T19:27:04.188427 #2407]  INFO -- :   Parameters: {"locale"=>"ru"}
